Component: ARM Compiler 5.06 update 5 (build 528) Tool: armlink [4d35e2]

==============================================================================

Section Cross References

    main.o(i.ADC_IRQHandler) refers to lpc1768_adc.o(.data) for ADC0_INT0
    main.o(i.SPI_IRQHandler) refers to spi_transfer_bme280.o(i.Spi_SetFlag) for Spi_SetFlag
    main.o(i.SPI_IRQHandler) refers to spi_transfer_bme280.o(i.Spi_SetStatus) for Spi_SetStatus
    main.o(i.TIMER0_IRQHandler) refers to main.o(.data) for T0_flag
    main.o(i.TIMER1_IRQHandler) refers to main.o(.data) for T_up
    main.o(i.UART2_IRQHandler) refers to lpc1768_uart.o(i.UART2_IRQHandler_F) for UART2_IRQHandler_F
    main.o(i.delay_function) refers to lpc1768_timer.o(i.Timer_setTime) for Timer_setTime
    main.o(i.delay_function) refers to lpc1768_timer.o(i.Timer_start) for Timer_start
    main.o(i.delay_function) refers to main.o(.data) for T0_flag
    main.o(i.main) refers to system_lpc17xx.o(i.SystemInit) for SystemInit
    main.o(i.main) refers to lpc1768_led.o(i.LED_init) for LED_init
    main.o(i.main) refers to lpc1768_spi.o(i.SPI_Init) for SPI_Init
    main.o(i.main) refers to lpc1768_timer.o(i.Timer_init) for Timer_init
    main.o(i.main) refers to lpc1768_uart.o(i.UART_Init) for UART_Init
    main.o(i.main) refers to lpc1768_adc.o(i.ADC_Init) for ADC_Init
    main.o(i.main) refers to main.o(i.__NVIC_EnableIRQ) for __NVIC_EnableIRQ
    main.o(i.main) refers to bme280.o(i.bme280_init) for bme280_init
    main.o(i.main) refers to main.o(i.set_sensor_normal_mode) for set_sensor_normal_mode
    main.o(i.main) refers to lpc1768_uart.o(i.UART_E_RBR_I) for UART_E_RBR_I
    main.o(i.main) refers to lpc1768_adc.o(i.ADC_E_I) for ADC_E_I
    main.o(i.main) refers to lpc1768_adc.o(i.ADC_StartConversion) for ADC_StartConversion
    main.o(i.main) refers to lpc1768_timer.o(i.Timer_start) for Timer_start
    main.o(i.main) refers to bme280.o(i.bme280_get_sensor_data) for bme280_get_sensor_data
    main.o(i.main) refers to lpc1768_led.o(i.LED_off) for LED_off
    main.o(i.main) refers to lpc1768_led.o(i.LED_on) for LED_on
    main.o(i.main) refers to lpc1768_adc.o(i.ADC_ReadData) for ADC_ReadData
    main.o(i.main) refers to lpc1768_uart.o(i.UART_tx) for UART_tx
    main.o(i.main) refers to lpc1768_uart.o(i.UART_rx) for UART_rx
    main.o(i.main) refers to spi_transfer_bme280.o(i.spi_read) for spi_read
    main.o(i.main) refers to spi_transfer_bme280.o(i.spi_write) for spi_write
    main.o(i.main) refers to main.o(i.delay_function) for delay_function
    main.o(i.main) refers to main.o(.data) for T_up
    main.o(i.main) refers to lpc1768_adc.o(.data) for ADC0_INT0
    main.o(i.set_sensor_normal_mode) refers to bme280.o(i.bme280_set_sensor_settings) for bme280_set_sensor_settings
    main.o(i.set_sensor_normal_mode) refers to bme280.o(i.bme280_set_sensor_mode) for bme280_set_sensor_mode
    bme280.o(i.bme280_compensate_data) refers to bme280.o(i.compensate_temperature) for compensate_temperature
    bme280.o(i.bme280_compensate_data) refers to bme280.o(i.compensate_pressure) for compensate_pressure
    bme280.o(i.bme280_compensate_data) refers to bme280.o(i.compensate_humidity) for compensate_humidity
    bme280.o(i.bme280_get_regs) refers to bme280.o(i.null_ptr_check) for null_ptr_check
    bme280.o(i.bme280_get_sensor_data) refers to bme280.o(i.null_ptr_check) for null_ptr_check
    bme280.o(i.bme280_get_sensor_data) refers to bme280.o(i.bme280_get_regs) for bme280_get_regs
    bme280.o(i.bme280_get_sensor_data) refers to bme280.o(i.bme280_parse_sensor_data) for bme280_parse_sensor_data
    bme280.o(i.bme280_get_sensor_data) refers to bme280.o(i.bme280_compensate_data) for bme280_compensate_data
    bme280.o(i.bme280_get_sensor_mode) refers to bme280.o(i.null_ptr_check) for null_ptr_check
    bme280.o(i.bme280_get_sensor_mode) refers to bme280.o(i.bme280_get_regs) for bme280_get_regs
    bme280.o(i.bme280_get_sensor_settings) refers to bme280.o(i.null_ptr_check) for null_ptr_check
    bme280.o(i.bme280_get_sensor_settings) refers to bme280.o(i.bme280_get_regs) for bme280_get_regs
    bme280.o(i.bme280_get_sensor_settings) refers to bme280.o(i.parse_device_settings) for parse_device_settings
    bme280.o(i.bme280_init) refers to bme280.o(i.null_ptr_check) for null_ptr_check
    bme280.o(i.bme280_init) refers to bme280.o(i.bme280_get_regs) for bme280_get_regs
    bme280.o(i.bme280_init) refers to bme280.o(i.bme280_soft_reset) for bme280_soft_reset
    bme280.o(i.bme280_init) refers to bme280.o(i.get_calib_data) for get_calib_data
    bme280.o(i.bme280_set_regs) refers to bme280.o(i.null_ptr_check) for null_ptr_check
    bme280.o(i.bme280_set_regs) refers to bme280.o(i.interleave_reg_addr) for interleave_reg_addr
    bme280.o(i.bme280_set_sensor_mode) refers to bme280.o(i.null_ptr_check) for null_ptr_check
    bme280.o(i.bme280_set_sensor_mode) refers to bme280.o(i.bme280_get_sensor_mode) for bme280_get_sensor_mode
[...]
    spi_transfer_bme280.o(i.Spi_GetStatus) refers to spi_transfer_bme280.o(.data) for transfer
    spi_transfer_bme280.o(i.Spi_SetFlag) refers to spi_transfer_bme280.o(.data) for transferFlag
    spi_transfer_bme280.o(i.Spi_SetStatus) refers to spi_transfer_bme280.o(.data) for transfer
    spi_transfer_bme280.o(i.save_read_data) refers to spi_transfer_bme280.o(i.Spi_ClearFlag) for Spi_ClearFlag
    spi_transfer_bme280.o(i.save_read_data) refers to lpc1768_spi.o(i.SPI_DisableInterrupt) for SPI_DisableInterrupt
    spi_transfer_bme280.o(i.save_read_data) refers to spi_transfer_bme280.o(.data) for transfer
    spi_transfer_bme280.o(i.send_data) refers to spi_transfer_bme280.o(i.Spi_ClearFlag) for Spi_ClearFlag
    spi_transfer_bme280.o(i.send_data) refers to lpc1768_spi.o(i.SPI_DisableInterrupt) for SPI_DisableInterrupt
    spi_transfer_bme280.o(i.send_data) refers to spi_transfer_bme280.o(.data) for transfer
    spi_transfer_bme280.o(i.spi_read) refers to lpc1768_gpio.o(i.GPIO_PinWrite) for GPIO_PinWrite
    spi_transfer_bme280.o(i.spi_read) refers to lpc1768_spi.o(i.SPI_EnableInterrupt) for SPI_EnableInterrupt
    spi_transfer_bme280.o(i.spi_read) refers to spi_transfer_bme280.o(i.save_read_data) for save_read_data
    spi_transfer_bme280.o(i.spi_read) refers to spi_transfer_bme280.o(.data) for transfer
    spi_transfer_bme280.o(i.spi_write) refers to lpc1768_gpio.o(i.GPIO_PinWrite) for GPIO_PinWrite
    spi_transfer_bme280.o(i.spi_write) refers to lpc1768_spi.o(i.SPI_EnableInterrupt) for SPI_EnableInterrupt
    spi_transfer_bme280.o(i.spi_write) refers to spi_transfer_bme280.o(i.send_data) for send_data
    spi_transfer_bme280.o(i.spi_write) refers to spi_transfer_bme280.o(.data) for transfer
    spi_transfer_bme280.o(.data) refers to spi_transfer_bme280.o(.bss) for transfer_struc
    lpc1768_gpio.o(i.GPIO_PinInit) refers to lpc1768_gpio.o(i.GPIO_PinFunction) for GPIO_PinFunction
    lpc1768_gpio.o(i.GPIO_PinInit) refers to lpc1768_gpio.o(i.GPIO_PinDirection) for GPIO_PinDirection
    lpc1768_led.o(i.LED_init) refers to lpc1768_gpio.o(i.GPIO_PinDirection) for GPIO_PinDirection
    lpc1768_led.o(i.LED_init) refers to lpc1768_gpio.o(i.GPIO_PinFunction) for GPIO_PinFunction
    lpc1768_led.o(i.LED_off) refers to lpc1768_gpio.o(i.GPIO_PinWrite) for GPIO_PinWrite
    lpc1768_led.o(i.LED_on) refers to lpc1768_gpio.o(i.GPIO_PinWrite) for GPIO_PinWrite
    lpc1768_timer.o(i.Timer_init) refers to lpc1768_timer.o(i.Timer_configure) for Timer_configure
    lpc1768_timer.o(i.Timer_init) refers to lpc1768_timer.o(i.getPrescalarValue) for getPrescalarValue
    lpc1768_timer.o(i.getPrescalarValue) refers to system_lpc17xx.o(.data) for SystemCoreClock
    lpc1768_spi.o(i.SPI_IRQHandler_func) refers to lpc1768_spi.o(i.SPI_DisableInterrupt) for SPI_DisableInterrupt
    lpc1768_spi.o(i.SPI_IRQHandler_func) refers to lpc1768_spi.o(.data) for transfer_cfg
    lpc1768_spi.o(i.SPI_Init) refers to lpc1768_spi.o(i.SPI_Enable) for SPI_Enable
    lpc1768_spi.o(i.SPI_Init) refers to lpc1768_spi.o(i.SPI_SetClock) for SPI_SetClock
    lpc1768_spi.o(i.SPI_Init) refers to lpc1768_spi.o(i.SPI_PinInit) for SPI_PinInit
    lpc1768_spi.o(i.SPI_Init) refers to lpc1768_spi.o(i.SPI_ControlRegister_Init) for SPI_ControlRegister_Init
    lpc1768_spi.o(i.SPI_Init) refers to lpc1768_spi.o(i.SPI_EnableInterrupt) for SPI_EnableInterrupt
    lpc1768_spi.o(i.SPI_MasterReceiveData) refers to lpc1768_spi.o(i.SPI_EnableInterrupt) for SPI_EnableInterrupt
    lpc1768_spi.o(i.SPI_MasterReceiveData) refers to lpc1768_spi.o(.data) for transfer_cfg
    lpc1768_spi.o(i.SPI_MasterSendData) refers to lpc1768_gpio.o(i.GPIO_PinWrite) for GPIO_PinWrite
    lpc1768_spi.o(i.SPI_MasterSendData) refers to lpc1768_spi.o(i.SPI_EnableInterrupt) for SPI_EnableInterrupt
    lpc1768_spi.o(i.SPI_MasterSendData) refers to lpc1768_spi.o(.data) for transfer_cfg
    lpc1768_spi.o(i.SPI_PinInit) refers to lpc1768_gpio.o(i.GPIO_PinFunction) for GPIO_PinFunction
    lpc1768_spi.o(i.SPI_PinInit) refers to lpc1768_gpio.o(i.GPIO_PinDirection) for GPIO_PinDirection
    lpc1768_spi.o(i.SPI_SetClock) refers to system_lpc17xx.o(.data) for SystemCoreClock
    lpc1768_spi.o(i.SPI_SlaveReadData) refers to lpc1768_spi.o(.data) for transfer_cfg
    lpc1768_spi.o(i.SPI_SlaveSendData) refers to lpc1768_spi.o(i.SPI_EnableInterrupt) for SPI_EnableInterrupt
    lpc1768_spi.o(i.SPI_SlaveSendData) refers to lpc1768_spi.o(.data) for transfer_cfg
    lpc1768_spi.o(.data) refers to lpc1768_spi.o(.bss) for tran_cfg
    startup_lpc17xx.o(STACK) refers (Special) to heapauxi.o(.text) for __use_two_region_memory
    startup_lpc17xx.o(HEAP) refers (Special) to heapauxi.o(.text) for __use_two_region_memory
    startup_lpc17xx.o(RESET) refers (Special) to heapauxi.o(.text) for __use_two_region_memory
    startup_lpc17xx.o(RESET) refers to startup_lpc17xx.o(STACK) for __initial_sp
    startup_lpc17xx.o(RESET) refers to startup_lpc17xx.o(.text) for Reset_Handler
    startup_lpc17xx.o(RESET) refers to main.o(i.TIMER0_IRQHandler) for TIMER0_IRQHandler
    startup_lpc17xx.o(RESET) refers to main.o(i.TIMER1_IRQHandler) for TIMER1_IRQHandler
    startup_lpc17xx.o(RESET) refers to main.o(i.UART2_IRQHandler) for UART2_IRQHandler
    startup_lpc17xx.o(RESET) refers to main.o(i.SPI_IRQHandler) for SPI_IRQHandler
    startup_lpc17xx.o(RESET) refers to main.o(i.ADC_IRQHandler) for ADC_IRQHandler
    startup_lpc17xx.o(.ARM.__at_0x02FC) refers (Special) to heapauxi.o(.text) for __use_two_region_memory
    startup_lpc17xx.o(.text) refers (Special) to heapauxi.o(.text) for __use_two_region_memory
    startup_lpc17xx.o(.text) refers to system_lpc17xx.o(i.SystemInit) for SystemInit
    startup_lpc17xx.o(.text) refers to __main.o(!!!main) for __main
    startup_lpc17xx.o(.text) refers to startup_lpc17xx.o(HEAP) for Heap_Mem
    startup_lpc17xx.o(.text) refers to startup_lpc17xx.o(STACK) for Stack_Mem
    system_lpc17xx.o(i.SystemCoreClockUpdate) refers to lludivv7m.o(.text) for __aeabi_uldivmod
    system_lpc17xx.o(i.SystemCoreClockUpdate) refers to system_lpc17xx.o(.data) for SystemCoreClock
    __main.o(!!!main) refers to __rtentry.o(.ARM.Collect$$rtentry$$00000000) for __rt_entry
    __rtentry.o(.ARM.Collect$$rtentry$$00000000) refers (Special) to __rtentry2.o(.ARM.Collect$$rtentry$$0000000A) for __rt_entry_li
    __rtentry.o(.ARM.Collect$$rtentry$$00000000) refers (Special) to __rtentry2.o(.ARM.Collect$$rtentry$$0000000D) for __rt_entry_main
    __rtentry.o(.ARM.Collect$$rtentry$$00000000) refers (Special) to __rtentry2.o(.ARM.Collect$$rtentry$$0000000C) for __rt_entry_postli_1
    __rtentry.o(.ARM.Collect$$rtentry$$00000000) refers (Special) to __rtentry2.o(.ARM.Collect$$rtentry$$00000009) for __rt_entry_postsh_1
    __rtentry.o(.ARM.Collect$$rtentry$$00000000) refers (Special) to __rtentry2.o(.ARM.Collect$$rtentry$$00000002) for __rt_entry_presh_1
    __rtentry.o(.ARM.Collect$$rtentry$$00000000) refers (Special) to __rtentry4.o(.ARM.Collect$$rtentry$$00000004) for __rt_entry_sh
    aeabi_ldiv0_sigfpe.o(.text) refers to rt_div0.o(.text) for __rt_div0
    __rtentry2.o(.ARM.Collect$$rtentry$$00000008) refers to boardinit2.o(.text) for _platform_post_stackheap_init
    __rtentry2.o(.ARM.Collect$$rtentry$$0000000A) refers to libinit.o(.ARM.Collect$$libinit$$00000000) for __rt_lib_init
    __rtentry2.o(.ARM.Collect$$rtentry$$0000000B) refers to boardinit3.o(.text) for _platform_post_lib_init
    __rtentry2.o(.ARM.Collect$$rtentry$$0000000D) refers to main.o(i.main) for main
    __rtentry2.o(.ARM.Collect$$rtentry$$0000000D) refers to exit.o(.text) for exit
    __rtentry2.o(.ARM.exidx) refers to __rtentry2.o(.ARM.Collect$$rtentry$$00000001) for .ARM.Collect$$rtentry$$00000001
    __rtentry2.o(.ARM.exidx) refers to __rtentry2.o(.ARM.Collect$$rtentry$$00000008) for .ARM.Collect$$rtentry$$00000008
    __rtentry2.o(.ARM.exidx) refers to __rtentry2.o(.ARM.Collect$$rtentry$$0000000A) for .ARM.Collect$$rtentry$$0000000A
    __rtentry2.o(.ARM.exidx) refers to __rtentry2.o(.ARM.Collect$$rtentry$$0000000B) for .ARM.Collect$$rtentry$$0000000B
    __rtentry2.o(.ARM.exidx) refers to __rtentry2.o(.ARM.Collect$$rtentry$$0000000D) for .ARM.Collect$$rtentry$$0000000D
    __rtentry4.o(.ARM.Collect$$rtentry$$00000004) refers to sys_stackheap_outer.o(.text) for __user_setup_stackheap
    __rtentry4.o(.ARM.exidx) refers to __rtentry4.o(.ARM.Collect$$rtentry$$00000004) for .ARM.Collect$$rtentry$$00000004
    rt_div0.o(.text) refers to defsig_fpe_outer.o(.text) for __rt_SIGFPE
    sys_stackheap_outer.o(.text) refers to libspace.o(.text) for __user_perproc_libspace
    sys_stackheap_outer.o(.text) refers to startup_lpc17xx.o(.text) for __user_initial_stackheap
    exit.o(.text) refers to rtexit.o(.ARM.Collect$$rtexit$$00000000) for __rt_exit
    defsig_fpe_outer.o(.text) refers to defsig_fpe_inner.o(.text) for __rt_SIGFPE_inner
    defsig_fpe_outer.o(.text) refers to defsig_exit.o(.text) for __sig_exit
    defsig_fpe_formal.o(.text) refers to rt_raise.o(.text) for __rt_raise
    libinit.o(.ARM.Collect$$libinit$$00000000) refers (Special) to libinit2.o(.ARM.Collect$$libinit$$0000002E) for __rt_lib_init_alloca_1
    libinit.o(.ARM.Collect$$libinit$$00000000) refers (Special) to libinit2.o(.ARM.Collect$$libinit$$0000002C) for __rt_lib_init_argv_1
    libinit.o(.ARM.Collect$$libinit$$00000000) refers (Special) to libinit2.o(.ARM.Collect$$libinit$$0000001B) for __rt_lib_init_atexit_1
    libinit.o(.ARM.Collect$$libinit$$00000000) refers (Special) to libinit2.o(.ARM.Collect$$libinit$$00000021) for __rt_lib_init_clock_1
    libinit.o(.ARM.Collect$$libinit$$00000000) refers (Special) to libinit2.o(.ARM.Collect$$libinit$$00000032) for __rt_lib_init_cpp_1
    libinit.o(.ARM.Collect$$libinit$$00000000) refers (Special) to libinit2.o(.ARM.Collect$$libinit$$00000030) for __rt_lib_init_exceptions_1
    libinit.o(.ARM.Collect$$libinit$$00000000) refers (Special) to libinit2.o(.ARM.Collect$$libinit$$00000002) for __rt_lib_init_fp_1
    libinit.o(.ARM.Collect$$libinit$$00000000) refers (Special) to libinit2.o(.ARM.Collect$$libinit$$0000001F) for __rt_lib_init_fp_trap_1
    libinit.o(.ARM.Collect$$libinit$$00000000) refers (Special) to libinit2.o(.ARM.Collect$$libinit$$00000023) for __rt_lib_init_getenv_1
    libinit.o(.ARM.Collect$$libinit$$00000000) refers (Special) to libinit2.o(.ARM.Collect$$libinit$$0000000A) for __rt_lib_init_heap_1
    libinit.o(.ARM.Collect$$libinit$$00000000) refers (Special) to libinit2.o(.ARM.Collect$$libinit$$00000011) for __rt_lib_init_lc_collate_1
    libinit.o(.ARM.Collect$$libinit$$00000000) refers (Special) to libinit2.o(.ARM.Collect$$libinit$$00000013) for __rt_lib_init_lc_ctype_1
    libinit.o(.ARM.Collect$$libinit$$00000000) refers (Special) to libinit2.o(.ARM.Collect$$libinit$$00000015) for __rt_lib_init_lc_monetary_1
    libinit.o(.ARM.Collect$$libinit$$00000000) refers (Special) to libinit2.o(.ARM.Collect$$libinit$$00000017) for __rt_lib_init_lc_numeric_1
    libinit.o(.ARM.Collect$$libinit$$00000000) refers (Special) to libinit2.o(.ARM.Collect$$libinit$$00000019) for __rt_lib_init_lc_time_1
    libinit.o(.ARM.Collect$$libinit$$00000000) refers (Special) to libinit2.o(.ARM.Collect$$libinit$$00000004) for __rt_lib_init_preinit_1
    libinit.o(.ARM.Collect$$libinit$$00000000) refers (Special) to libinit2.o(.ARM.Collect$$libinit$$0000000E) for __rt_lib_init_rand_1
    libinit.o(.ARM.Collect$$libinit$$00000000) refers (Special) to libinit2.o(.ARM.Collect$$libinit$$00000033) for __rt_lib_init_return
    libinit.o(.ARM.Collect$$libinit$$00000000) refers (Special) to libinit2.o(.ARM.Collect$$libinit$$0000001D) for __rt_lib_init_signal_1
    libinit.o(.ARM.Collect$$libinit$$00000000) refers (Special) to libinit2.o(.ARM.Collect$$libinit$$00000025) for __rt_lib_init_stdio_1
    libinit.o(.ARM.Collect$$libinit$$00000000) refers (Special) to libinit2.o(.ARM.Collect$$libinit$$0000000C) for __rt_lib_init_user_alloc_1
    libspace.o(.text) refers to libspace.o(.bss) for __libspace_start
    rtexit.o(.ARM.Collect$$rtexit$$00000000) refers (Special) to rtexit2.o(.ARM.Collect$$rtexit$$00000004) for __rt_exit_exit
    rtexit.o(.ARM.Collect$$rtexit$$00000000) refers (Special) to rtexit2.o(.ARM.Collect$$rtexit$$00000003) for __rt_exit_ls
    rtexit.o(.ARM.Collect$$rtexit$$00000000) refers (Special) to rtexit2.o(.ARM.Collect$$rtexit$$00000002) for __rt_exit_prels_1
    rtexit.o(.ARM.exidx) refers (Special) to rtexit2.o(.ARM.Collect$$rtexit$$00000004) for __rt_exit_exit
    rtexit.o(.ARM.exidx) refers (Special) to rtexit2.o(.ARM.Collect$$rtexit$$00000003) for __rt_exit_ls
    rtexit.o(.ARM.exidx) refers (Special) to rtexit2.o(.ARM.Collect$$rtexit$$00000002) for __rt_exit_prels_1
    rtexit.o(.ARM.exidx) refers to rtexit.o(.ARM.Collect$$rtexit$$00000000) for .ARM.Collect$$rtexit$$00000000
    rt_raise.o(.text) refers to __raise.o(.text) for __raise
    rt_raise.o(.text) refers to sys_exit.o(.text) for _sys_exit
    defsig_exit.o(.text) refers to sys_exit.o(.text) for _sys_exit
    defsig_fpe_inner.o(.text) refers to defsig_general.o(.text) for __default_signal_display
    libinit2.o(.ARM.Collect$$libinit$$00000010) refers to libinit2.o(.ARM.Collect$$libinit$$0000000F) for .ARM.Collect$$libinit$$0000000F
    libinit2.o(.ARM.Collect$$libinit$$00000012) refers to libinit2.o(.ARM.Collect$$libinit$$0000000F) for .ARM.Collect$$libinit$$0000000F
    libinit2.o(.ARM.Collect$$libinit$$00000014) refers to libinit2.o(.ARM.Collect$$libinit$$0000000F) for .ARM.Collect$$libinit$$0000000F
    libinit2.o(.ARM.Collect$$libinit$$00000016) refers to libinit2.o(.ARM.Collect$$libinit$$0000000F) for .ARM.Collect$$libinit$$0000000F
    libinit2.o(.ARM.Collect$$libinit$$00000018) refers to libinit2.o(.ARM.Collect$$libinit$$0000000F) for .ARM.Collect$$libinit$$0000000F
    libinit2.o(.ARM.Collect$$libinit$$00000026) refers to argv_veneer.o(.emb_text) for __ARM_argv_veneer
    libinit2.o(.ARM.Collect$$libinit$$00000027) refers to argv_veneer.o(.emb_text) for __ARM_argv_veneer
    sys_exit.o(.text) refers (Special) to use_no_semi.o(.text) for __I$use$semihosting
    sys_exit.o(.text) refers (Special) to indicate_semi.o(.text) for __semihosting_library_function
    rtexit2.o(.ARM.Collect$$rtexit$$00000003) refers to libshutdown.o(.ARM.Collect$$libshutdown$$00000000) for __rt_lib_shutdown
    rtexit2.o(.ARM.Collect$$rtexit$$00000004) refers to sys_exit.o(.text) for _sys_exit
    rtexit2.o(.ARM.exidx) refers to rtexit2.o(.ARM.Collect$$rtexit$$00000001) for .ARM.Collect$$rtexit$$00000001
    rtexit2.o(.ARM.exidx) refers to rtexit2.o(.ARM.Collect$$rtexit$$00000003) for .ARM.Collect$$rtexit$$00000003
    rtexit2.o(.ARM.exidx) refers to rtexit2.o(.ARM.Collect$$rtexit$$00000004) for .ARM.Collect$$rtexit$$00000004
    __raise.o(.text) refers to defsig.o(CL$$defsig) for __default_signal_handler
    defsig_general.o(.text) refers to sys_wrch.o(.text) for _ttywrch
    argv_veneer.o(.emb_text) refers to no_argv.o(.text) for __ARM_get_argv
    sys_wrch.o(.text) refers (Special) to use_no_semi.o(.text) for __I$use$semihosting
    sys_wrch.o(.text) refers (Special) to indicate_semi.o(.text) for __semihosting_library_function
    defsig.o(CL$$defsig) refers to defsig_fpe_inner.o(.text) for __rt_SIGFPE_inner
    defsig.o(CL$$defsig) refers to defsig_rtmem_inner.o(.text) for __rt_SIGRTMEM_inner
    _get_argv_nomalloc.o(.text) refers (Special) to hrguard.o(.text) for __heap_region$guard
    _get_argv_nomalloc.o(.text) refers to defsig_rtmem_outer.o(.text) for __rt_SIGRTMEM
    _get_argv_nomalloc.o(.text) refers to sys_command.o(.text) for _sys_command_string
    libshutdown.o(.ARM.Collect$$libshutdown$$00000000) refers (Special) to libshutdown2.o(.ARM.Collect$$libshutdown$$00000002) for __rt_lib_shutdown_cpp_1
    libshutdown.o(.ARM.Collect$$libshutdown$$00000000) refers (Special) to libshutdown2.o(.ARM.Collect$$libshutdown$$00000007) for __rt_lib_shutdown_fp_trap_1
    libshutdown.o(.ARM.Collect$$libshutdown$$00000000) refers (Special) to libshutdown2.o(.ARM.Collect$$libshutdown$$0000000F) for __rt_lib_shutdown_heap_1
    libshutdown.o(.ARM.Collect$$libshutdown$$00000000) refers (Special) to libshutdown2.o(.ARM.Collect$$libshutdown$$00000010) for __rt_lib_shutdown_return
    libshutdown.o(.ARM.Collect$$libshutdown$$00000000) refers (Special) to libshutdown2.o(.ARM.Collect$$libshutdown$$0000000A) for __rt_lib_shutdown_signal_1
    libshutdown.o(.ARM.Collect$$libshutdown$$00000000) refers (Special) to libshutdown2.o(.ARM.Collect$$libshutdown$$00000004) for __rt_lib_shutdown_stdio_1
    libshutdown.o(.ARM.Collect$$libshutdown$$00000000) refers (Special) to libshutdown2.o(.ARM.Collect$$libshutdown$$0000000C) for __rt_lib_shutdown_user_alloc_1
    sys_command.o(.text) refers (Special) to use_no_semi.o(.text) for __I$use$semihosting
    sys_command.o(.text) refers (Special) to indicate_semi.o(.text) for __semihosting_library_function
    defsig_abrt_inner.o(.text) refers to defsig_general.o(.text) for __default_signal_display
    defsig_rtred_inner.o(.text) refers to defsig_general.o(.text) for __default_signal_display
    defsig_rtmem_inner.o(.text) refers to defsig_general.o(.text) for __default_signal_display
    defsig_rtmem_outer.o(.text) refers to defsig_rtmem_inner.o(.text) for __rt_SIGRTMEM_inner
    defsig_rtmem_outer.o(.text) refers to defsig_exit.o(.text) for __sig_exit
    defsig_rtmem_formal.o(.text) refers to rt_raise.o(.text) for __rt_raise
    defsig_stak_inner.o(.text) refers to defsig_general.o(.text) for __default_signal_display
    defsig_pvfn_inner.o(.text) refers to defsig_general.o(.text) for __default_signal_display
    defsig_cppl_inner.o(.text) refers to defsig_general.o(.text) for __default_signal_display
    defsig_segv_inner.o(.text) refers to defsig_general.o(.text) for __default_signal_display
    defsig_other.o(.text) refers to defsig_general.o(.text) for __default_signal_display


==============================================================================

Removing Unused input sections from the image.

    Removing main.o(.rev16_text), (4 bytes).
    Removing main.o(.revsh_text), (4 bytes).
    Removing main.o(.rrx_text), (6 bytes).
    Removing bme280.o(i.bme280_get_sensor_settings), (44 bytes).
    Removing lpc1768_adc.o(.rev16_text), (4 bytes).
    Removing lpc1768_adc.o(.revsh_text), (4 bytes).
    Removing lpc1768_adc.o(.rrx_text), (6 bytes).
    Removing lpc1768_adc.o(i.ADC_D_I), (20 bytes).
    Removing lpc1768_adc.o(i.ADC_Power_Disable), (40 bytes).
    Removing lpc1768_uart.o(.rev16_text), (4 bytes).
    Removing lpc1768_uart.o(.revsh_text), (4 bytes).
    Removing lpc1768_uart.o(.rrx_text), (6 bytes).
    Removing lpc1768_uart.o(i.UART0_IRQHandler_F), (96 bytes).
    Removing lpc1768_uart.o(i.UART3_IRQHandler_F), (96 bytes).
    Removing lpc1768_uart.o(i.UART_D_RBR_I), (14 bytes).
    Removing lpc1768_uart.o(i.UART_Power_Disable), (100 bytes).
    Removing spi_transfer_bme280.o(.rev16_text), (4 bytes).
    Removing spi_transfer_bme280.o(.revsh_text), (4 bytes).
    Removing spi_transfer_bme280.o(.rrx_text), (6 bytes).
    Removing spi_transfer_bme280.o(i.Spi_GetStatus), (16 bytes).
    Removing lpc1768_gpio.o(.rev16_text), (4 bytes).
    Removing lpc1768_gpio.o(.revsh_text), (4 bytes).
    Removing lpc1768_gpio.o(.rrx_text), (6 bytes).
    Removing lpc1768_gpio.o(i.GPIO_PinInit), (38 bytes).
    Removing lpc1768_gpio.o(i.GPIO_PinRead), (148 bytes).
    Removing lpc1768_led.o(.rev16_text), (4 bytes).
    Removing lpc1768_led.o(.revsh_text), (4 bytes).
    Removing lpc1768_led.o(.rrx_text), (6 bytes).
    Removing lpc1768_timer.o(.rev16_text), (4 bytes).
    Removing lpc1768_timer.o(.revsh_text), (4 bytes).
    Removing lpc1768_timer.o(.rrx_text), (6 bytes).
    Removing lpc1768_timer.o(i.Timer_stop), (6 bytes).
    Removing lpc1768_spi.o(.rev16_text), (4 bytes).
    Removing lpc1768_spi.o(.revsh_text), (4 bytes).
    Removing lpc1768_spi.o(.rrx_text), (6 bytes).
    Removing lpc1768_spi.o(i.SPI_Disable), (24 bytes).
    Removing lpc1768_spi.o(i.SPI_IRQHandler_func), (200 bytes).
    Removing lpc1768_spi.o(i.SPI_MasterReceiveData), (84 bytes).
    Removing lpc1768_spi.o(i.SPI_MasterSendData), (112 bytes).
    Removing lpc1768_spi.o(i.SPI_SlaveReadData), (64 bytes).
    Removing lpc1768_spi.o(i.SPI_SlaveSendData), (100 bytes).
    Removing lpc1768_spi.o(.bss), (28 bytes).
    Removing lpc1768_spi.o(.data), (4 bytes).
    Removing system_lpc17xx.o(.rev16_text), (4 bytes).
    Removing system_lpc17xx.o(.revsh_text), (4 bytes).
    Removing system_lpc17xx.o(.rrx_text), (6 bytes).
    Removing system_lpc17xx.o(i.SystemCoreClockUpdate), (424 bytes).

47 unused section(s) (total 1784 bytes) removed from the image.

==============================================================================

Image Symbol Table

    Local Symbols

    Symbol Name                              Value     Ov Type        Size  Object(Section)

    RESET                                    0x00000000   Section      204  startup_lpc17xx.o(RESET)
    ../clib/angel/boardlib.s                 0x00000000   Number         0  boardinit3.o ABSOLUTE
    ../clib/angel/boardlib.s                 0x00000000   Number         0  boardshut.o ABSOLUTE
    ../clib/angel/boardlib.s                 0x00000000   Number         0  boardinit2.o ABSOLUTE
    ../clib/angel/boardlib.s                 0x00000000   Number         0  boardinit1.o ABSOLUTE
    ../clib/angel/handlers.s                 0x00000000   Number         0  __scatter_copy.o ABSOLUTE
    ../clib/angel/handlers.s                 0x00000000   Number         0  __scatter_zi.o ABSOLUTE
    ../clib/angel/kernel.s                   0x00000000   Number         0  rtexit2.o ABSOLUTE
    ../clib/angel/kernel.s                   0x00000000   Number         0  __rtentry4.o ABSOLUTE
    ../clib/angel/kernel.s                   0x00000000   Number         0  rtexit.o ABSOLUTE
    ../clib/angel/kernel.s                   0x00000000   Number         0  __rtentry2.o ABSOLUTE
    ../clib/angel/kernel.s                   0x00000000   Number         0  __rtentry.o ABSOLUTE
    ../clib/angel/rt.s                       0x00000000   Number         0  rt_div0.o ABSOLUTE
    ../clib/angel/rt.s                       0x00000000   Number         0  rt_raise.o ABSOLUTE
    ../clib/angel/rt.s                       0x00000000   Number         0  aeabi_ldiv0_sigfpe.o ABSOLUTE
    ../clib/angel/rt.s                       0x00000000   Number         0  aeabi_ldiv0.o ABSOLUTE
    ../clib/angel/scatter.s                  0x00000000   Number         0  __scatter.o ABSOLUTE
    ../clib/angel/startup.s                  0x00000000   Number         0  __main.o ABSOLUTE
    ../clib/angel/sys.s                      0x00000000   Number         0  use_no_semi.o ABSOLUTE
    ../clib/angel/sys.s                      0x00000000   Number         0  indicate_semi.o ABSOLUTE
    ../clib/angel/sys.s                      0x00000000   Number         0  sys_stackheap_outer.o ABSOLUTE
    ../clib/angel/sys.s                      0x00000000   Number         0  libspace.o ABSOLUTE
    ../clib/angel/sysapp.c                   0x00000000   Number         0  sys_exit.o ABSOLUTE
    ../clib/angel/sysapp.c                   0x00000000   Number         0  sys_wrch.o ABSOLUTE
    ../clib/angel/sysapp.c                   0x00000000   Number         0  sys_command.o ABSOLUTE
    ../clib/armsys.c                         0x00000000   Number         0  _get_argv_nomalloc.o ABSOLUTE
    ../clib/armsys.c                         0x00000000   Number         0  argv_veneer.o ABSOLUTE
    ../clib/armsys.c                         0x00000000   Number         0  argv_veneer.o ABSOLUTE
    ../clib/armsys.c                         0x00000000   Number         0  no_argv.o ABSOLUTE
    ../clib/heapalloc.c                      0x00000000   Number         0  hrguard.o ABSOLUTE
    ../clib/heapaux.c                        0x00000000   Number         0  heapauxi.o ABSOLUTE
    ../clib/libinit.s                        0x00000000   Number         0  libinit2.o ABSOLUTE
    ../clib/libinit.s                        0x00000000   Number         0  libshutdown.o ABSOLUTE
    ../clib/libinit.s                        0x00000000   Number         0  libshutdown2.o ABSOLUTE
    ../clib/libinit.s                        0x00000000   Number         0  libinit.o ABSOLUTE
    ../clib/longlong.s                       0x00000000   Number         0  lludivv7m.o ABSOLUTE
    ../clib/memcpset.s                       0x00000000   Number         0  rt_memclr_w.o ABSOLUTE
    ../clib/signal.c                         0x00000000   Number         0  defsig_rtred_inner.o ABSOLUTE
    ../clib/signal.c                         0x00000000   Number         0  defsig_abrt_inner.o ABSOLUTE
    ../clib/signal.c                         0x00000000   Number         0  defsig_general.o ABSOLUTE
    ../clib/signal.c                         0x00000000   Number         0  __raise.o ABSOLUTE
    ../clib/signal.c                         0x00000000   Number         0  defsig_exit.o ABSOLUTE
    ../clib/signal.c                         0x00000000   Number         0  defsig_stak_inner.o ABSOLUTE
    ../clib/signal.c                         0x00000000   Number         0  defsig_fpe_outer.o ABSOLUTE
    ../clib/signal.c                         0x00000000   Number         0  defsig_fpe_formal.o ABSOLUTE
    ../clib/signal.c                         0x00000000   Number         0  defsig_other.o ABSOLUTE
    ../clib/signal.c                         0x00000000   Number         0  defsig_segv_inner.o ABSOLUTE
    ../clib/signal.c                         0x00000000   Number         0  defsig_cppl_inner.o ABSOLUTE
    ../clib/signal.c                         0x00000000   Number         0  defsig_pvfn_inner.o ABSOLUTE
    ../clib/signal.c                         0x00000000   Number         0  defsig_rtmem_formal.o ABSOLUTE
    ../clib/signal.c                         0x00000000   Number         0  defsig_rtmem_outer.o ABSOLUTE
    ../clib/signal.c                         0x00000000   Number         0  defsig_fpe_inner.o ABSOLUTE
    ../clib/signal.c                         0x00000000   Number         0  defsig_rtmem_inner.o ABSOLUTE
    ../clib/signal.s                         0x00000000   Number         0  defsig.o ABSOLUTE
    ../clib/stdlib.c                         0x00000000   Number         0  exit.o ABSOLUTE
    ../fplib/fpinit.s                        0x00000000   Number         0  fpinit.o ABSOLUTE
    Drivers\SPI_transfer_BME280.c            0x00000000   Number         0  spi_transfer_bme280.o ABSOLUTE
    Drivers\\SPI_transfer_BME280.c           0x00000000   Number         0  spi_transfer_bme280.o ABSOLUTE
    Drivers\\lpc1768_adc.c                   0x00000000   Number         0  lpc1768_adc.o ABSOLUTE
    Drivers\\lpc1768_gpio.c                  0x00000000   Number         0  lpc1768_gpio.o ABSOLUTE
    Drivers\\lpc1768_led.c                   0x00000000   Number         0  lpc1768_led.o ABSOLUTE
    Drivers\\lpc1768_spi.c                   0x00000000   Number         0  lpc1768_spi.o ABSOLUTE
    Drivers\\lpc1768_timer.c                 0x00000000   Number         0  lpc1768_timer.o ABSOLUTE
    Drivers\\lpc1768_uart.c                  0x00000000   Number         0  lpc1768_uart.o ABSOLUTE
    Drivers\bme280.c                         0x00000000   Number         0  bme280.o ABSOLUTE
    Drivers\lpc1768_adc.c                    0x00000000   Number         0  lpc1768_adc.o ABSOLUTE
    Drivers\lpc1768_gpio.c                   0x00000000   Number         0  lpc1768_gpio.o ABSOLUTE
    Drivers\lpc1768_led.c                    0x00000000   Number         0  lpc1768_led.o ABSOLUTE
    Drivers\lpc1768_spi.c                    0x00000000   Number         0  lpc1768_spi.o ABSOLUTE
    Drivers\lpc1768_timer.c                  0x00000000   Number         0  lpc1768_timer.o ABSOLUTE
    Drivers\lpc1768_uart.c                   0x00000000   Number         0  lpc1768_uart.o ABSOLUTE
    RTE\Device\LPC1768\startup_LPC17xx.s     0x00000000   Number         0  startup_lpc17xx.o ABSOLUTE
    RTE\Device\LPC1768\system_LPC17xx.c      0x00000000   Number         0  system_lpc17xx.o ABSOLUTE
    RTE\\Device\\LPC1768\\system_LPC17xx.c   0x00000000   Number         0  system_lpc17xx.o ABSOLUTE
    dc.s                                     0x00000000   Number         0  dc.o ABSOLUTE
    main.c                                   0x00000000   Number         0  main.o ABSOLUTE
    main.c                                   0x00000000   Number         0  main.o ABSOLUTE
    !!!main                                  0x000000cc   Section        8  __main.o(!!!main)
    !!!scatter                               0x000000d4   Section       52  __scatter.o(!!!scatter)
    !!handler_copy                           0x00000108   Section       26  __scatter_copy.o(!!handler_copy)
    !!handler_zi                             0x00000124   Section       28  __scatter_zi.o(!!handler_zi)
    .ARM.Collect$$libinit$$00000000          0x00000140   Section        2  libinit.o(.ARM.Collect$$libinit$$00000000)
    .ARM.Collect$$libinit$$00000002          0x00000142   Section        0  libinit2.o(.ARM.Collect$$libinit$$00000002)
    .ARM.Collect$$libinit$$00000004          0x00000142   Section        0  libinit2.o(.ARM.Collect$$libinit$$00000004)
    .ARM.Collect$$libinit$$0000000A          0x00000142   Section        0  libinit2.o(.ARM.Collect$$libinit$$0000000A)
    .ARM.Collect$$libinit$$0000000C          0x00000142   Section        0  libinit2.o(.ARM.Collect$$libinit$$0000000C)
    .ARM.Collect$$libinit$$0000000E          0x00000142   Section        0  libinit2.o(.ARM.Collect$$libinit$$0000000E)
    .ARM.Collect$$libinit$$00000011          0x00000142   Section        0  libinit2.o(.ARM.Collect$$libinit$$00000011)
    .ARM.Collect$$libinit$$00000013          0x00000142   Section        0  libinit2.o(.ARM.Collect$$libinit$$00000013)
    .ARM.Collect$$libinit$$00000015          0x00000142   Section        0  libinit2.o(.ARM.Collect$$libinit$$00000015)
    .ARM.Collect$$libinit$$00000017          0x00000142   Section        0  libinit2.o(.ARM.Collect$$libinit$$00000017)
    .ARM.Collect$$libinit$$00000019          0x00000142   Section        0  libinit2.o(.ARM.Collect$$libinit$$00000019)
    .ARM.Collect$$libinit$$0000001B          0x00000142   Section        0  libinit2.o(.ARM.Collect$$libinit$$0000001B)
    .ARM.Collect$$libinit$$0000001D          0x00000142   Section        0  libinit2.o(.ARM.Collect$$libinit$$0000001D)
    .ARM.Collect$$libinit$$0000001F          0x00000142   Section        0  libinit2.o(.ARM.Collect$$libinit$$0000001F)
    .ARM.Collect$$libinit$$00000021          0x00000142   Section        0  libinit2.o(.ARM.Collect$$libinit$$00000021)
    .ARM.Collect$$libinit$$00000023          0x00000142   Section        0  libinit2.o(.ARM.Collect$$libinit$$00000023)
    .ARM.Collect$$libinit$$00000025          0x00000142   Section        0  libinit2.o(.ARM.Collect$$libinit$$00000025)
    .ARM.Collect$$libinit$$0000002C          0x00000142   Section        0  libinit2.o(.ARM.Collect$$libinit$$0000002C)
    .ARM.Collect$$libinit$$0000002E          0x00000142   Section        0  libinit2.o(.ARM.Collect$$libinit$$0000002E)
    .ARM.Collect$$libinit$$00000030          0x00000142   Section        0  libinit2.o(.ARM.Collect$$libinit$$00000030)
    .ARM.Collect$$libinit$$00000032          0x00000142   Section        0  libinit2.o(.ARM.Collect$$libinit$$00000032)
    .ARM.Collect$$libinit$$00000033          0x00000142   Section        2  libinit2.o(.ARM.Collect$$libinit$$00000033)
    .ARM.Collect$$libshutdown$$00000000      0x00000144   Section        2  libshutdown.o(.ARM.Collect$$libshutdown$$00000000)
    .ARM.Collect$$libshutdown$$00000002      0x00000146   Section        0  libshutdown2.o(.ARM.Collect$$libshutdown$$00000002)
    .ARM.Collect$$libshutdown$$00000004      0x00000146   Section        0  libshutdown2.o(.ARM.Collect$$libshutdown$$00000004)
    .ARM.Collect$$libshutdown$$00000007      0x00000146   Section        0  libshutdown2.o(.ARM.Collect$$libshutdown$$00000007)
    .ARM.Collect$$libshutdown$$0000000A      0x00000146   Section        0  libshutdown2.o(.ARM.Collect$$libshutdown$$0000000A)
    .ARM.Collect$$libshutdown$$0000000C      0x00000146   Section        0  libshutdown2.o(.ARM.Collect$$libshutdown$$0000000C)
    .ARM.Collect$$libshutdown$$0000000F      0x00000146   Section        0  libshutdown2.o(.ARM.Collect$$libshutdown$$0000000F)
    .ARM.Collect$$libshutdown$$00000010      0x00000146   Section        2  libshutdown2.o(.ARM.Collect$$libshutdown$$00000010)
    .ARM.Collect$$rtentry$$00000000          0x00000148   Section        0  __rtentry.o(.ARM.Collect$$rtentry$$00000000)
    .ARM.Collect$$rtentry$$00000002          0x00000148   Section        0  __rtentry2.o(.ARM.Collect$$rtentry$$00000002)
    .ARM.Collect$$rtentry$$00000004          0x00000148   Section        6  __rtentry4.o(.ARM.Collect$$rtentry$$00000004)
    .ARM.Collect$$rtentry$$00000009          0x0000014e   Section        0  __rtentry2.o(.ARM.Collect$$rtentry$$00000009)
    .ARM.Collect$$rtentry$$0000000A          0x0000014e   Section        4  __rtentry2.o(.ARM.Collect$$rtentry$$0000000A)
    .ARM.Collect$$rtentry$$0000000C          0x00000152   Section        0  __rtentry2.o(.ARM.Collect$$rtentry$$0000000C)
    .ARM.Collect$$rtentry$$0000000D          0x00000152   Section        8  __rtentry2.o(.ARM.Collect$$rtentry$$0000000D)
    .ARM.Collect$$rtexit$$00000000           0x0000015a   Section        2  rtexit.o(.ARM.Collect$$rtexit$$00000000)
    .ARM.Collect$$rtexit$$00000002           0x0000015c   Section        0  rtexit2.o(.ARM.Collect$$rtexit$$00000002)
    .ARM.Collect$$rtexit$$00000003           0x0000015c   Section        4  rtexit2.o(.ARM.Collect$$rtexit$$00000003)
    .ARM.Collect$$rtexit$$00000004           0x00000160   Section        6  rtexit2.o(.ARM.Collect$$rtexit$$00000004)
    .text                                    0x00000168   Section       60  startup_lpc17xx.o(.text)
    .text                                    0x000001a4   Section       78  rt_memclr_w.o(.text)
    .text                                    0x000001f2   Section        0  heapauxi.o(.text)
    .text                                    0x000001f8   Section       74  sys_stackheap_outer.o(.text)
    .text                                    0x00000242   Section        0  exit.o(.text)
    .text                                    0x00000254   Section        8  libspace.o(.text)
    .text                                    0x0000025c   Section        0  sys_exit.o(.text)
    .text                                    0x00000268   Section        2  use_no_semi.o(.text)
    .text                                    0x0000026a   Section        0  indicate_semi.o(.text)
    i.ADC_E_I                                0x0000026c   Section        0  lpc1768_adc.o(i.ADC_E_I)
    i.ADC_GetClock                           0x00000278   Section        0  lpc1768_adc.o(i.ADC_GetClock)
    ADC_GetClock                             0x00000279   Thumb Code    62  lpc1768_adc.o(i.ADC_GetClock)
    i.ADC_IRQHandler                         0x000002c0   Section        0  main.o(i.ADC_IRQHandler)
    i.ADC_Init                               0x000002dc   Section        0  lpc1768_adc.o(i.ADC_Init)
    .ARM.__at_0x02FC                         0x000002fc   Section        4  startup_lpc17xx.o(.ARM.__at_0x02FC)
    i.ADC_PinInit                            0x00000300   Section        0  lpc1768_adc.o(i.ADC_PinInit)
    ADC_PinInit                              0x00000301   Thumb Code    38  lpc1768_adc.o(i.ADC_PinInit)
    i.ADC_Power_Enable                       0x0000032c   Section        0  lpc1768_adc.o(i.ADC_Power_Enable)
    ADC_Power_Enable                         0x0000032d   Thumb Code    30  lpc1768_adc.o(i.ADC_Power_Enable)
    i.ADC_ReadData                           0x00000354   Section        0  lpc1768_adc.o(i.ADC_ReadData)
    i.ADC_SetSampleRate                      0x00000380   Section        0  lpc1768_adc.o(i.ADC_SetSampleRate)
    ADC_SetSampleRate                        0x00000381   Thumb Code    14  lpc1768_adc.o(i.ADC_SetSampleRate)
    i.ADC_StartConversion                    0x00000394   Section        0  lpc1768_adc.o(i.ADC_StartConversion)
    i.GPIO_PinDirection                      0x000003a8   Section        0  lpc1768_gpio.o(i.GPIO_PinDirection)
    i.GPIO_PinFunction                       0x00000464   Section        0  lpc1768_gpio.o(i.GPIO_PinFunction)
    i.GPIO_PinWrite                          0x000004d4   Section        0  lpc1768_gpio.o(i.GPIO_PinWrite)
    i.LED_init                               0x00000508   Section        0  lpc1768_led.o(i.LED_init)
    i.LED_off                                0x0000055c   Section        0  lpc1768_led.o(i.LED_off)
    i.LED_on                                 0x0000059e   Section        0  lpc1768_led.o(i.LED_on)
    i.SPI_ControlRegister_Init               0x000005e0   Section        0  lpc1768_spi.o(i.SPI_ControlRegister_Init)
    SPI_ControlRegister_Init                 0x000005e1   Thumb Code    36  lpc1768_spi.o(i.SPI_ControlRegister_Init)
    i.SPI_DisableInterrupt                   0x00000608   Section        0  lpc1768_spi.o(i.SPI_DisableInterrupt)
    i.SPI_Enable                             0x0000061c   Section        0  lpc1768_spi.o(i.SPI_Enable)
    SPI_Enable                               0x0000061d   Thumb Code    18  lpc1768_spi.o(i.SPI_Enable)
    i.SPI_EnableInterrupt                    0x00000634   Section        0  lpc1768_spi.o(i.SPI_EnableInterrupt)
    i.SPI_IRQHandler                         0x00000648   Section        0  main.o(i.SPI_IRQHandler)
    i.SPI_Init                               0x0000066c   Section        0  lpc1768_spi.o(i.SPI_Init)
    i.SPI_PinInit                            0x000006a8   Section        0  lpc1768_spi.o(i.SPI_PinInit)
    SPI_PinInit                              0x000006a9   Thumb Code   172  lpc1768_spi.o(i.SPI_PinInit)
    i.SPI_SetClock                           0x00000754   Section        0  lpc1768_spi.o(i.SPI_SetClock)
    SPI_SetClock                             0x00000755   Thumb Code    98  lpc1768_spi.o(i.SPI_SetClock)
    i.Spi_ClearFlag                          0x000007c4   Section        0  spi_transfer_bme280.o(i.Spi_ClearFlag)
    i.Spi_SetFlag                            0x000007d0   Section        0  spi_transfer_bme280.o(i.Spi_SetFlag)
    i.Spi_SetStatus                          0x000007dc   Section        0  spi_transfer_bme280.o(i.Spi_SetStatus)
    i.SystemInit                             0x000007ec   Section        0  system_lpc17xx.o(i.SystemInit)
    i.TIMER0_IRQHandler                      0x0000092c   Section        0  main.o(i.TIMER0_IRQHandler)
    i.TIMER1_IRQHandler                      0x00000940   Section        0  main.o(i.TIMER1_IRQHandler)
    i.Timer_configure                        0x00000954   Section        0  lpc1768_timer.o(i.Timer_configure)
    Timer_configure                          0x00000955   Thumb Code     6  lpc1768_timer.o(i.Timer_configure)
    i.Timer_init                             0x0000095a   Section        0  lpc1768_timer.o(i.Timer_init)
    i.Timer_setTime                          0x00000978   Section        0  lpc1768_timer.o(i.Timer_setTime)
    i.Timer_start                            0x0000097c   Section        0  lpc1768_timer.o(i.Timer_start)
    i.UART2_IRQHandler                       0x0000098a   Section        0  main.o(i.UART2_IRQHandler)
    i.UART2_IRQHandler_F                     0x00000994   Section        0  lpc1768_uart.o(i.UART2_IRQHandler_F)
    i.UART_Blocking_tx                       0x000009f4   Section        0  lpc1768_uart.o(i.UART_Blocking_tx)
    UART_Blocking_tx                         0x000009f5   Thumb Code    64  lpc1768_uart.o(i.UART_Blocking_tx)
    i.UART_D_THRE_I                          0x00000a34   Section        0  lpc1768_uart.o(i.UART_D_THRE_I)
    i.UART_E_RBR_I                           0x00000a42   Section        0  lpc1768_uart.o(i.UART_E_RBR_I)
    i.UART_E_THRE_I                          0x00000a50   Section        0  lpc1768_uart.o(i.UART_E_THRE_I)
    i.UART_EnableBuffers                     0x00000a5e   Section        0  lpc1768_uart.o(i.UART_EnableBuffers)
    UART_EnableBuffers                       0x00000a5f   Thumb Code     8  lpc1768_uart.o(i.UART_EnableBuffers)
    i.UART_Format                            0x00000a66   Section        0  lpc1768_uart.o(i.UART_Format)
    UART_Format                              0x00000a67   Thumb Code    80  lpc1768_uart.o(i.UART_Format)
    i.UART_GetClock                          0x00000ab8   Section        0  lpc1768_uart.o(i.UART_GetClock)
    UART_GetClock                            0x00000ab9   Thumb Code   262  lpc1768_uart.o(i.UART_GetClock)
    i.UART_Get_Number                        0x00000bc8   Section        0  lpc1768_uart.o(i.UART_Get_Number)
    UART_Get_Number                          0x00000bc9   Thumb Code    92  lpc1768_uart.o(i.UART_Get_Number)
    i.UART_IRQ_tx                            0x00000c3c   Section        0  lpc1768_uart.o(i.UART_IRQ_tx)
    UART_IRQ_tx                              0x00000c3d   Thumb Code   168  lpc1768_uart.o(i.UART_IRQ_tx)
    i.UART_Init                              0x00000ce4   Section        0  lpc1768_uart.o(i.UART_Init)
    i.UART_LtS                               0x00000d1c   Section        0  lpc1768_uart.o(i.UART_LtS)
    UART_LtS                                 0x00000d1d   Thumb Code    88  lpc1768_uart.o(i.UART_LtS)
    i.UART_PinInit                           0x00000d74   Section        0  lpc1768_uart.o(i.UART_PinInit)
    UART_PinInit                             0x00000d75   Thumb Code   114  lpc1768_uart.o(i.UART_PinInit)
    i.UART_Power_Enable                      0x00000de8   Section        0  lpc1768_uart.o(i.UART_Power_Enable)
    UART_Power_Enable                        0x00000de9   Thumb Code    94  lpc1768_uart.o(i.UART_Power_Enable)
    i.UART_SetBaudRate                       0x00000e4c   Section        0  lpc1768_uart.o(i.UART_SetBaudRate)
    UART_SetBaudRate                         0x00000e4d   Thumb Code    46  lpc1768_uart.o(i.UART_SetBaudRate)
    i.UART_load_fifo                         0x00000e7a   Section        0  lpc1768_uart.o(i.UART_load_fifo)
    UART_load_fifo                           0x00000e7b   Thumb Code    36  lpc1768_uart.o(i.UART_load_fifo)
    i.UART_rx                                0x00000e9e   Section        0  lpc1768_uart.o(i.UART_rx)
    i.UART_tx                                0x00000ed6   Section        0  lpc1768_uart.o(i.UART_tx)
    i.__NVIC_EnableIRQ                       0x00000f02   Section        0  main.o(i.__NVIC_EnableIRQ)
    __NVIC_EnableIRQ                         0x00000f03   Thumb Code    26  main.o(i.__NVIC_EnableIRQ)
    i.are_settings_changed                   0x00000f1c   Section        0  bme280.o(i.are_settings_changed)
    are_settings_changed                     0x00000f1d   Thumb Code    18  bme280.o(i.are_settings_changed)
    i.bme280_compensate_data                 0x00000f2e   Section        0  bme280.o(i.bme280_compensate_data)
    i.bme280_get_regs                        0x00000f88   Section        0  bme280.o(i.bme280_get_regs)
    i.bme280_get_sensor_data                 0x00000fc4   Section        0  bme280.o(i.bme280_get_sensor_data)
    i.bme280_get_sensor_mode                 0x0000101a   Section        0  bme280.o(i.bme280_get_sensor_mode)
    i.bme280_init                            0x00001044   Section        0  bme280.o(i.bme280_init)
    i.bme280_parse_sensor_data               0x000010a6   Section        0  bme280.o(i.bme280_parse_sensor_data)
    i.bme280_set_regs                        0x000010de   Section        0  bme280.o(i.bme280_set_regs)
    i.bme280_set_sensor_mode                 0x0000117c   Section        0  bme280.o(i.bme280_set_sensor_mode)
    i.bme280_set_sensor_settings             0x000011b6   Section        0  bme280.o(i.bme280_set_sensor_settings)
    i.bme280_soft_reset                      0x00001218   Section        0  bme280.o(i.bme280_soft_reset)
    i.compensate_humidity                    0x00001246   Section        0  bme280.o(i.compensate_humidity)
    compensate_humidity                      0x00001247   Thumb Code   270  bme280.o(i.compensate_humidity)
    i.compensate_pressure                    0x00001354   Section        0  bme280.o(i.compensate_pressure)
    compensate_pressure                      0x00001355   Thumb Code   400  bme280.o(i.compensate_pressure)
    i.compensate_temperature                 0x000014e8   Section        0  bme280.o(i.compensate_temperature)
    compensate_temperature                   0x000014e9   Thumb Code   136  bme280.o(i.compensate_temperature)
    i.delay_function                         0x00001574   Section        0  main.o(i.delay_function)
    i.fill_filter_settings                   0x000015a0   Section        0  bme280.o(i.fill_filter_settings)
    fill_filter_settings                     0x000015a1   Thumb Code    12  bme280.o(i.fill_filter_settings)
    i.fill_osr_press_settings                0x000015ac   Section        0  bme280.o(i.fill_osr_press_settings)
    fill_osr_press_settings                  0x000015ad   Thumb Code    12  bme280.o(i.fill_osr_press_settings)
    i.fill_osr_temp_settings                 0x000015b8   Section        0  bme280.o(i.fill_osr_temp_settings)
    fill_osr_temp_settings                   0x000015b9   Thumb Code    12  bme280.o(i.fill_osr_temp_settings)
    i.fill_standby_settings                  0x000015c4   Section        0  bme280.o(i.fill_standby_settings)
    fill_standby_settings                    0x000015c5   Thumb Code    12  bme280.o(i.fill_standby_settings)
    i.getPrescalarValue                      0x000015d0   Section        0  lpc1768_timer.o(i.getPrescalarValue)
    getPrescalarValue                        0x000015d1   Thumb Code   124  lpc1768_timer.o(i.getPrescalarValue)
    i.get_calib_data                         0x0000165c   Section        0  bme280.o(i.get_calib_data)
    get_calib_data                           0x0000165d   Thumb Code    72  bme280.o(i.get_calib_data)
    i.interleave_reg_addr                    0x000016a4   Section        0  bme280.o(i.interleave_reg_addr)
    interleave_reg_addr                      0x000016a5   Thumb Code    34  bme280.o(i.interleave_reg_addr)
    i.main                                   0x000016c8   Section        0  main.o(i.main)
    i.null_ptr_check                         0x00001928   Section        0  bme280.o(i.null_ptr_check)
    null_ptr_check                           0x00001929   Thumb Code    26  bme280.o(i.null_ptr_check)
    i.parse_device_settings                  0x00001942   Section        0  bme280.o(i.parse_device_settings)
    parse_device_settings                    0x00001943   Thumb Code    38  bme280.o(i.parse_device_settings)
    i.parse_humidity_calib_data              0x00001968   Section        0  bme280.o(i.parse_humidity_calib_data)
    parse_humidity_calib_data                0x00001969   Thumb Code    70  bme280.o(i.parse_humidity_calib_data)
    i.parse_temp_press_calib_data            0x000019ae   Section        0  bme280.o(i.parse_temp_press_calib_data)
    parse_temp_press_calib_data              0x000019af   Thumb Code   154  bme280.o(i.parse_temp_press_calib_data)
    i.put_device_to_sleep                    0x00001a48   Section        0  bme280.o(i.put_device_to_sleep)
    put_device_to_sleep                      0x00001a49   Thumb Code    52  bme280.o(i.put_device_to_sleep)
    i.reload_device_settings                 0x00001a7c   Section        0  bme280.o(i.reload_device_settings)
    reload_device_settings                   0x00001a7d   Thumb Code    36  bme280.o(i.reload_device_settings)
    i.save_read_data                         0x00001aa0   Section        0  spi_transfer_bme280.o(i.save_read_data)
    i.send_data                              0x00001b28   Section        0  spi_transfer_bme280.o(i.send_data)
    i.set_filter_standby_settings            0x00001b84   Section        0  bme280.o(i.set_filter_standby_settings)
    set_filter_standby_settings              0x00001b85   Thumb Code    80  bme280.o(i.set_filter_standby_settings)
    i.set_osr_humidity_settings              0x00001bd4   Section        0  bme280.o(i.set_osr_humidity_settings)
    set_osr_humidity_settings                0x00001bd5   Thumb Code    74  bme280.o(i.set_osr_humidity_settings)
    i.set_osr_press_temp_settings            0x00001c1e   Section        0  bme280.o(i.set_osr_press_temp_settings)
    set_osr_press_temp_settings              0x00001c1f   Thumb Code    80  bme280.o(i.set_osr_press_temp_settings)
    i.set_osr_settings                       0x00001c6e   Section        0  bme280.o(i.set_osr_settings)
    set_osr_settings                         0x00001c6f   Thumb Code    52  bme280.o(i.set_osr_settings)
    i.set_sensor_normal_mode                 0x00001ca2   Section        0  main.o(i.set_sensor_normal_mode)
    i.spi_read                               0x00001cf0   Section        0  spi_transfer_bme280.o(i.spi_read)
    i.spi_write                              0x00001d7c   Section        0  spi_transfer_bme280.o(i.spi_write)
    i.write_power_mode                       0x00001e10   Section        0  bme280.o(i.write_power_mode)
    write_power_mode                         0x00001e11   Thumb Code    56  bme280.o(i.write_power_mode)
    .data                                    0x10000000   Section        2  main.o(.data)
    T0_flag                                  0x10000000   Data           1  main.o(.data)
    T_up                                     0x10000001   Data           1  main.o(.data)
    .data                                    0x10000002   Section        1  lpc1768_adc.o(.data)
    .data                                    0x10000004   Section       12  lpc1768_uart.o(.data)
    .data                                    0x10000010   Section        5  spi_transfer_bme280.o(.data)
    transfer                                 0x10000010   Data           4  spi_transfer_bme280.o(.data)
    transferFlag                             0x10000014   Data           1  spi_transfer_bme280.o(.data)
    .data                                    0x10000018   Section        4  system_lpc17xx.o(.data)
    .bss                                     0x1000001c   Section       48  lpc1768_uart.o(.bss)
    .bss                                     0x1000004c   Section       24  spi_transfer_bme280.o(.bss)
    transfer_struc                           0x1000004c   Data          24  spi_transfer_bme280.o(.bss)
    .bss                                     0x10000064   Section       96  libspace.o(.bss)
    HEAP                                     0x100000c8   Section        0  startup_lpc17xx.o(HEAP)
    STACK                                    0x100000c8   Section      512  startup_lpc17xx.o(STACK)
    Heap_Mem                                 0x100000c8   Data           0  startup_lpc17xx.o(HEAP)
    Stack_Mem                                0x100000c8   Data         512  startup_lpc17xx.o(STACK)
    __initial_sp                             0x100002c8   Data           0  startup_lpc17xx.o(STACK)

    Global Symbols

    Symbol Name                              Value     Ov Type        Size  Object(Section)

    BuildAttributes$$THM_ISAv4$P$D$K$B$S$PE$A:L22UL41UL21$X:L11$S22US41US21$IEEE1$IW$USESV6$~STKCKD$USESV7$~SHL$OSPACE$ROPI$EBA8$UX$STANDARDLIB$REQ8$PRES8$EABIv2 0x00000000   Number         0  anon$$obj.o ABSOLUTE
    __ARM_use_no_argv                        0x00000000   Number         0  main.o ABSOLUTE
    __Vectors                                0x00000000   Data           4  startup_lpc17xx.o(RESET)
    __ARM_exceptions_init                     - Undefined Weak Reference
    __alloca_initialize                       - Undefined Weak Reference
    __arm_preinit_                            - Undefined Weak Reference
    __cpp_initialize__aeabi_                  - Undefined Weak Reference
    __cxa_finalize                            - Undefined Weak Reference
    __rt_locale                               - Undefined Weak Reference
    __sigvec_lookup                           - Undefined Weak Reference
    _atexit_init                              - Undefined Weak Reference
    _call_atexit_fns                          - Undefined Weak Reference
    _clock_init                               - Undefined Weak Reference
    _fp_trap_init                             - Undefined Weak Reference
    _fp_trap_shutdown                         - Undefined Weak Reference
    _get_lc_collate                           - Undefined Weak Reference
    _get_lc_ctype                             - Undefined Weak Reference
    _get_lc_monetary                          - Undefined Weak Reference
    _get_lc_numeric                           - Undefined Weak Reference
    _get_lc_time                              - Undefined Weak Reference
    _getenv_init                              - Undefined Weak Reference
    _handle_redirection                       - Undefined Weak Reference
    _init_alloc                               - Undefined Weak Reference
    _init_user_alloc                          - Undefined Weak Reference
    _initio                                   - Undefined Weak Reference
    _rand_init                                - Undefined Weak Reference
    _signal_finish                            - Undefined Weak Reference
    _signal_init                              - Undefined Weak Reference
    _terminate_alloc                          - Undefined Weak Reference
    _terminate_user_alloc                     - Undefined Weak Reference
    _terminateio                              - Undefined Weak Reference
    __main                                   0x000000cd   Thumb Code     8  __main.o(!!!main)
    __scatterload                            0x000000d5   Thumb Code     0  __scatter.o(!!!scatter)
    __scatterload_rt2                        0x000000d5   Thumb Code    44  __scatter.o(!!!scatter)
    __scatterload_rt2_thumb_only             0x000000d5   Thumb Code     0  __scatter.o(!!!scatter)
    __scatterload_null                       0x000000e3   Thumb Code     0  __scatter.o(!!!scatter)
    __scatterload_copy                       0x00000109   Thumb Code    26  __scatter_copy.o(!!handler_copy)
    __scatterload_zeroinit                   0x00000125   Thumb Code    28  __scatter_zi.o(!!handler_zi)
    __rt_lib_init                            0x00000141   Thumb Code     0  libinit.o(.ARM.Collect$$libinit$$00000000)
    __rt_lib_init_alloca_1                   0x00000143   Thumb Code     0  libinit2.o(.ARM.Collect$$libinit$$0000002E)
    __rt_lib_init_argv_1                     0x00000143   Thumb Code     0  libinit2.o(.ARM.Collect$$libinit$$0000002C)
    __rt_lib_init_atexit_1                   0x00000143   Thumb Code     0  libinit2.o(.ARM.Collect$$libinit$$0000001B)
    __rt_lib_init_clock_1                    0x00000143   Thumb Code     0  libinit2.o(.ARM.Collect$$libinit$$00000021)
    __rt_lib_init_cpp_1                      0x00000143   Thumb Code     0  libinit2.o(.ARM.Collect$$libinit$$00000032)
    __rt_lib_init_exceptions_1               0x00000143   Thumb Code     0  libinit2.o(.ARM.Collect$$libinit$$00000030)
    __rt_lib_init_fp_1                       0x00000143   Thumb Code     0  libinit2.o(.ARM.Collect$$libinit$$00000002)
    __rt_lib_init_fp_trap_1                  0x00000143   Thumb Code     0  libinit2.o(.ARM.Collect$$libinit$$0000001F)
    __rt_lib_init_getenv_1                   0x00000143   Thumb Code     0  libinit2.o(.ARM.Collect$$libinit$$00000023)
    __rt_lib_init_heap_1                     0x00000143   Thumb Code     0  libinit2.o(.ARM.Collect$$libinit$$0000000A)
    __rt_lib_init_lc_collate_1               0x00000143   Thumb Code     0  libinit2.o(.ARM.Collect$$libinit$$00000011)
    __rt_lib_init_lc_ctype_1                 0x00000143   Thumb Code     0  libinit2.o(.ARM.Collect$$libinit$$00000013)
    __rt_lib_init_lc_monetary_1              0x00000143   Thumb Code     0  libinit2.o(.ARM.Collect$$libinit$$00000015)
    __rt_lib_init_lc_numeric_1               0x00000143   Thumb Code     0  libinit2.o(.ARM.Collect$$libinit$$00000017)
    __rt_lib_init_lc_time_1                  0x00000143   Thumb Code     0  libinit2.o(.ARM.Collect$$libinit$$00000019)
    __rt_lib_init_preinit_1                  0x00000143   Thumb Code     0  libinit2.o(.ARM.Collect$$libinit$$00000004)
    __rt_lib_init_rand_1                     0x00000143   Thumb Code     0  libinit2.o(.ARM.Collect$$libinit$$0000000E)
    __rt_lib_init_return                     0x00000143   Thumb Code     0  libinit2.o(.ARM.Collect$$libinit$$00000033)
    __rt_lib_init_signal_1                   0x00000143   Thumb Code     0  libinit2.o(.ARM.Collect$$libinit$$0000001D)
    __rt_lib_init_stdio_1                    0x00000143   Thumb Code     0  libinit2.o(.ARM.Collect$$libinit$$00000025)
    __rt_lib_init_user_alloc_1               0x00000143   Thumb Code     0  libinit2.o(.ARM.Collect$$libinit$$0000000C)
    __rt_lib_shutdown                        0x00000145   Thumb Code     0  libshutdown.o(.ARM.Collect$$libshutdown$$00000000)
    __rt_lib_shutdown_cpp_1                  0x00000147   Thumb Code     0  libshutdown2.o(.ARM.Collect$$libshutdown$$00000002)
    __rt_lib_shutdown_fp_trap_1              0x00000147   Thumb Code     0  libshutdown2.o(.ARM.Collect$$libshutdown$$00000007)
    __rt_lib_shutdown_heap_1                 0x00000147   Thumb Code     0  libshutdown2.o(.ARM.Collect$$libshutdown$$0000000F)
    __rt_lib_shutdown_return                 0x00000147   Thumb Code     0  libshutdown2.o(.ARM.Collect$$libshutdown$$00000010)
    __rt_lib_shutdown_signal_1               0x00000147   Thumb Code     0  libshutdown2.o(.ARM.Collect$$libshutdown$$0000000A)
    __rt_lib_shutdown_stdio_1                0x00000147   Thumb Code     0  libshutdown2.o(.ARM.Collect$$libshutdown$$00000004)
    __rt_lib_shutdown_user_alloc_1           0x00000147   Thumb Code     0  libshutdown2.o(.ARM.Collect$$libshutdown$$0000000C)
    __rt_entry                               0x00000149   Thumb Code     0  __rtentry.o(.ARM.Collect$$rtentry$$00000000)
    __rt_entry_presh_1                       0x00000149   Thumb Code     0  __rtentry2.o(.ARM.Collect$$rtentry$$00000002)
    __rt_entry_sh                            0x00000149   Thumb Code     0  __rtentry4.o(.ARM.Collect$$rtentry$$00000004)
    __rt_entry_li                            0x0000014f   Thumb Code     0  __rtentry2.o(.ARM.Collect$$rtentry$$0000000A)
    __rt_entry_postsh_1                      0x0000014f   Thumb Code     0  __rtentry2.o(.ARM.Collect$$rtentry$$00000009)
    __rt_entry_main                          0x00000153   Thumb Code     0  __rtentry2.o(.ARM.Collect$$rtentry$$0000000D)
    __rt_entry_postli_1                      0x00000153   Thumb Code     0  __rtentry2.o(.ARM.Collect$$rtentry$$0000000C)
    __rt_exit                                0x0000015b   Thumb Code     0  rtexit.o(.ARM.Collect$$rtexit$$00000000)
    __rt_exit_ls                             0x0000015d   Thumb Code     0  rtexit2.o(.ARM.Collect$$rtexit$$00000003)
    __rt_exit_prels_1                        0x0000015d   Thumb Code     0  rtexit2.o(.ARM.Collect$$rtexit$$00000002)
    __rt_exit_exit                           0x00000161   Thumb Code     0  rtexit2.o(.ARM.Collect$$rtexit$$00000004)
    Reset_Handler                            0x00000169   Thumb Code     8  startup_lpc17xx.o(.text)
    NMI_Handler                              0x00000171   Thumb Code     2  startup_lpc17xx.o(.text)
    HardFault_Handler                        0x00000173   Thumb Code     2  startup_lpc17xx.o(.text)
    MemManage_Handler                        0x00000175   Thumb Code     2  startup_lpc17xx.o(.text)
    BusFault_Handler                         0x00000177   Thumb Code     2  startup_lpc17xx.o(.text)
    UsageFault_Handler                       0x00000179   Thumb Code     2  startup_lpc17xx.o(.text)
    SVC_Handler                              0x0000017b   Thumb Code     2  startup_lpc17xx.o(.text)
    DebugMon_Handler                         0x0000017d   Thumb Code     2  startup_lpc17xx.o(.text)
    PendSV_Handler                           0x0000017f   Thumb Code     2  startup_lpc17xx.o(.text)
    SysTick_Handler                          0x00000181   Thumb Code     2  startup_lpc17xx.o(.text)
    BOD_IRQHandler                           0x00000183   Thumb Code     0  startup_lpc17xx.o(.text)
    CANActivity_IRQHandler                   0x00000183   Thumb Code     0  startup_lpc17xx.o(.text)
    CAN_IRQHandler                           0x00000183   Thumb Code     0  startup_lpc17xx.o(.text)
    DMA_IRQHandler                           0x00000183   Thumb Code     0  startup_lpc17xx.o(.text)
    EINT0_IRQHandler                         0x00000183   Thumb Code     0  startup_lpc17xx.o(.text)
    EINT1_IRQHandler                         0x00000183   Thumb Code     0  startup_lpc17xx.o(.text)
    EINT2_IRQHandler                         0x00000183   Thumb Code     0  startup_lpc17xx.o(.text)
    EINT3_IRQHandler                         0x00000183   Thumb Code     0  startup_lpc17xx.o(.text)
    ENET_IRQHandler                          0x00000183   Thumb Code     0  startup_lpc17xx.o(.text)
    I2C0_IRQHandler                          0x00000183   Thumb Code     0  startup_lpc17xx.o(.text)
    I2C1_IRQHandler                          0x00000183   Thumb Code     0  startup_lpc17xx.o(.text)
    I2C2_IRQHandler                          0x00000183   Thumb Code     0  startup_lpc17xx.o(.text)
    I2S_IRQHandler                           0x00000183   Thumb Code     0  startup_lpc17xx.o(.text)
    MCPWM_IRQHandler                         0x00000183   Thumb Code     0  startup_lpc17xx.o(.text)
    PLL0_IRQHandler                          0x00000183   Thumb Code     0  startup_lpc17xx.o(.text)
    PLL1_IRQHandler                          0x00000183   Thumb Code     0  startup_lpc17xx.o(.text)
    PWM1_IRQHandler                          0x00000183   Thumb Code     0  startup_lpc17xx.o(.text)
    QEI_IRQHandler                           0x00000183   Thumb Code     0  startup_lpc17xx.o(.text)
    RIT_IRQHandler                           0x00000183   Thumb Code     0  startup_lpc17xx.o(.text)
    RTC_IRQHandler                           0x00000183   Thumb Code     0  startup_lpc17xx.o(.text)
    SSP0_IRQHandler                          0x00000183   Thumb Code     0  startup_lpc17xx.o(.text)
    SSP1_IRQHandler                          0x00000183   Thumb Code     0  startup_lpc17xx.o(.text)
    TIMER2_IRQHandler                        0x00000183   Thumb Code     0  startup_lpc17xx.o(.text)
    TIMER3_IRQHandler                        0x00000183   Thumb Code     0  startup_lpc17xx.o(.text)
    UART0_IRQHandler                         0x00000183   Thumb Code     0  startup_lpc17xx.o(.text)
    UART1_IRQHandler                         0x00000183   Thumb Code     0  startup_lpc17xx.o(.text)
    UART3_IRQHandler                         0x00000183   Thumb Code     0  startup_lpc17xx.o(.text)
    USBActivity_IRQHandler                   0x00000183   Thumb Code     0  startup_lpc17xx.o(.text)
    USB_IRQHandler                           0x00000183   Thumb Code     0  startup_lpc17xx.o(.text)
    WDT_IRQHandler                           0x00000183   Thumb Code     0  startup_lpc17xx.o(.text)
    __user_initial_stackheap                 0x00000185   Thumb Code     0  startup_lpc17xx.o(.text)
    __aeabi_memclr4                          0x000001a5   Thumb Code     0  rt_memclr_w.o(.text)
    __aeabi_memclr8                          0x000001a5   Thumb Code     0  rt_memclr_w.o(.text)
    __rt_memclr_w                            0x000001a5   Thumb Code    78  rt_memclr_w.o(.text)
    _memset_w                                0x000001a9   Thumb Code     0  rt_memclr_w.o(.text)
    __use_two_region_memory                  0x000001f3   Thumb Code     2  heapauxi.o(.text)
    __rt_heap_escrow$2region                 0x000001f5   Thumb Code     2  heapauxi.o(.text)
    __rt_heap_expand$2region                 0x000001f7   Thumb Code     2  heapauxi.o(.text)
    __user_setup_stackheap                   0x000001f9   Thumb Code    74  sys_stackheap_outer.o(.text)
    exit                                     0x00000243   Thumb Code    18  exit.o(.text)
    __user_libspace                          0x00000255   Thumb Code     8  libspace.o(.text)
    __user_perproc_libspace                  0x00000255   Thumb Code     0  libspace.o(.text)
    __user_perthread_libspace                0x00000255   Thumb Code     0  libspace.o(.text)
    _sys_exit                                0x0000025d   Thumb Code     8  sys_exit.o(.text)
    __I$use$semihosting                      0x00000269   Thumb Code     0  use_no_semi.o(.text)
    __use_no_semihosting_swi                 0x00000269   Thumb Code     2  use_no_semi.o(.text)
    __semihosting_library_function           0x0000026b   Thumb Code     0  indicate_semi.o(.text)
    ADC_E_I                                  0x0000026d   Thumb Code     8  lpc1768_adc.o(i.ADC_E_I)
    ADC_IRQHandler                           0x000002c1   Thumb Code    20  main.o(i.ADC_IRQHandler)
    ADC_Init                                 0x000002dd   Thumb Code    30  lpc1768_adc.o(i.ADC_Init)
    ADC_ReadData                             0x00000355   Thumb Code    38  lpc1768_adc.o(i.ADC_ReadData)
    ADC_StartConversion                      0x00000395   Thumb Code    14  lpc1768_adc.o(i.ADC_StartConversion)
    GPIO_PinDirection                        0x000003a9   Thumb Code   184  lpc1768_gpio.o(i.GPIO_PinDirection)
    GPIO_PinFunction                         0x00000465   Thumb Code   108  lpc1768_gpio.o(i.GPIO_PinFunction)
    GPIO_PinWrite                            0x000004d5   Thumb Code    46  lpc1768_gpio.o(i.GPIO_PinWrite)
    LED_init                                 0x00000509   Thumb Code    84  lpc1768_led.o(i.LED_init)
    LED_off                                  0x0000055d   Thumb Code    66  lpc1768_led.o(i.LED_off)
    LED_on                                   0x0000059f   Thumb Code    66  lpc1768_led.o(i.LED_on)
    SPI_DisableInterrupt                     0x00000609   Thumb Code    16  lpc1768_spi.o(i.SPI_DisableInterrupt)
    SPI_EnableInterrupt                      0x00000635   Thumb Code    14  lpc1768_spi.o(i.SPI_EnableInterrupt)
    SPI_IRQHandler                           0x00000649   Thumb Code    32  main.o(i.SPI_IRQHandler)
    SPI_Init                                 0x0000066d   Thumb Code    54  lpc1768_spi.o(i.SPI_Init)
    Spi_ClearFlag                            0x000007c5   Thumb Code     8  spi_transfer_bme280.o(i.Spi_ClearFlag)
    Spi_SetFlag                              0x000007d1   Thumb Code     8  spi_transfer_bme280.o(i.Spi_SetFlag)
    Spi_SetStatus                            0x000007dd   Thumb Code    10  spi_transfer_bme280.o(i.Spi_SetStatus)
    SystemInit                               0x000007ed   Thumb Code   302  system_lpc17xx.o(i.SystemInit)
    TIMER0_IRQHandler                        0x0000092d   Thumb Code    14  main.o(i.TIMER0_IRQHandler)
    TIMER1_IRQHandler                        0x00000941   Thumb Code    12  main.o(i.TIMER1_IRQHandler)
    Timer_init                               0x0000095b   Thumb Code    30  lpc1768_timer.o(i.Timer_init)
    Timer_setTime                            0x00000979   Thumb Code     4  lpc1768_timer.o(i.Timer_setTime)
    Timer_start                              0x0000097d   Thumb Code    14  lpc1768_timer.o(i.Timer_start)
    UART2_IRQHandler                         0x0000098b   Thumb Code     8  main.o(i.UART2_IRQHandler)
    UART2_IRQHandler_F                       0x00000995   Thumb Code    86  lpc1768_uart.o(i.UART2_IRQHandler_F)
    UART_D_THRE_I                            0x00000a35   Thumb Code    14  lpc1768_uart.o(i.UART_D_THRE_I)
    UART_E_RBR_I                             0x00000a43   Thumb Code    14  lpc1768_uart.o(i.UART_E_RBR_I)
    UART_E_THRE_I                            0x00000a51   Thumb Code    14  lpc1768_uart.o(i.UART_E_THRE_I)
    UART_Init                                0x00000ce5   Thumb Code    56  lpc1768_uart.o(i.UART_Init)
    UART_rx                                  0x00000e9f   Thumb Code    56  lpc1768_uart.o(i.UART_rx)
    UART_tx                                  0x00000ed7   Thumb Code    44  lpc1768_uart.o(i.UART_tx)
    bme280_compensate_data                   0x00000f2f   Thumb Code    90  bme280.o(i.bme280_compensate_data)
    bme280_get_regs                          0x00000f89   Thumb Code    60  bme280.o(i.bme280_get_regs)
    bme280_get_sensor_data                   0x00000fc5   Thumb Code    86  bme280.o(i.bme280_get_sensor_data)
    bme280_get_sensor_mode                   0x0000101b   Thumb Code    42  bme280.o(i.bme280_get_sensor_mode)
    bme280_init                              0x00001045   Thumb Code    98  bme280.o(i.bme280_init)
    bme280_parse_sensor_data                 0x000010a7   Thumb Code    56  bme280.o(i.bme280_parse_sensor_data)
    bme280_set_regs                          0x000010df   Thumb Code   158  bme280.o(i.bme280_set_regs)
    bme280_set_sensor_mode                   0x0000117d   Thumb Code    58  bme280.o(i.bme280_set_sensor_mode)
    bme280_set_sensor_settings               0x000011b7   Thumb Code    98  bme280.o(i.bme280_set_sensor_settings)
    bme280_soft_reset                        0x00001219   Thumb Code    46  bme280.o(i.bme280_soft_reset)
    delay_function                           0x00001575   Thumb Code    40  main.o(i.delay_function)
    main                                     0x000016c9   Thumb Code   574  main.o(i.main)
    save_read_data                           0x00001aa1   Thumb Code   126  spi_transfer_bme280.o(i.save_read_data)
    send_data                                0x00001b29   Thumb Code    84  spi_transfer_bme280.o(i.send_data)
    set_sensor_normal_mode                   0x00001ca3   Thumb Code    76  main.o(i.set_sensor_normal_mode)
    spi_read                                 0x00001cf1   Thumb Code   128  spi_transfer_bme280.o(i.spi_read)
    spi_write                                0x00001d7d   Thumb Code   136  spi_transfer_bme280.o(i.spi_write)
    Region$$Table$$Base                      0x00001e48   Number         0  anon$$obj.o(Region$$Table)
    Region$$Table$$Limit                     0x00001e68   Number         0  anon$$obj.o(Region$$Table)
    ADC0_INT0                                0x10000002   Data           1  lpc1768_adc.o(.data)
    F0_ptr                                   0x10000004   Data           4  lpc1768_uart.o(.data)
    F2_ptr                                   0x10000008   Data           4  lpc1768_uart.o(.data)
    F3_ptr                                   0x1000000c   Data           4  lpc1768_uart.o(.data)
    SystemCoreClock                          0x10000018   Data           4  system_lpc17xx.o(.data)
    F0                                       0x1000001c   Data          16  lpc1768_uart.o(.bss)
    F2                                       0x1000002c   Data          16  lpc1768_uart.o(.bss)
    F3                                       0x1000003c   Data          16  lpc1768_uart.o(.bss)
    __libspace_start                         0x10000064   Data          96  libspace.o(.bss)
    __temporary_stack_top$libspace           0x100000c4   Data           0  libspace.o(.bss)



==============================================================================

Memory Map of the image

  Image Entry point : 0x000000cd

  Load Region LR_IROM1 (Base: 0x00000000, Size: 0x00001e84, Max: 0x00080000, ABSOLUTE)

    Execution Region ER_IROM1 (Exec base: 0x00000000, Load base: 0x00000000, Size: 0x00001e68, Max: 0x00080000, ABSOLUTE)

    Exec Addr    Load Addr    Size         Type   Attr      Idx    E Section Name        Object

    0x00000000   0x00000000   0x000000cc   Data   RO          862    RESET               startup_lpc17xx.o
    0x000000cc   0x000000cc   0x00000008   Code   RO          921  * !!!main             c_w.l(__main.o)
    0x000000d4   0x000000d4   0x00000034   Code   RO         1088    !!!scatter          c_w.l(__scatter.o)
    0x00000108   0x00000108   0x0000001a   Code   RO         1090    !!handler_copy      c_w.l(__scatter_copy.o)
    0x00000122   0x00000122   0x00000002   PAD
    0x00000124   0x00000124   0x0000001c   Code   RO         1092    !!handler_zi        c_w.l(__scatter_zi.o)
    0x00000140   0x00000140   0x00000002   Code   RO          958    .ARM.Collect$$libinit$$00000000  c_w.l(libinit.o)
    0x00000142   0x00000142   0x00000000   Code   RO          971    .ARM.Collect$$libinit$$00000002  c_w.l(libinit2.o)
    0x00000142   0x00000142   0x00000000   Code   RO          973    .ARM.Collect$$libinit$$00000004  c_w.l(libinit2.o)
    0x00000142   0x00000142   0x00000000   Code   RO          976    .ARM.Collect$$libinit$$0000000A  c_w.l(libinit2.o)
    0x00000142   0x00000142   0x00000000   Code   RO          978    .ARM.Collect$$libinit$$0000000C  c_w.l(libinit2.o)
    0x00000142   0x00000142   0x00000000   Code   RO          980    .ARM.Collect$$libinit$$0000000E  c_w.l(libinit2.o)
    0x00000142   0x00000142   0x00000000   Code   RO          983    .ARM.Collect$$libinit$$00000011  c_w.l(libinit2.o)
    0x00000142   0x00000142   0x00000000   Code   RO          985    .ARM.Collect$$libinit$$00000013  c_w.l(libinit2.o)
    0x00000142   0x00000142   0x00000000   Code   RO          987    .ARM.Collect$$libinit$$00000015  c_w.l(libinit2.o)
    0x00000142   0x00000142   0x00000000   Code   RO          989    .ARM.Collect$$libinit$$00000017  c_w.l(libinit2.o)
    0x00000142   0x00000142   0x00000000   Code   RO          991    .ARM.Collect$$libinit$$00000019  c_w.l(libinit2.o)
    0x00000142   0x00000142   0x00000000   Code   RO          993    .ARM.Collect$$libinit$$0000001B  c_w.l(libinit2.o)
    0x00000142   0x00000142   0x00000000   Code   RO          995    .ARM.Collect$$libinit$$0000001D  c_w.l(libinit2.o)
    0x00000142   0x00000142   0x00000000   Code   RO          997    .ARM.Collect$$libinit$$0000001F  c_w.l(libinit2.o)
    0x00000142   0x00000142   0x00000000   Code   RO          999    .ARM.Collect$$libinit$$00000021  c_w.l(libinit2.o)
    0x00000142   0x00000142   0x00000000   Code   RO         1001    .ARM.Collect$$libinit$$00000023  c_w.l(libinit2.o)
    0x00000142   0x00000142   0x00000000   Code   RO         1003    .ARM.Collect$$libinit$$00000025  c_w.l(libinit2.o)
    0x00000142   0x00000142   0x00000000   Code   RO         1007    .ARM.Collect$$libinit$$0000002C  c_w.l(libinit2.o)
    0x00000142   0x00000142   0x00000000   Code   RO         1009    .ARM.Collect$$libinit$$0000002E  c_w.l(libinit2.o)
    0x00000142   0x00000142   0x00000000   Code   RO         1011    .ARM.Collect$$libinit$$00000030  c_w.l(libinit2.o)
    0x00000142   0x00000142   0x00000000   Code   RO         1013    .ARM.Collect$$libinit$$00000032  c_w.l(libinit2.o)
    0x00000142   0x00000142   0x00000002   Code   RO         1014    .ARM.Collect$$libinit$$00000033  c_w.l(libinit2.o)
    0x00000144   0x00000144   0x00000002   Code   RO         1045    .ARM.Collect$$libshutdown$$00000000  c_w.l(libshutdown.o)
    0x00000146   0x00000146   0x00000000   Code   RO         1071    .ARM.Collect$$libshutdown$$00000002  c_w.l(libshutdown2.o)
    0x00000146   0x00000146   0x00000000   Code   RO         1073    .ARM.Collect$$libshutdown$$00000004  c_w.l(libshutdown2.o)
    0x00000146   0x00000146   0x00000000   Code   RO         1076    .ARM.Collect$$libshutdown$$00000007  c_w.l(libshutdown2.o)
    0x00000146   0x00000146   0x00000000   Code   RO         1079    .ARM.Collect$$libshutdown$$0000000A  c_w.l(libshutdown2.o)
    0x00000146   0x00000146   0x00000000   Code   RO         1081    .ARM.Collect$$libshutdown$$0000000C  c_w.l(libshutdown2.o)
    0x00000146   0x00000146   0x00000000   Code   RO         1084    .ARM.Collect$$libshutdown$$0000000F  c_w.l(libshutdown2.o)
    0x00000146   0x00000146   0x00000002   Code   RO         1085    .ARM.Collect$$libshutdown$$00000010  c_w.l(libshutdown2.o)
    0x00000148   0x00000148   0x00000000   Code   RO          923    .ARM.Collect$$rtentry$$00000000  c_w.l(__rtentry.o)
    0x00000148   0x00000148   0x00000000   Code   RO          929    .ARM.Collect$$rtentry$$00000002  c_w.l(__rtentry2.o)
    0x00000148   0x00000148   0x00000006   Code   RO          941    .ARM.Collect$$rtentry$$00000004  c_w.l(__rtentry4.o)
    0x0000014e   0x0000014e   0x00000000   Code   RO          931    .ARM.Collect$$rtentry$$00000009  c_w.l(__rtentry2.o)
    0x0000014e   0x0000014e   0x00000004   Code   RO          932    .ARM.Collect$$rtentry$$0000000A  c_w.l(__rtentry2.o)
    0x00000152   0x00000152   0x00000000   Code   RO          934    .ARM.Collect$$rtentry$$0000000C  c_w.l(__rtentry2.o)
    0x00000152   0x00000152   0x00000008   Code   RO          935    .ARM.Collect$$rtentry$$0000000D  c_w.l(__rtentry2.o)
    0x0000015a   0x0000015a   0x00000002   Code   RO          962    .ARM.Collect$$rtexit$$00000000  c_w.l(rtexit.o)
    0x0000015c   0x0000015c   0x00000000   Code   RO         1018    .ARM.Collect$$rtexit$$00000002  c_w.l(rtexit2.o)
    0x0000015c   0x0000015c   0x00000004   Code   RO         1019    .ARM.Collect$$rtexit$$00000003  c_w.l(rtexit2.o)
    0x00000160   0x00000160   0x00000006   Code   RO         1020    .ARM.Collect$$rtexit$$00000004  c_w.l(rtexit2.o)
    0x00000166   0x00000166   0x00000002   PAD
    0x00000168   0x00000168   0x0000003c   Code   RO          864    .text               startup_lpc17xx.o
    0x000001a4   0x000001a4   0x0000004e   Code   RO          917    .text               c_w.l(rt_memclr_w.o)
    0x000001f2   0x000001f2   0x00000006   Code   RO          919    .text               c_w.l(heapauxi.o)
    0x000001f8   0x000001f8   0x0000004a   Code   RO          945    .text               c_w.l(sys_stackheap_outer.o)
    0x00000242   0x00000242   0x00000012   Code   RO          947    .text               c_w.l(exit.o)
    0x00000254   0x00000254   0x00000008   Code   RO          959    .text               c_w.l(libspace.o)
    0x0000025c   0x0000025c   0x0000000c   Code   RO         1015    .text               c_w.l(sys_exit.o)
    0x00000268   0x00000268   0x00000002   Code   RO         1034    .text               c_w.l(use_no_semi.o)
    0x0000026a   0x0000026a   0x00000000   Code   RO         1036    .text               c_w.l(indicate_semi.o)
    0x0000026a   0x0000026a   0x00000002   PAD
    0x0000026c   0x0000026c   0x0000000c   Code   RO          321    i.ADC_E_I           lpc1768_adc.o
    0x00000278   0x00000278   0x00000048   Code   RO          322    i.ADC_GetClock      lpc1768_adc.o
    0x000002c0   0x000002c0   0x0000001c   Code   RO            4    i.ADC_IRQHandler    main.o
    0x000002dc   0x000002dc   0x0000001e   Code   RO          323    i.ADC_Init          lpc1768_adc.o
    0x000002fa   0x000002fa   0x00000002   PAD
    0x000002fc   0x000002fc   0x00000004   Code   RO          863    .ARM.__at_0x02FC    startup_lpc17xx.o
    0x00000300   0x00000300   0x0000002c   Code   RO          324    i.ADC_PinInit       lpc1768_adc.o
    0x0000032c   0x0000032c   0x00000028   Code   RO          326    i.ADC_Power_Enable  lpc1768_adc.o
    0x00000354   0x00000354   0x0000002c   Code   RO          327    i.ADC_ReadData      lpc1768_adc.o
    0x00000380   0x00000380   0x00000014   Code   RO          328    i.ADC_SetSampleRate  lpc1768_adc.o
    0x00000394   0x00000394   0x00000014   Code   RO          329    i.ADC_StartConversion  lpc1768_adc.o
    0x000003a8   0x000003a8   0x000000bc   Code   RO          626    i.GPIO_PinDirection  lpc1768_gpio.o
    0x00000464   0x00000464   0x00000070   Code   RO          627    i.GPIO_PinFunction  lpc1768_gpio.o
    0x000004d4   0x000004d4   0x00000034   Code   RO          630    i.GPIO_PinWrite     lpc1768_gpio.o
    0x00000508   0x00000508   0x00000054   Code   RO          674    i.LED_init          lpc1768_led.o
    0x0000055c   0x0000055c   0x00000042   Code   RO          675    i.LED_off           lpc1768_led.o
    0x0000059e   0x0000059e   0x00000042   Code   RO          676    i.LED_on            lpc1768_led.o
    0x000005e0   0x000005e0   0x00000028   Code   RO          768    i.SPI_ControlRegister_Init  lpc1768_spi.o
    0x00000608   0x00000608   0x00000014   Code   RO          770    i.SPI_DisableInterrupt  lpc1768_spi.o
    0x0000061c   0x0000061c   0x00000018   Code   RO          771    i.SPI_Enable        lpc1768_spi.o
    0x00000634   0x00000634   0x00000014   Code   RO          772    i.SPI_EnableInterrupt  lpc1768_spi.o
    0x00000648   0x00000648   0x00000024   Code   RO            5    i.SPI_IRQHandler    main.o
    0x0000066c   0x0000066c   0x0000003c   Code   RO          774    i.SPI_Init          lpc1768_spi.o
    0x000006a8   0x000006a8   0x000000ac   Code   RO          777    i.SPI_PinInit       lpc1768_spi.o
    0x00000754   0x00000754   0x00000070   Code   RO          778    i.SPI_SetClock      lpc1768_spi.o
    0x000007c4   0x000007c4   0x0000000c   Code   RO          551    i.Spi_ClearFlag     spi_transfer_bme280.o
    0x000007d0   0x000007d0   0x0000000c   Code   RO          553    i.Spi_SetFlag       spi_transfer_bme280.o
    0x000007dc   0x000007dc   0x00000010   Code   RO          554    i.Spi_SetStatus     spi_transfer_bme280.o
    0x000007ec   0x000007ec   0x00000140   Code   RO          874    i.SystemInit        system_lpc17xx.o
    0x0000092c   0x0000092c   0x00000014   Code   RO            6    i.TIMER0_IRQHandler  main.o
    0x00000940   0x00000940   0x00000014   Code   RO            7    i.TIMER1_IRQHandler  main.o
    0x00000954   0x00000954   0x00000006   Code   RO          713    i.Timer_configure   lpc1768_timer.o
    0x0000095a   0x0000095a   0x0000001e   Code   RO          714    i.Timer_init        lpc1768_timer.o
    0x00000978   0x00000978   0x00000004   Code   RO          715    i.Timer_setTime     lpc1768_timer.o
    0x0000097c   0x0000097c   0x0000000e   Code   RO          716    i.Timer_start       lpc1768_timer.o
    0x0000098a   0x0000098a   0x00000008   Code   RO            8    i.UART2_IRQHandler  main.o
    0x00000992   0x00000992   0x00000002   PAD
    0x00000994   0x00000994   0x00000060   Code   RO          407    i.UART2_IRQHandler_F  lpc1768_uart.o
    0x000009f4   0x000009f4   0x00000040   Code   RO          409    i.UART_Blocking_tx  lpc1768_uart.o
    0x00000a34   0x00000a34   0x0000000e   Code   RO          411    i.UART_D_THRE_I     lpc1768_uart.o
    0x00000a42   0x00000a42   0x0000000e   Code   RO          412    i.UART_E_RBR_I      lpc1768_uart.o
    0x00000a50   0x00000a50   0x0000000e   Code   RO          413    i.UART_E_THRE_I     lpc1768_uart.o
    0x00000a5e   0x00000a5e   0x00000008   Code   RO          414    i.UART_EnableBuffers  lpc1768_uart.o
    0x00000a66   0x00000a66   0x00000050   Code   RO          415    i.UART_Format       lpc1768_uart.o
    0x00000ab6   0x00000ab6   0x00000002   PAD
    0x00000ab8   0x00000ab8   0x00000110   Code   RO          416    i.UART_GetClock     lpc1768_uart.o
    0x00000bc8   0x00000bc8   0x00000074   Code   RO          417    i.UART_Get_Number   lpc1768_uart.o
    0x00000c3c   0x00000c3c   0x000000a8   Code   RO          418    i.UART_IRQ_tx       lpc1768_uart.o
    0x00000ce4   0x00000ce4   0x00000038   Code   RO          419    i.UART_Init         lpc1768_uart.o
    0x00000d1c   0x00000d1c   0x00000058   Code   RO          420    i.UART_LtS          lpc1768_uart.o
    0x00000d74   0x00000d74   0x00000072   Code   RO          421    i.UART_PinInit      lpc1768_uart.o
    0x00000de6   0x00000de6   0x00000002   PAD
    0x00000de8   0x00000de8   0x00000064   Code   RO          423    i.UART_Power_Enable  lpc1768_uart.o
    0x00000e4c   0x00000e4c   0x0000002e   Code   RO          424    i.UART_SetBaudRate  lpc1768_uart.o
    0x00000e7a   0x00000e7a   0x00000024   Code   RO          425    i.UART_load_fifo    lpc1768_uart.o
    0x00000e9e   0x00000e9e   0x00000038   Code   RO          426    i.UART_rx           lpc1768_uart.o
    0x00000ed6   0x00000ed6   0x0000002c   Code   RO          427    i.UART_tx           lpc1768_uart.o
    0x00000f02   0x00000f02   0x0000001a   Code   RO            9    i.__NVIC_EnableIRQ  main.o
    0x00000f1c   0x00000f1c   0x00000012   Code   RO          134    i.are_settings_changed  bme280.o
    0x00000f2e   0x00000f2e   0x0000005a   Code   RO          135    i.bme280_compensate_data  bme280.o
    0x00000f88   0x00000f88   0x0000003c   Code   RO          136    i.bme280_get_regs   bme280.o
    0x00000fc4   0x00000fc4   0x00000056   Code   RO          137    i.bme280_get_sensor_data  bme280.o
    0x0000101a   0x0000101a   0x0000002a   Code   RO          138    i.bme280_get_sensor_mode  bme280.o
    0x00001044   0x00001044   0x00000062   Code   RO          140    i.bme280_init       bme280.o
    0x000010a6   0x000010a6   0x00000038   Code   RO          141    i.bme280_parse_sensor_data  bme280.o
    0x000010de   0x000010de   0x0000009e   Code   RO          142    i.bme280_set_regs   bme280.o
    0x0000117c   0x0000117c   0x0000003a   Code   RO          143    i.bme280_set_sensor_mode  bme280.o
    0x000011b6   0x000011b6   0x00000062   Code   RO          144    i.bme280_set_sensor_settings  bme280.o
    0x00001218   0x00001218   0x0000002e   Code   RO          145    i.bme280_soft_reset  bme280.o
    0x00001246   0x00001246   0x0000010e   Code   RO          146    i.compensate_humidity  bme280.o
    0x00001354   0x00001354   0x00000194   Code   RO          147    i.compensate_pressure  bme280.o
    0x000014e8   0x000014e8   0x0000008c   Code   RO          148    i.compensate_temperature  bme280.o
    0x00001574   0x00001574   0x0000002c   Code   RO           10    i.delay_function    main.o
    0x000015a0   0x000015a0   0x0000000c   Code   RO          149    i.fill_filter_settings  bme280.o
    0x000015ac   0x000015ac   0x0000000c   Code   RO          150    i.fill_osr_press_settings  bme280.o
    0x000015b8   0x000015b8   0x0000000c   Code   RO          151    i.fill_osr_temp_settings  bme280.o
    0x000015c4   0x000015c4   0x0000000c   Code   RO          152    i.fill_standby_settings  bme280.o
    0x000015d0   0x000015d0   0x0000008c   Code   RO          718    i.getPrescalarValue  lpc1768_timer.o
    0x0000165c   0x0000165c   0x00000048   Code   RO          153    i.get_calib_data    bme280.o
    0x000016a4   0x000016a4   0x00000022   Code   RO          154    i.interleave_reg_addr  bme280.o
    0x000016c6   0x000016c6   0x00000002   PAD
    0x000016c8   0x000016c8   0x00000260   Code   RO           11    i.main              main.o
    0x00001928   0x00001928   0x0000001a   Code   RO          155    i.null_ptr_check    bme280.o
    0x00001942   0x00001942   0x00000026   Code   RO          156    i.parse_device_settings  bme280.o
    0x00001968   0x00001968   0x00000046   Code   RO          157    i.parse_humidity_calib_data  bme280.o
    0x000019ae   0x000019ae   0x0000009a   Code   RO          158    i.parse_temp_press_calib_data  bme280.o
    0x00001a48   0x00001a48   0x00000034   Code   RO          159    i.put_device_to_sleep  bme280.o
    0x00001a7c   0x00001a7c   0x00000024   Code   RO          160    i.reload_device_settings  bme280.o
    0x00001aa0   0x00001aa0   0x00000088   Code   RO          555    i.save_read_data    spi_transfer_bme280.o
    0x00001b28   0x00001b28   0x0000005c   Code   RO          556    i.send_data         spi_transfer_bme280.o
    0x00001b84   0x00001b84   0x00000050   Code   RO          161    i.set_filter_standby_settings  bme280.o
    0x00001bd4   0x00001bd4   0x0000004a   Code   RO          162    i.set_osr_humidity_settings  bme280.o
    0x00001c1e   0x00001c1e   0x00000050   Code   RO          163    i.set_osr_press_temp_settings  bme280.o
    0x00001c6e   0x00001c6e   0x00000034   Code   RO          164    i.set_osr_settings  bme280.o
    0x00001ca2   0x00001ca2   0x0000004c   Code   RO           12    i.set_sensor_normal_mode  main.o
    0x00001cee   0x00001cee   0x00000002   PAD
    0x00001cf0   0x00001cf0   0x0000008c   Code   RO          557    i.spi_read          spi_transfer_bme280.o
    0x00001d7c   0x00001d7c   0x00000094   Code   RO          558    i.spi_write         spi_transfer_bme280.o
    0x00001e10   0x00001e10   0x00000038   Code   RO          165    i.write_power_mode  bme280.o
    0x00001e48   0x00001e48   0x00000020   Data   RO         1086    Region$$Table       anon$$obj.o


    Execution Region RW_IRAM1 (Exec base: 0x10000000, Load base: 0x00001e68, Size: 0x000002c8, Max: 0x00008000, ABSOLUTE)

    Exec Addr    Load Addr    Size         Type   Attr      Idx    E Section Name        Object

    0x10000000   0x00001e68   0x00000002   Data   RW           13    .data               main.o
    0x10000002   0x00001e6a   0x00000001   Data   RW          330    .data               lpc1768_adc.o
    0x10000003   0x00001e6b   0x00000001   PAD
    0x10000004   0x00001e6c   0x0000000c   Data   RW          429    .data               lpc1768_uart.o
    0x10000010   0x00001e78   0x00000005   Data   RW          560    .data               spi_transfer_bme280.o
    0x10000015   0x00001e7d   0x00000003   PAD
    0x10000018   0x00001e80   0x00000004   Data   RW          875    .data               system_lpc17xx.o
    0x1000001c        -       0x00000030   Zero   RW          428    .bss                lpc1768_uart.o
    0x1000004c        -       0x00000018   Zero   RW          559    .bss                spi_transfer_bme280.o
    0x10000064        -       0x00000060   Zero   RW          960    .bss                c_w.l(libspace.o)
    0x100000c4   0x00001e84   0x00000004   PAD
    0x100000c8        -       0x00000000   Zero   RW          861    HEAP                startup_lpc17xx.o
    0x100000c8        -       0x00000200   Zero   RW          860    STACK               startup_lpc17xx.o


==============================================================================

Image component sizes


      Code (inc. data)   RO Data    RW Data    ZI Data      Debug   Object Name

      2496          8          0          0          0      24118   bme280.o
       282         48          0          1          0       5226   lpc1768_adc.o
       352         26          0          0          0       2383   lpc1768_gpio.o
       216          0          0          0          0       1514   lpc1768_led.o
       448         40          0          0          0       3768   lpc1768_spi.o
       194         16          0          0          0       4919   lpc1768_timer.o
      1386         50          0         12         48      13120   lpc1768_uart.o
       866         64          0          2          0      66361   main.o
       556         56          0          5         24       7914   spi_transfer_bme280.o
        64         26        204          0        512       1044   startup_lpc17xx.o
       320         18          0          4          0        851   system_lpc17xx.o

    ----------------------------------------------------------------------
      7192        352        236         28        584     131218   Object Totals
         0          0         32          0          0          0   (incl. Generated)
        12          0          0          4          0          0   (incl. Padding)

    ----------------------------------------------------------------------

      Code (inc. data)   RO Data    RW Data    ZI Data      Debug   Library Member Name

         8          0          0          0          0         68   __main.o
         0          0          0          0          0          0   __rtentry.o
        12          0          0          0          0          0   __rtentry2.o
         6          0          0          0          0          0   __rtentry4.o
        52          8          0          0          0          0   __scatter.o
        26          0          0          0          0          0   __scatter_copy.o
        28          0          0          0          0          0   __scatter_zi.o
        18          0          0          0          0         80   exit.o
         6          0          0          0          0        152   heapauxi.o
         0          0          0          0          0          0   indicate_semi.o
         2          0          0          0          0          0   libinit.o
         2          0          0          0          0          0   libinit2.o
         2          0          0          0          0          0   libshutdown.o
         2          0          0          0          0          0   libshutdown2.o
         8          4          0          0         96         68   libspace.o
        78          0          0          0          0         80   rt_memclr_w.o
         2          0          0          0          0          0   rtexit.o
        10          0          0          0          0          0   rtexit2.o
        12          4          0          0          0         68   sys_exit.o
        74          0          0          0          0         80   sys_stackheap_outer.o
         2          0          0          0          0         68   use_no_semi.o

    ----------------------------------------------------------------------
       356         16          0          0        100        664   Library Totals
         6          0          0          0          4          0   (incl. Padding)

    ----------------------------------------------------------------------

      Code (inc. data)   RO Data    RW Data    ZI Data      Debug   Library Name

       350         16          0          0         96        664   c_w.l

    ----------------------------------------------------------------------
       356         16          0          0        100        664   Library Totals

    ----------------------------------------------------------------------

==============================================================================


      Code (inc. data)   RO Data    RW Data    ZI Data      Debug   

      7548        368        236         28        684     127042   Grand Totals
      7548        368        236         28        684     127042   ELF Image Totals
      7548        368        236         28          0          0   ROM Totals

==============================================================================

    Total RO  Size (Code + RO Data)                 7784 (   7.60kB)
    Total RW  Size (RW Data + ZI Data)               712 (   0.70kB)
    Total ROM Size (Code + RO Data + RW Data)       7812 (   7.63kB)

==============================================================================

