<html>
<body>
<pre>
<h1>µVision Build Log</h1>
<h2>Tool Versions:</h2>
IDE-Version: µVision V5.22.0.0
Copyright (C) 2016 ARM Ltd and ARM Germany GmbH. All rights reserved.
License Information: Bill Microsoft, Microsoft, LIC=JDASB-2U2DJ-HQ90I-TA8D9-VJYCR-0S6XS
 
Tool Versions:
Toolchain:       MDK-ARM Professional  Version: 5.22
Toolchain Path:  C:\Keil_v5_ARM\ARM\ARMCC\Bin
C Compiler:      Armcc.exe V5.06 update 4 (build 422)
Assembler:       Armasm.exe V5.06 update 4 (build 422)
Linker/Locator:  ArmLink.exe V5.06 update 4 (build 422)
Library Manager: ArmAr.exe V5.06 update 4 (build 422)
Hex Converter:   FromElf.exe V5.06 update 4 (build 422)
CPU DLL:         SARMCM3.DLL V5.22
Dialog DLL:      DARMP1.DLL V1.27.0.0
Target DLL:      UL2CM3.DLL V1.159.0.0
Dialog DLL:      TARMP1.DLL V1.26.0.0
 
<h2>Project:</h2>
C:\Users\Aleksandar\Keil_ARM_projects\RTOS2_v3_0_RR&ThreadFlags\rtos.uvprojx
Project File Date:  05/20/2018

<h2>Output:</h2>
*** Using Compiler 'V5.06 update 4 (build 422)', folder: 'C:\Keil_v5_ARM\ARM\ARMCC\Bin'
Rebuild target 'Target 1'
compiling main.c...
compiling Thread1.c...
compiling Thread2.c...
compiling Thread3.c...
compiling Thread4.c...
assembling irq_cm3.s...
compiling rtx_delay.c...
compiling rtx_evflags.c...
compiling rtx_kernel.c...
compiling rtx_memory.c...
compiling rtx_mempool.c...
compiling rtx_msgqueue.c...
compiling rtx_mutex.c...
compiling rtx_semaphore.c...
compiling rtx_system.c...
compiling rtx_thread.c...
compiling rtx_timer.c...
compiling RTX_Config.c...
compiling EventRecorder.c...
assembling startup_LPC17xx.s...
compiling system_LPC17xx.c...
linking...
Program Size: Code=9260 RO-data=476 RW-data=5536 ZI-data=1800  
After Build - User command #1: fromelf --bin -o E:\rtos_v3_0.bin .\Objects\rtos_v3_0.axf
".\Objects\rtos_v3_0.axf" - 0 Error(s), 0 Warning(s).

<h2>Software Packages used:</h2>

Package Vendor: ARM
                http://www.keil.com/pack/ARM.CMSIS.5.0.0.pack
                ::CMSIS:RTOS2:2.0 (API)
                CMSIS (Cortex Microcontroller Software Interface Standard)
   * Component: RTOS2 Version: 2.0
   * Component: CORE Version: 5.0.0
   * Component: Keil RTX5 Variant: Source Version: 5.0.0

Package Vendor: Keil
                http://www.keil.com/pack/Keil.ARM_Compiler.1.2.0.pack
                Keil.ARM Compiler::Compiler:Event Recorder:DAP:1.1.0
                Keil ARM Compiler extensions
   * Component: Event Recorder Variant: DAP Version: 1.1.0

Package Vendor: Keil
                http://www.keil.com/pack/Keil.LPC1700_DFP.2.4.0.pack
                Keil::Device:Startup:1.0.0
                NXP LPC1700 Series Device Support, Drivers and Examples for MCB1700 and LPC1788-32
   * Component: Startup Version: 1.0.0

<h2>Collection of Component include folders:</h2>
  C:\Users\Aleksandar\Keil_ARM_projects\RTOS2_v3_0_RR&ThreadFlags\RTE\Compiler
  C:\Users\Aleksandar\Keil_ARM_projects\RTOS2_v3_0_RR&ThreadFlags\RTE\Device\LPC1768
  C:\Users\Aleksandar\Keil_ARM_projects\RTOS2_v3_0_RR&ThreadFlags\RTE\_Target_1
  C:\Keil_v5_ARM\ARM\PACK\ARM\CMSIS\5.0.0\CMSIS\Include
  C:\Keil_v5_ARM\ARM\PACK\ARM\CMSIS\5.0.0\CMSIS\RTOS2\Include
  C:\Keil_v5_ARM\ARM\PACK\ARM\CMSIS\5.0.0\CMSIS\RTOS2\RTX\Include
  C:\Keil_v5_ARM\ARM\PACK\Keil\ARM_Compiler\1.2.0\Include
  C:\Keil_v5_ARM\ARM\PACK\Keil\LPC1700_DFP\2.4.0\Device\Include

<h2>Collection of Component Files used:</h2>

   * Component: ::CMSIS:RTOS2:2.0 (API)

   * Component: ARM::CMSIS:CORE:5.0.0

   * Component: ARM::CMSIS:RTOS2:Keil RTX5:Source:5.0.0
      Include file:  CMSIS\RTOS2\Include\cmsis_os2.h
      Include file:  CMSIS\RTOS2\RTX\Include\rtx_os.h
      Source file:   CMSIS\RTOS2\RTX\Config\RTX_Config.c
      Source file:   CMSIS\RTOS2\RTX\Template\main.c
      Source file:   CMSIS\RTOS2\RTX\Template\Events.c
      Source file:   CMSIS\RTOS2\RTX\Template\MemPool.c
      Source file:   CMSIS\RTOS2\RTX\Template\MsgQueue.c
      Source file:   CMSIS\RTOS2\RTX\Template\Mutex.c
      Source file:   CMSIS\RTOS2\RTX\Template\Semaphore.c
      Source file:   CMSIS\RTOS2\RTX\Template\Thread.c
      Source file:   CMSIS\RTOS2\RTX\Template\Timer.c
      Source file:   CMSIS\RTOS2\RTX\Source\rtx_kernel.c
      Source file:   CMSIS\RTOS2\RTX\Source\rtx_thread.c
      Source file:   CMSIS\RTOS2\RTX\Source\rtx_delay.c
      Source file:   CMSIS\RTOS2\RTX\Source\rtx_timer.c
      Source file:   CMSIS\RTOS2\RTX\Source\rtx_evflags.c
      Source file:   CMSIS\RTOS2\RTX\Source\rtx_mutex.c
      Source file:   CMSIS\RTOS2\RTX\Source\rtx_semaphore.c
      Source file:   CMSIS\RTOS2\RTX\Source\rtx_memory.c
      Source file:   CMSIS\RTOS2\RTX\Source\rtx_mempool.c
      Source file:   CMSIS\RTOS2\RTX\Source\rtx_msgqueue.c
      Source file:   CMSIS\RTOS2\RTX\Source\rtx_system.c
      Source file:   CMSIS\RTOS2\RTX\Source\ARM\irq_cm3.s

   * Component: Keil.ARM Compiler::Compiler:Event Recorder:DAP:1.1.0
      Include file:  Config\EventRecorderConf.h
      Include file:  Include\EventRecorder.h
      Source file:   Source\EventRecorder.c

   * Component: Keil::Device:Startup:1.0.0
      Include file:  Device\Include\LPC17xx.h
      Source file:   Device\Source\ARM\startup_LPC17xx.s
      Source file:   Device\Source\system_LPC17xx.c
      Include file:  RTE_Driver\Config\RTE_Device.h
Build Time Elapsed:  00:00:06
</pre>
</body>
</html>
