<!doctype html public "-//w3c//dtd html 4.0 transitional//en">
<html><head>
<title>Static Call Graph - [.\Objects\rtos_v3_0.axf]</title></head>
<body><HR>
<H1>Static Call Graph for image .\Objects\rtos_v3_0.axf</H1><HR>
<BR><P>#&#060CALLGRAPH&#062# ARM Linker, 5060422: Last Updated: Thu Sep 27 11:33:20 2018
<BR><P>
<H3>Maximum Stack Usage =        116 bytes + Unknown(Functions without stacksize, Cycles, Untraceable Function Pointers)</H3><H3>
Call chain for Maximum Stack Depth:</H3>
__rt_entry_postsh_1 &rArr; _platform_post_stackheap_init &rArr; osKernelInitialize &rArr; os_svcKernelInitialize &rArr; os_svcThreadNew &rArr; os_ThreadDispatch &rArr; os_ThreadReadyPut &rArr; os_ThreadListPut
<P>
<H3>
Functions with no stack information
</H3><UL>
 <LI><a href="#[5d]">__user_initial_stackheap</a>
</UL>
</UL>
<P>
<H3>
Mutually Recursive functions
</H3> <LI><a href="#[5]">NMI_Handler</a>&nbsp;&nbsp;&nbsp;&rArr;&nbsp;&nbsp;&nbsp;<a href="#[5]">NMI_Handler</a><BR>
 <LI><a href="#[6]">HardFault_Handler</a>&nbsp;&nbsp;&nbsp;&rArr;&nbsp;&nbsp;&nbsp;<a href="#[6]">HardFault_Handler</a><BR>
 <LI><a href="#[7]">MemManage_Handler</a>&nbsp;&nbsp;&nbsp;&rArr;&nbsp;&nbsp;&nbsp;<a href="#[7]">MemManage_Handler</a><BR>
 <LI><a href="#[8]">BusFault_Handler</a>&nbsp;&nbsp;&nbsp;&rArr;&nbsp;&nbsp;&nbsp;<a href="#[8]">BusFault_Handler</a><BR>
 <LI><a href="#[9]">UsageFault_Handler</a>&nbsp;&nbsp;&nbsp;&rArr;&nbsp;&nbsp;&nbsp;<a href="#[9]">UsageFault_Handler</a><BR>
 <LI><a href="#[b]">DebugMon_Handler</a>&nbsp;&nbsp;&nbsp;&rArr;&nbsp;&nbsp;&nbsp;<a href="#[b]">DebugMon_Handler</a><BR>
 <LI><a href="#[24]">ADC_IRQHandler</a>&nbsp;&nbsp;&nbsp;&rArr;&nbsp;&nbsp;&nbsp;<a href="#[24]">ADC_IRQHandler</a><BR>
 <LI><a href="#[58]">__asm___13_rtx_mempool_c_a47f08a9__os_exc_link_put</a>&nbsp;&nbsp;&nbsp;&rArr;&nbsp;&nbsp;&nbsp;<a href="#[58]">__asm___13_rtx_mempool_c_a47f08a9__os_exc_link_put</a><BR>
</UL>
<P>
<H3>
Function Pointers
</H3><UL>
 <LI><a href="#[24]">ADC_IRQHandler</a> from startup_lpc17xx.o(.text) referenced from startup_lpc17xx.o(RESET)
 <LI><a href="#[25]">BOD_IRQHandler</a> from startup_lpc17xx.o(.text) referenced from startup_lpc17xx.o(RESET)
 <LI><a href="#[8]">BusFault_Handler</a> from startup_lpc17xx.o(.text) referenced from startup_lpc17xx.o(RESET)
 <LI><a href="#[30]">CANActivity_IRQHandler</a> from startup_lpc17xx.o(.text) referenced from startup_lpc17xx.o(RESET)
 <LI><a href="#[27]">CAN_IRQHandler</a> from startup_lpc17xx.o(.text) referenced from startup_lpc17xx.o(RESET)
 <LI><a href="#[28]">DMA_IRQHandler</a> from startup_lpc17xx.o(.text) referenced from startup_lpc17xx.o(RESET)
 <LI><a href="#[b]">DebugMon_Handler</a> from startup_lpc17xx.o(.text) referenced from startup_lpc17xx.o(RESET)
 <LI><a href="#[20]">EINT0_IRQHandler</a> from startup_lpc17xx.o(.text) referenced from startup_lpc17xx.o(RESET)
 <LI><a href="#[21]">EINT1_IRQHandler</a> from startup_lpc17xx.o(.text) referenced from startup_lpc17xx.o(RESET)
 <LI><a href="#[22]">EINT2_IRQHandler</a> from startup_lpc17xx.o(.text) referenced from startup_lpc17xx.o(RESET)
 <LI><a href="#[23]">EINT3_IRQHandler</a> from startup_lpc17xx.o(.text) referenced from startup_lpc17xx.o(RESET)
 <LI><a href="#[2a]">ENET_IRQHandler</a> from startup_lpc17xx.o(.text) referenced from startup_lpc17xx.o(RESET)
 <LI><a href="#[6]">HardFault_Handler</a> from startup_lpc17xx.o(.text) referenced from startup_lpc17xx.o(RESET)
 <LI><a href="#[18]">I2C0_IRQHandler</a> from startup_lpc17xx.o(.text) referenced from startup_lpc17xx.o(RESET)
 <LI><a href="#[19]">I2C1_IRQHandler</a> from startup_lpc17xx.o(.text) referenced from startup_lpc17xx.o(RESET)
 <LI><a href="#[1a]">I2C2_IRQHandler</a> from startup_lpc17xx.o(.text) referenced from startup_lpc17xx.o(RESET)
 <LI><a href="#[29]">I2S_IRQHandler</a> from startup_lpc17xx.o(.text) referenced from startup_lpc17xx.o(RESET)
 <LI><a href="#[2c]">MCPWM_IRQHandler</a> from startup_lpc17xx.o(.text) referenced from startup_lpc17xx.o(RESET)
 <LI><a href="#[7]">MemManage_Handler</a> from startup_lpc17xx.o(.text) referenced from startup_lpc17xx.o(RESET)
 <LI><a href="#[5]">NMI_Handler</a> from startup_lpc17xx.o(.text) referenced from startup_lpc17xx.o(RESET)
 <LI><a href="#[1e]">PLL0_IRQHandler</a> from startup_lpc17xx.o(.text) referenced from startup_lpc17xx.o(RESET)
 <LI><a href="#[2e]">PLL1_IRQHandler</a> from startup_lpc17xx.o(.text) referenced from startup_lpc17xx.o(RESET)
 <LI><a href="#[17]">PWM1_IRQHandler</a> from startup_lpc17xx.o(.text) referenced from startup_lpc17xx.o(RESET)
 <LI><a href="#[c]">PendSV_Handler</a> from irq_cm3.o(.text) referenced from startup_lpc17xx.o(RESET)
 <LI><a href="#[2d]">QEI_IRQHandler</a> from startup_lpc17xx.o(.text) referenced from startup_lpc17xx.o(RESET)
 <LI><a href="#[2b]">RIT_IRQHandler</a> from startup_lpc17xx.o(.text) referenced from startup_lpc17xx.o(RESET)
 <LI><a href="#[1f]">RTC_IRQHandler</a> from startup_lpc17xx.o(.text) referenced from startup_lpc17xx.o(RESET)
 <LI><a href="#[4]">Reset_Handler</a> from startup_lpc17xx.o(.text) referenced from startup_lpc17xx.o(RESET)
 <LI><a href="#[1b]">SPI_IRQHandler</a> from startup_lpc17xx.o(.text) referenced from startup_lpc17xx.o(RESET)
 <LI><a href="#[1c]">SSP0_IRQHandler</a> from startup_lpc17xx.o(.text) referenced from startup_lpc17xx.o(RESET)
 <LI><a href="#[1d]">SSP1_IRQHandler</a> from startup_lpc17xx.o(.text) referenced from startup_lpc17xx.o(RESET)
 <LI><a href="#[a]">SVC_Handler</a> from irq_cm3.o(.text) referenced from startup_lpc17xx.o(RESET)
 <LI><a href="#[d]">SysTick_Handler</a> from irq_cm3.o(.text) referenced from startup_lpc17xx.o(RESET)
 <LI><a href="#[31]">SystemInit</a> from system_lpc17xx.o(i.SystemInit) referenced from startup_lpc17xx.o(.text)
 <LI><a href="#[f]">TIMER0_IRQHandler</a> from startup_lpc17xx.o(.text) referenced from startup_lpc17xx.o(RESET)
 <LI><a href="#[10]">TIMER1_IRQHandler</a> from startup_lpc17xx.o(.text) referenced from startup_lpc17xx.o(RESET)
 <LI><a href="#[11]">TIMER2_IRQHandler</a> from startup_lpc17xx.o(.text) referenced from startup_lpc17xx.o(RESET)
 <LI><a href="#[12]">TIMER3_IRQHandler</a> from startup_lpc17xx.o(.text) referenced from startup_lpc17xx.o(RESET)
 <LI><a href="#[33]">Thread1</a> from thread1.o(i.Thread1) referenced from thread1.o(i.Init_Thread1)
 <LI><a href="#[34]">Thread2</a> from thread2.o(i.Thread2) referenced from thread2.o(i.Init_Thread2)
 <LI><a href="#[35]">Thread3</a> from thread3.o(i.Thread3) referenced from thread3.o(i.Init_Thread3)
 <LI><a href="#[36]">Thread4</a> from thread4.o(i.Thread4) referenced from thread4.o(i.Init_Thread4)
 <LI><a href="#[13]">UART0_IRQHandler</a> from startup_lpc17xx.o(.text) referenced from startup_lpc17xx.o(RESET)
 <LI><a href="#[14]">UART1_IRQHandler</a> from startup_lpc17xx.o(.text) referenced from startup_lpc17xx.o(RESET)
 <LI><a href="#[15]">UART2_IRQHandler</a> from startup_lpc17xx.o(.text) referenced from startup_lpc17xx.o(RESET)
 <LI><a href="#[16]">UART3_IRQHandler</a> from startup_lpc17xx.o(.text) referenced from startup_lpc17xx.o(RESET)
 <LI><a href="#[2f]">USBActivity_IRQHandler</a> from startup_lpc17xx.o(.text) referenced from startup_lpc17xx.o(RESET)
 <LI><a href="#[26]">USB_IRQHandler</a> from startup_lpc17xx.o(.text) referenced from startup_lpc17xx.o(RESET)
 <LI><a href="#[9]">UsageFault_Handler</a> from startup_lpc17xx.o(.text) referenced from startup_lpc17xx.o(RESET)
 <LI><a href="#[e]">WDT_IRQHandler</a> from startup_lpc17xx.o(.text) referenced from startup_lpc17xx.o(RESET)
 <LI><a href="#[43]">__main</a> from __main.o(!!!main) referenced from startup_lpc17xx.o(.text)
 <LI><a href="#[41]">osThreadExit</a> from rtx_thread.o(i.osThreadExit) referenced from rtx_thread.o(i.os_svcThreadNew)
 <LI><a href="#[40]">os_IdleThread</a> from rtx_config.o(i.os_IdleThread) referenced from rtx_kernel.o(i.os_svcKernelInitialize)
 <LI><a href="#[42]">os_ThreadPostProcess</a> from rtx_thread.o(i.os_ThreadPostProcess) referenced from rtx_thread.o(i.os_svcThreadNew)
 <LI><a href="#[37]">os_svcDelay</a> from rtx_delay.o(i.os_svcDelay) referenced from rtx_delay.o(i.osDelay)
 <LI><a href="#[38]">os_svcKernelInitialize</a> from rtx_kernel.o(i.os_svcKernelInitialize) referenced from rtx_kernel.o(i.osKernelInitialize)
 <LI><a href="#[39]">os_svcKernelStart</a> from rtx_kernel.o(i.os_svcKernelStart) referenced from rtx_kernel.o(i.osKernelStart)
 <LI><a href="#[3a]">os_svcMessageQueuePut</a> from rtx_msgqueue.o(i.os_svcMessageQueuePut) referenced from rtx_msgqueue.o(i.osMessageQueuePut)
 <LI><a href="#[3b]">os_svcThreadExit</a> from rtx_thread.o(i.os_svcThreadExit) referenced from rtx_thread.o(i.osThreadExit)
 <LI><a href="#[3c]">os_svcThreadFlagsSet</a> from rtx_thread.o(i.os_svcThreadFlagsSet) referenced from rtx_thread.o(i.osThreadFlagsSet)
 <LI><a href="#[3d]">os_svcThreadFlagsWait</a> from rtx_thread.o(i.os_svcThreadFlagsWait) referenced from rtx_thread.o(i.osThreadFlagsWait)
 <LI><a href="#[3e]">os_svcThreadNew</a> from rtx_thread.o(i.os_svcThreadNew) referenced from rtx_thread.o(i.osThreadNew)
 <LI><a href="#[3f]">os_svcThreadTerminate</a> from rtx_thread.o(i.os_svcThreadTerminate) referenced from rtx_thread.o(i.osThreadTerminate)
</UL>
<P>
<H3>
Global Symbols
</H3>
<P><STRONG><a name="[43]"></a>__main</STRONG> (Thumb, 8 bytes, Stack size 0 bytes, __main.o(!!!main))
<BR><BR>[Calls]<UL><LI><a href="#[45]">&gt;&gt;</a>&nbsp;&nbsp;&nbsp;__rt_entry
<LI><a href="#[44]">&gt;&gt;</a>&nbsp;&nbsp;&nbsp;__scatterload
</UL>

<P><STRONG><a name="[44]"></a>__scatterload</STRONG> (Thumb, 0 bytes, Stack size unknown bytes, __scatter.o(!!!scatter))
<BR><BR>[Called By]<UL><LI><a href="#[43]">&gt;&gt;</a>&nbsp;&nbsp;&nbsp;__main
</UL>

<P><STRONG><a name="[46]"></a>__scatterload_rt2</STRONG> (Thumb, 44 bytes, Stack size unknown bytes, __scatter.o(!!!scatter), UNUSED)
<BR><BR>[Calls]<UL><LI><a href="#[45]">&gt;&gt;</a>&nbsp;&nbsp;&nbsp;__rt_entry
</UL>

<P><STRONG><a name="[ad]"></a>__scatterload_rt2_thumb_only</STRONG> (Thumb, 0 bytes, Stack size unknown bytes, __scatter.o(!!!scatter), UNUSED)

<P><STRONG><a name="[ae]"></a>__scatterload_null</STRONG> (Thumb, 0 bytes, Stack size unknown bytes, __scatter.o(!!!scatter), UNUSED)

<P><STRONG><a name="[af]"></a>__decompress</STRONG> (Thumb, 90 bytes, Stack size unknown bytes, __dczerorl2.o(!!dczerorl2), UNUSED)

<P><STRONG><a name="[b0]"></a>__decompress1</STRONG> (Thumb, 0 bytes, Stack size unknown bytes, __dczerorl2.o(!!dczerorl2), UNUSED)

<P><STRONG><a name="[b1]"></a>__scatterload_zeroinit</STRONG> (Thumb, 28 bytes, Stack size unknown bytes, __scatter_zi.o(!!handler_zi), UNUSED)

<P><STRONG><a name="[4c]"></a>__rt_lib_init</STRONG> (Thumb, 0 bytes, Stack size unknown bytes, libinit.o(.ARM.Collect$$libinit$$00000000))
<BR><BR>[Called By]<UL><LI><a href="#[4b]">&gt;&gt;</a>&nbsp;&nbsp;&nbsp;__rt_entry_li
</UL>

<P><STRONG><a name="[b2]"></a>__rt_lib_init_alloca_1</STRONG> (Thumb, 0 bytes, Stack size unknown bytes, libinit2.o(.ARM.Collect$$libinit$$0000002E))

<P><STRONG><a name="[b3]"></a>__rt_lib_init_argv_1</STRONG> (Thumb, 0 bytes, Stack size unknown bytes, libinit2.o(.ARM.Collect$$libinit$$0000002C))

<P><STRONG><a name="[b4]"></a>__rt_lib_init_atexit_1</STRONG> (Thumb, 0 bytes, Stack size unknown bytes, libinit2.o(.ARM.Collect$$libinit$$0000001B))

<P><STRONG><a name="[b5]"></a>__rt_lib_init_clock_1</STRONG> (Thumb, 0 bytes, Stack size unknown bytes, libinit2.o(.ARM.Collect$$libinit$$00000021))

<P><STRONG><a name="[b6]"></a>__rt_lib_init_cpp_1</STRONG> (Thumb, 0 bytes, Stack size unknown bytes, libinit2.o(.ARM.Collect$$libinit$$00000032))

<P><STRONG><a name="[b7]"></a>__rt_lib_init_exceptions_1</STRONG> (Thumb, 0 bytes, Stack size unknown bytes, libinit2.o(.ARM.Collect$$libinit$$00000030))

<P><STRONG><a name="[b8]"></a>__rt_lib_init_fp_1</STRONG> (Thumb, 0 bytes, Stack size unknown bytes, libinit2.o(.ARM.Collect$$libinit$$00000002))

<P><STRONG><a name="[b9]"></a>__rt_lib_init_fp_trap_1</STRONG> (Thumb, 0 bytes, Stack size unknown bytes, libinit2.o(.ARM.Collect$$libinit$$0000001F))

<P><STRONG><a name="[ba]"></a>__rt_lib_init_getenv_1</STRONG> (Thumb, 0 bytes, Stack size unknown bytes, libinit2.o(.ARM.Collect$$libinit$$00000023))

<P><STRONG><a name="[bb]"></a>__rt_lib_init_heap_1</STRONG> (Thumb, 0 bytes, Stack size unknown bytes, libinit2.o(.ARM.Collect$$libinit$$0000000A))

<P><STRONG><a name="[bc]"></a>__rt_lib_init_lc_collate_1</STRONG> (Thumb, 0 bytes, Stack size unknown bytes, libinit2.o(.ARM.Collect$$libinit$$00000011))

<P><STRONG><a name="[bd]"></a>__rt_lib_init_lc_ctype_1</STRONG> (Thumb, 0 bytes, Stack size unknown bytes, libinit2.o(.ARM.Collect$$libinit$$00000013))

<P><STRONG><a name="[be]"></a>__rt_lib_init_lc_monetary_1</STRONG> (Thumb, 0 bytes, Stack size unknown bytes, libinit2.o(.ARM.Collect$$libinit$$00000015))

<P><STRONG><a name="[bf]"></a>__rt_lib_init_lc_numeric_1</STRONG> (Thumb, 0 bytes, Stack size unknown bytes, libinit2.o(.ARM.Collect$$libinit$$00000017))

<P><STRONG><a name="[c0]"></a>__rt_lib_init_lc_time_1</STRONG> (Thumb, 0 bytes, Stack size unknown bytes, libinit2.o(.ARM.Collect$$libinit$$00000019))

<P><STRONG><a name="[c1]"></a>__rt_lib_init_preinit_1</STRONG> (Thumb, 0 bytes, Stack size unknown bytes, libinit2.o(.ARM.Collect$$libinit$$00000004))

<P><STRONG><a name="[c2]"></a>__rt_lib_init_rand_1</STRONG> (Thumb, 0 bytes, Stack size unknown bytes, libinit2.o(.ARM.Collect$$libinit$$0000000E))

<P><STRONG><a name="[c3]"></a>__rt_lib_init_return</STRONG> (Thumb, 0 bytes, Stack size unknown bytes, libinit2.o(.ARM.Collect$$libinit$$00000033))

<P><STRONG><a name="[c4]"></a>__rt_lib_init_signal_1</STRONG> (Thumb, 0 bytes, Stack size unknown bytes, libinit2.o(.ARM.Collect$$libinit$$0000001D))

<P><STRONG><a name="[c5]"></a>__rt_lib_init_stdio_1</STRONG> (Thumb, 0 bytes, Stack size unknown bytes, libinit2.o(.ARM.Collect$$libinit$$00000025))

<P><STRONG><a name="[c6]"></a>__rt_lib_init_user_alloc_1</STRONG> (Thumb, 0 bytes, Stack size unknown bytes, libinit2.o(.ARM.Collect$$libinit$$0000000C))

<P><STRONG><a name="[51]"></a>__rt_lib_shutdown</STRONG> (Thumb, 0 bytes, Stack size unknown bytes, libshutdown.o(.ARM.Collect$$libshutdown$$00000000))
<BR><BR>[Called By]<UL><LI><a href="#[50]">&gt;&gt;</a>&nbsp;&nbsp;&nbsp;__rt_exit_ls
</UL>

<P><STRONG><a name="[c7]"></a>__rt_lib_shutdown_cpp_1</STRONG> (Thumb, 0 bytes, Stack size unknown bytes, libshutdown2.o(.ARM.Collect$$libshutdown$$00000002))

<P><STRONG><a name="[c8]"></a>__rt_lib_shutdown_fp_trap_1</STRONG> (Thumb, 0 bytes, Stack size unknown bytes, libshutdown2.o(.ARM.Collect$$libshutdown$$00000007))

<P><STRONG><a name="[c9]"></a>__rt_lib_shutdown_heap_1</STRONG> (Thumb, 0 bytes, Stack size unknown bytes, libshutdown2.o(.ARM.Collect$$libshutdown$$0000000F))

<P><STRONG><a name="[ca]"></a>__rt_lib_shutdown_return</STRONG> (Thumb, 0 bytes, Stack size unknown bytes, libshutdown2.o(.ARM.Collect$$libshutdown$$00000010))

<P><STRONG><a name="[cb]"></a>__rt_lib_shutdown_signal_1</STRONG> (Thumb, 0 bytes, Stack size unknown bytes, libshutdown2.o(.ARM.Collect$$libshutdown$$0000000A))

<P><STRONG><a name="[cc]"></a>__rt_lib_shutdown_stdio_1</STRONG> (Thumb, 0 bytes, Stack size unknown bytes, libshutdown2.o(.ARM.Collect$$libshutdown$$00000004))

<P><STRONG><a name="[cd]"></a>__rt_lib_shutdown_user_alloc_1</STRONG> (Thumb, 0 bytes, Stack size unknown bytes, libshutdown2.o(.ARM.Collect$$libshutdown$$0000000C))

<P><STRONG><a name="[45]"></a>__rt_entry</STRONG> (Thumb, 0 bytes, Stack size unknown bytes, __rtentry.o(.ARM.Collect$$rtentry$$00000000))
<BR><BR>[Called By]<UL><LI><a href="#[43]">&gt;&gt;</a>&nbsp;&nbsp;&nbsp;__main
<LI><a href="#[46]">&gt;&gt;</a>&nbsp;&nbsp;&nbsp;__scatterload_rt2
</UL>

<P><STRONG><a name="[ce]"></a>__rt_entry_presh_1</STRONG> (Thumb, 0 bytes, Stack size unknown bytes, __rtentry2.o(.ARM.Collect$$rtentry$$00000002))

<P><STRONG><a name="[47]"></a>__rt_entry_sh</STRONG> (Thumb, 0 bytes, Stack size unknown bytes, __rtentry4.o(.ARM.Collect$$rtentry$$00000004))
<BR><BR>[Stack]<UL><LI>Max Depth = 8 + Unknown Stack Size
<LI>Call Chain = __rt_entry_sh &rArr; __user_setup_stackheap
</UL>
<BR>[Calls]<UL><LI><a href="#[48]">&gt;&gt;</a>&nbsp;&nbsp;&nbsp;__user_setup_stackheap
</UL>

<P><STRONG><a name="[49]"></a>__rt_entry_postsh_1</STRONG> (Thumb, 0 bytes, Stack size unknown bytes, __rtentry2.o(.ARM.Collect$$rtentry$$00000008))
<BR><BR>[Stack]<UL><LI>Max Depth = 116 + Unknown Stack Size
<LI>Call Chain = __rt_entry_postsh_1 &rArr; _platform_post_stackheap_init &rArr; osKernelInitialize &rArr; os_svcKernelInitialize &rArr; os_svcThreadNew &rArr; os_ThreadDispatch &rArr; os_ThreadReadyPut &rArr; os_ThreadListPut
</UL>
<BR>[Calls]<UL><LI><a href="#[4a]">&gt;&gt;</a>&nbsp;&nbsp;&nbsp;_platform_post_stackheap_init
</UL>

<P><STRONG><a name="[4b]"></a>__rt_entry_li</STRONG> (Thumb, 0 bytes, Stack size unknown bytes, __rtentry2.o(.ARM.Collect$$rtentry$$0000000A))
<BR><BR>[Calls]<UL><LI><a href="#[4c]">&gt;&gt;</a>&nbsp;&nbsp;&nbsp;__rt_lib_init
</UL>

<P><STRONG><a name="[4d]"></a>__rt_entry_main</STRONG> (Thumb, 0 bytes, Stack size unknown bytes, __rtentry2.o(.ARM.Collect$$rtentry$$0000000D))
<BR><BR>[Stack]<UL><LI>Max Depth = 116 + Unknown Stack Size
<LI>Call Chain = __rt_entry_main &rArr; main &rArr; Init_Thread4 &rArr; osThreadNew &rArr; os_svcThreadNew &rArr; os_ThreadDispatch &rArr; os_ThreadReadyPut &rArr; os_ThreadListPut
</UL>
<BR>[Calls]<UL><LI><a href="#[4e]">&gt;&gt;</a>&nbsp;&nbsp;&nbsp;main
<LI><a href="#[4f]">&gt;&gt;</a>&nbsp;&nbsp;&nbsp;exit
</UL>

<P><STRONG><a name="[cf]"></a>__rt_entry_postli_1</STRONG> (Thumb, 0 bytes, Stack size unknown bytes, __rtentry2.o(.ARM.Collect$$rtentry$$0000000C))

<P><STRONG><a name="[5e]"></a>__rt_exit</STRONG> (Thumb, 0 bytes, Stack size unknown bytes, rtexit.o(.ARM.Collect$$rtexit$$00000000))
<BR><BR>[Called By]<UL><LI><a href="#[4f]">&gt;&gt;</a>&nbsp;&nbsp;&nbsp;exit
</UL>

<P><STRONG><a name="[50]"></a>__rt_exit_ls</STRONG> (Thumb, 0 bytes, Stack size unknown bytes, rtexit2.o(.ARM.Collect$$rtexit$$00000003))
<BR><BR>[Calls]<UL><LI><a href="#[51]">&gt;&gt;</a>&nbsp;&nbsp;&nbsp;__rt_lib_shutdown
</UL>

<P><STRONG><a name="[d0]"></a>__rt_exit_prels_1</STRONG> (Thumb, 0 bytes, Stack size unknown bytes, rtexit2.o(.ARM.Collect$$rtexit$$00000002))

<P><STRONG><a name="[52]"></a>__rt_exit_exit</STRONG> (Thumb, 0 bytes, Stack size unknown bytes, rtexit2.o(.ARM.Collect$$rtexit$$00000004))
<BR><BR>[Calls]<UL><LI><a href="#[53]">&gt;&gt;</a>&nbsp;&nbsp;&nbsp;_sys_exit
</UL>

<P><STRONG><a name="[a]"></a>SVC_Handler</STRONG> (Thumb, 92 bytes, Stack size 0 bytes, irq_cm3.o(.text))
<BR>[Address Reference Count : 1]<UL><LI> startup_lpc17xx.o(RESET)
</UL>
<P><STRONG><a name="[c]"></a>PendSV_Handler</STRONG> (Thumb, 12 bytes, Stack size 0 bytes, irq_cm3.o(.text))
<BR><BR>[Stack]<UL><LI>Max Depth = 44<LI>Call Chain = PendSV_Handler &rArr; os_PendSV_Handler &rArr; os_ThreadDispatch &rArr; os_ThreadReadyPut &rArr; os_ThreadListPut
</UL>
<BR>[Calls]<UL><LI><a href="#[54]">&gt;&gt;</a>&nbsp;&nbsp;&nbsp;os_PendSV_Handler
</UL>
<BR>[Address Reference Count : 1]<UL><LI> startup_lpc17xx.o(RESET)
</UL>
<P><STRONG><a name="[d]"></a>SysTick_Handler</STRONG> (Thumb, 12 bytes, Stack size 0 bytes, irq_cm3.o(.text))
<BR><BR>[Stack]<UL><LI>Max Depth = 112<LI>Call Chain = SysTick_Handler &rArr; os_Tick_Handler &rArr; os_TimerTick &rArr; osMessageQueuePut &rArr; os_isrMessageQueuePut &rArr; os_PostProcess &rArr; os_isr_queue_put
</UL>
<BR>[Calls]<UL><LI><a href="#[55]">&gt;&gt;</a>&nbsp;&nbsp;&nbsp;os_Tick_Handler
</UL>
<BR>[Address Reference Count : 1]<UL><LI> startup_lpc17xx.o(RESET)
</UL>
<P><STRONG><a name="[4]"></a>Reset_Handler</STRONG> (Thumb, 8 bytes, Stack size 0 bytes, startup_lpc17xx.o(.text))
<BR>[Address Reference Count : 1]<UL><LI> startup_lpc17xx.o(RESET)
</UL>
<P><STRONG><a name="[5]"></a>NMI_Handler</STRONG> (Thumb, 2 bytes, Stack size 0 bytes, startup_lpc17xx.o(.text))
<BR><BR>[Calls]<UL><LI><a href="#[5]">&gt;&gt;</a>&nbsp;&nbsp;&nbsp;NMI_Handler
</UL>
<BR>[Called By]<UL><LI><a href="#[5]">&gt;&gt;</a>&nbsp;&nbsp;&nbsp;NMI_Handler
</UL>
<BR>[Address Reference Count : 1]<UL><LI> startup_lpc17xx.o(RESET)
</UL>
<P><STRONG><a name="[6]"></a>HardFault_Handler</STRONG> (Thumb, 2 bytes, Stack size 0 bytes, startup_lpc17xx.o(.text))
<BR><BR>[Calls]<UL><LI><a href="#[6]">&gt;&gt;</a>&nbsp;&nbsp;&nbsp;HardFault_Handler
</UL>
<BR>[Called By]<UL><LI><a href="#[6]">&gt;&gt;</a>&nbsp;&nbsp;&nbsp;HardFault_Handler
</UL>
<BR>[Address Reference Count : 1]<UL><LI> startup_lpc17xx.o(RESET)
</UL>
<P><STRONG><a name="[7]"></a>MemManage_Handler</STRONG> (Thumb, 2 bytes, Stack size 0 bytes, startup_lpc17xx.o(.text))
<BR><BR>[Calls]<UL><LI><a href="#[7]">&gt;&gt;</a>&nbsp;&nbsp;&nbsp;MemManage_Handler
</UL>
<BR>[Called By]<UL><LI><a href="#[7]">&gt;&gt;</a>&nbsp;&nbsp;&nbsp;MemManage_Handler
</UL>
<BR>[Address Reference Count : 1]<UL><LI> startup_lpc17xx.o(RESET)
</UL>
<P><STRONG><a name="[8]"></a>BusFault_Handler</STRONG> (Thumb, 2 bytes, Stack size 0 bytes, startup_lpc17xx.o(.text))
<BR><BR>[Calls]<UL><LI><a href="#[8]">&gt;&gt;</a>&nbsp;&nbsp;&nbsp;BusFault_Handler
</UL>
<BR>[Called By]<UL><LI><a href="#[8]">&gt;&gt;</a>&nbsp;&nbsp;&nbsp;BusFault_Handler
</UL>
<BR>[Address Reference Count : 1]<UL><LI> startup_lpc17xx.o(RESET)
</UL>
<P><STRONG><a name="[9]"></a>UsageFault_Handler</STRONG> (Thumb, 2 bytes, Stack size 0 bytes, startup_lpc17xx.o(.text))
<BR><BR>[Calls]<UL><LI><a href="#[9]">&gt;&gt;</a>&nbsp;&nbsp;&nbsp;UsageFault_Handler
</UL>
<BR>[Called By]<UL><LI><a href="#[9]">&gt;&gt;</a>&nbsp;&nbsp;&nbsp;UsageFault_Handler
</UL>
<BR>[Address Reference Count : 1]<UL><LI> startup_lpc17xx.o(RESET)
</UL>
<P><STRONG><a name="[b]"></a>DebugMon_Handler</STRONG> (Thumb, 2 bytes, Stack size 0 bytes, startup_lpc17xx.o(.text))
<BR><BR>[Calls]<UL><LI><a href="#[b]">&gt;&gt;</a>&nbsp;&nbsp;&nbsp;DebugMon_Handler
</UL>
<BR>[Called By]<UL><LI><a href="#[b]">&gt;&gt;</a>&nbsp;&nbsp;&nbsp;DebugMon_Handler
</UL>
<BR>[Address Reference Count : 1]<UL><LI> startup_lpc17xx.o(RESET)
</UL>
<P><STRONG><a name="[24]"></a>ADC_IRQHandler</STRONG> (Thumb, 0 bytes, Stack size 0 bytes, startup_lpc17xx.o(.text))
<BR><BR>[Calls]<UL><LI><a href="#[24]">&gt;&gt;</a>&nbsp;&nbsp;&nbsp;ADC_IRQHandler
</UL>
<BR>[Called By]<UL><LI><a href="#[24]">&gt;&gt;</a>&nbsp;&nbsp;&nbsp;ADC_IRQHandler
</UL>
<BR>[Address Reference Count : 1]<UL><LI> startup_lpc17xx.o(RESET)
</UL>
<P><STRONG><a name="[25]"></a>BOD_IRQHandler</STRONG> (Thumb, 0 bytes, Stack size 0 bytes, startup_lpc17xx.o(.text))
<BR>[Address Reference Count : 1]<UL><LI> startup_lpc17xx.o(RESET)
</UL>
<P><STRONG><a name="[30]"></a>CANActivity_IRQHandler</STRONG> (Thumb, 0 bytes, Stack size 0 bytes, startup_lpc17xx.o(.text))
<BR>[Address Reference Count : 1]<UL><LI> startup_lpc17xx.o(RESET)
</UL>
<P><STRONG><a name="[27]"></a>CAN_IRQHandler</STRONG> (Thumb, 0 bytes, Stack size 0 bytes, startup_lpc17xx.o(.text))
<BR>[Address Reference Count : 1]<UL><LI> startup_lpc17xx.o(RESET)
</UL>
<P><STRONG><a name="[28]"></a>DMA_IRQHandler</STRONG> (Thumb, 0 bytes, Stack size 0 bytes, startup_lpc17xx.o(.text))
<BR>[Address Reference Count : 1]<UL><LI> startup_lpc17xx.o(RESET)
</UL>
<P><STRONG><a name="[20]"></a>EINT0_IRQHandler</STRONG> (Thumb, 0 bytes, Stack size 0 bytes, startup_lpc17xx.o(.text))
<BR>[Address Reference Count : 1]<UL><LI> startup_lpc17xx.o(RESET)
</UL>
<P><STRONG><a name="[21]"></a>EINT1_IRQHandler</STRONG> (Thumb, 0 bytes, Stack size 0 bytes, startup_lpc17xx.o(.text))
<BR>[Address Reference Count : 1]<UL><LI> startup_lpc17xx.o(RESET)
</UL>
<P><STRONG><a name="[22]"></a>EINT2_IRQHandler</STRONG> (Thumb, 0 bytes, Stack size 0 bytes, startup_lpc17xx.o(.text))
<BR>[Address Reference Count : 1]<UL><LI> startup_lpc17xx.o(RESET)
</UL>
<P><STRONG><a name="[23]"></a>EINT3_IRQHandler</STRONG> (Thumb, 0 bytes, Stack size 0 bytes, startup_lpc17xx.o(.text))
<BR>[Address Reference Count : 1]<UL><LI> startup_lpc17xx.o(RESET)
</UL>
<P><STRONG><a name="[2a]"></a>ENET_IRQHandler</STRONG> (Thumb, 0 bytes, Stack size 0 bytes, startup_lpc17xx.o(.text))
<BR>[Address Reference Count : 1]<UL><LI> startup_lpc17xx.o(RESET)
</UL>
<P><STRONG><a name="[18]"></a>I2C0_IRQHandler</STRONG> (Thumb, 0 bytes, Stack size 0 bytes, startup_lpc17xx.o(.text))
<BR>[Address Reference Count : 1]<UL><LI> startup_lpc17xx.o(RESET)
</UL>
<P><STRONG><a name="[19]"></a>I2C1_IRQHandler</STRONG> (Thumb, 0 bytes, Stack size 0 bytes, startup_lpc17xx.o(.text))
<BR>[Address Reference Count : 1]<UL><LI> startup_lpc17xx.o(RESET)
</UL>
<P><STRONG><a name="[1a]"></a>I2C2_IRQHandler</STRONG> (Thumb, 0 bytes, Stack size 0 bytes, startup_lpc17xx.o(.text))
<BR>[Address Reference Count : 1]<UL><LI> startup_lpc17xx.o(RESET)
</UL>
<P><STRONG><a name="[29]"></a>I2S_IRQHandler</STRONG> (Thumb, 0 bytes, Stack size 0 bytes, startup_lpc17xx.o(.text))
<BR>[Address Reference Count : 1]<UL><LI> startup_lpc17xx.o(RESET)
</UL>
<P><STRONG><a name="[2c]"></a>MCPWM_IRQHandler</STRONG> (Thumb, 0 bytes, Stack size 0 bytes, startup_lpc17xx.o(.text))
<BR>[Address Reference Count : 1]<UL><LI> startup_lpc17xx.o(RESET)
</UL>
<P><STRONG><a name="[1e]"></a>PLL0_IRQHandler</STRONG> (Thumb, 0 bytes, Stack size 0 bytes, startup_lpc17xx.o(.text))
<BR>[Address Reference Count : 1]<UL><LI> startup_lpc17xx.o(RESET)
</UL>
<P><STRONG><a name="[2e]"></a>PLL1_IRQHandler</STRONG> (Thumb, 0 bytes, Stack size 0 bytes, startup_lpc17xx.o(.text))
<BR>[Address Reference Count : 1]<UL><LI> startup_lpc17xx.o(RESET)
</UL>
<P><STRONG><a name="[17]"></a>PWM1_IRQHandler</STRONG> (Thumb, 0 bytes, Stack size 0 bytes, startup_lpc17xx.o(.text))
<BR>[Address Reference Count : 1]<UL><LI> startup_lpc17xx.o(RESET)
</UL>
<P><STRONG><a name="[2d]"></a>QEI_IRQHandler</STRONG> (Thumb, 0 bytes, Stack size 0 bytes, startup_lpc17xx.o(.text))
<BR>[Address Reference Count : 1]<UL><LI> startup_lpc17xx.o(RESET)
</UL>
<P><STRONG><a name="[2b]"></a>RIT_IRQHandler</STRONG> (Thumb, 0 bytes, Stack size 0 bytes, startup_lpc17xx.o(.text))
<BR>[Address Reference Count : 1]<UL><LI> startup_lpc17xx.o(RESET)
</UL>
<P><STRONG><a name="[1f]"></a>RTC_IRQHandler</STRONG> (Thumb, 0 bytes, Stack size 0 bytes, startup_lpc17xx.o(.text))
<BR>[Address Reference Count : 1]<UL><LI> startup_lpc17xx.o(RESET)
</UL>
<P><STRONG><a name="[1b]"></a>SPI_IRQHandler</STRONG> (Thumb, 0 bytes, Stack size 0 bytes, startup_lpc17xx.o(.text))
<BR>[Address Reference Count : 1]<UL><LI> startup_lpc17xx.o(RESET)
</UL>
<P><STRONG><a name="[1c]"></a>SSP0_IRQHandler</STRONG> (Thumb, 0 bytes, Stack size 0 bytes, startup_lpc17xx.o(.text))
<BR>[Address Reference Count : 1]<UL><LI> startup_lpc17xx.o(RESET)
</UL>
<P><STRONG><a name="[1d]"></a>SSP1_IRQHandler</STRONG> (Thumb, 0 bytes, Stack size 0 bytes, startup_lpc17xx.o(.text))
<BR>[Address Reference Count : 1]<UL><LI> startup_lpc17xx.o(RESET)
</UL>
<P><STRONG><a name="[f]"></a>TIMER0_IRQHandler</STRONG> (Thumb, 0 bytes, Stack size 0 bytes, startup_lpc17xx.o(.text))
<BR>[Address Reference Count : 1]<UL><LI> startup_lpc17xx.o(RESET)
</UL>
<P><STRONG><a name="[10]"></a>TIMER1_IRQHandler</STRONG> (Thumb, 0 bytes, Stack size 0 bytes, startup_lpc17xx.o(.text))
<BR>[Address Reference Count : 1]<UL><LI> startup_lpc17xx.o(RESET)
</UL>
<P><STRONG><a name="[11]"></a>TIMER2_IRQHandler</STRONG> (Thumb, 0 bytes, Stack size 0 bytes, startup_lpc17xx.o(.text))
<BR>[Address Reference Count : 1]<UL><LI> startup_lpc17xx.o(RESET)
</UL>
<P><STRONG><a name="[12]"></a>TIMER3_IRQHandler</STRONG> (Thumb, 0 bytes, Stack size 0 bytes, startup_lpc17xx.o(.text))
<BR>[Address Reference Count : 1]<UL><LI> startup_lpc17xx.o(RESET)
</UL>
<P><STRONG><a name="[13]"></a>UART0_IRQHandler</STRONG> (Thumb, 0 bytes, Stack size 0 bytes, startup_lpc17xx.o(.text))
<BR>[Address Reference Count : 1]<UL><LI> startup_lpc17xx.o(RESET)
</UL>
<P><STRONG><a name="[14]"></a>UART1_IRQHandler</STRONG> (Thumb, 0 bytes, Stack size 0 bytes, startup_lpc17xx.o(.text))
<BR>[Address Reference Count : 1]<UL><LI> startup_lpc17xx.o(RESET)
</UL>
<P><STRONG><a name="[15]"></a>UART2_IRQHandler</STRONG> (Thumb, 0 bytes, Stack size 0 bytes, startup_lpc17xx.o(.text))
<BR>[Address Reference Count : 1]<UL><LI> startup_lpc17xx.o(RESET)
</UL>
<P><STRONG><a name="[16]"></a>UART3_IRQHandler</STRONG> (Thumb, 0 bytes, Stack size 0 bytes, startup_lpc17xx.o(.text))
<BR>[Address Reference Count : 1]<UL><LI> startup_lpc17xx.o(RESET)
</UL>
<P><STRONG><a name="[2f]"></a>USBActivity_IRQHandler</STRONG> (Thumb, 0 bytes, Stack size 0 bytes, startup_lpc17xx.o(.text))
<BR>[Address Reference Count : 1]<UL><LI> startup_lpc17xx.o(RESET)
</UL>
<P><STRONG><a name="[26]"></a>USB_IRQHandler</STRONG> (Thumb, 0 bytes, Stack size 0 bytes, startup_lpc17xx.o(.text))
<BR>[Address Reference Count : 1]<UL><LI> startup_lpc17xx.o(RESET)
</UL>
<P><STRONG><a name="[e]"></a>WDT_IRQHandler</STRONG> (Thumb, 0 bytes, Stack size 0 bytes, startup_lpc17xx.o(.text))
<BR>[Address Reference Count : 1]<UL><LI> startup_lpc17xx.o(RESET)
</UL>
<P><STRONG><a name="[5d]"></a>__user_initial_stackheap</STRONG> (Thumb, 0 bytes, Stack size unknown bytes, startup_lpc17xx.o(.text))
<BR><BR>[Called By]<UL><LI><a href="#[48]">&gt;&gt;</a>&nbsp;&nbsp;&nbsp;__user_setup_stackheap
</UL>

<P><STRONG><a name="[a1]"></a>__aeabi_memcpy</STRONG> (Thumb, 0 bytes, Stack size 0 bytes, rt_memcpy_v6.o(.text))
<BR><BR>[Called By]<UL><LI><a href="#[3a]">&gt;&gt;</a>&nbsp;&nbsp;&nbsp;os_svcMessageQueuePut
<LI><a href="#[76]">&gt;&gt;</a>&nbsp;&nbsp;&nbsp;os_isrMessageQueuePut
</UL>

<P><STRONG><a name="[56]"></a>__rt_memcpy</STRONG> (Thumb, 138 bytes, Stack size 0 bytes, rt_memcpy_v6.o(.text), UNUSED)
<BR><BR>[Calls]<UL><LI><a href="#[57]">&gt;&gt;</a>&nbsp;&nbsp;&nbsp;__aeabi_memcpy4
</UL>

<P><STRONG><a name="[d1]"></a>_memcpy_lastbytes</STRONG> (Thumb, 0 bytes, Stack size unknown bytes, rt_memcpy_v6.o(.text), UNUSED)

<P><STRONG><a name="[d2]"></a>__use_two_region_memory</STRONG> (Thumb, 2 bytes, Stack size 0 bytes, heapauxi.o(.text), UNUSED)

<P><STRONG><a name="[d3]"></a>__rt_heap_escrow$2region</STRONG> (Thumb, 2 bytes, Stack size 0 bytes, heapauxi.o(.text), UNUSED)

<P><STRONG><a name="[d4]"></a>__rt_heap_expand$2region</STRONG> (Thumb, 2 bytes, Stack size 0 bytes, heapauxi.o(.text), UNUSED)

<P><STRONG><a name="[d5]"></a>__I$use$semihosting</STRONG> (Thumb, 0 bytes, Stack size 0 bytes, use_no_semi.o(.text), UNUSED)

<P><STRONG><a name="[d6]"></a>__use_no_semihosting_swi</STRONG> (Thumb, 2 bytes, Stack size 0 bytes, use_no_semi.o(.text), UNUSED)

<P><STRONG><a name="[d7]"></a>__semihosting_library_function</STRONG> (Thumb, 0 bytes, Stack size unknown bytes, indicate_semi.o(.text), UNUSED)

<P><STRONG><a name="[d8]"></a>__asm___13_rtx_mempool_c_a47f08a9__os_exc_wr8</STRONG> (Thumb, 16 bytes, Stack size 0 bytes, rtx_mempool.o(.emb_text), UNUSED)

<P><STRONG><a name="[d9]"></a>__asm___13_rtx_mempool_c_a47f08a9__os_exc_set32</STRONG> (Thumb, 20 bytes, Stack size 0 bytes, rtx_mempool.o(.emb_text), UNUSED)

<P><STRONG><a name="[da]"></a>__asm___13_rtx_mempool_c_a47f08a9__os_exc_clr32</STRONG> (Thumb, 22 bytes, Stack size 0 bytes, rtx_mempool.o(.emb_text), UNUSED)

<P><STRONG><a name="[db]"></a>__asm___13_rtx_mempool_c_a47f08a9__os_exc_chk32_all</STRONG> (Thumb, 38 bytes, Stack size 0 bytes, rtx_mempool.o(.emb_text), UNUSED)

<P><STRONG><a name="[dc]"></a>__asm___13_rtx_mempool_c_a47f08a9__os_exc_chk32_any</STRONG> (Thumb, 34 bytes, Stack size 0 bytes, rtx_mempool.o(.emb_text), UNUSED)

<P><STRONG><a name="[dd]"></a>__asm___13_rtx_mempool_c_a47f08a9__os_exc_inc32</STRONG> (Thumb, 18 bytes, Stack size 0 bytes, rtx_mempool.o(.emb_text), UNUSED)

<P><STRONG><a name="[7e]"></a>__asm___13_rtx_mempool_c_a47f08a9__os_exc_inc32_lt</STRONG> (Thumb, 30 bytes, Stack size 0 bytes, rtx_mempool.o(.emb_text))
<BR><BR>[Called By]<UL><LI><a href="#[7d]">&gt;&gt;</a>&nbsp;&nbsp;&nbsp;os_MemoryPoolAlloc
</UL>

<P><STRONG><a name="[de]"></a>__asm___13_rtx_mempool_c_a47f08a9__os_exc_inc16_lt</STRONG> (Thumb, 30 bytes, Stack size 0 bytes, rtx_mempool.o(.emb_text), UNUSED)

<P><STRONG><a name="[df]"></a>__asm___13_rtx_mempool_c_a47f08a9__os_exc_inc16_lim</STRONG> (Thumb, 26 bytes, Stack size 0 bytes, rtx_mempool.o(.emb_text), UNUSED)

<P><STRONG><a name="[81]"></a>__asm___13_rtx_mempool_c_a47f08a9__os_exc_dec32_nz</STRONG> (Thumb, 26 bytes, Stack size 0 bytes, rtx_mempool.o(.emb_text))
<BR><BR>[Called By]<UL><LI><a href="#[80]">&gt;&gt;</a>&nbsp;&nbsp;&nbsp;os_MemoryPoolFree
</UL>

<P><STRONG><a name="[e0]"></a>__asm___13_rtx_mempool_c_a47f08a9__os_exc_dec16_nz</STRONG> (Thumb, 26 bytes, Stack size 0 bytes, rtx_mempool.o(.emb_text), UNUSED)

<P><STRONG><a name="[7f]"></a>__asm___13_rtx_mempool_c_a47f08a9__os_exc_link_get</STRONG> (Thumb, 26 bytes, Stack size 0 bytes, rtx_mempool.o(.emb_text))
<BR><BR>[Called By]<UL><LI><a href="#[7d]">&gt;&gt;</a>&nbsp;&nbsp;&nbsp;os_MemoryPoolAlloc
</UL>

<P><STRONG><a name="[58]"></a>__asm___13_rtx_mempool_c_a47f08a9__os_exc_link_put</STRONG> (Thumb, 28 bytes, Stack size 0 bytes, rtx_mempool.o(.emb_text))
<BR><BR>[Calls]<UL><LI><a href="#[58]">&gt;&gt;</a>&nbsp;&nbsp;&nbsp;__asm___13_rtx_mempool_c_a47f08a9__os_exc_link_put
</UL>
<BR>[Called By]<UL><LI><a href="#[80]">&gt;&gt;</a>&nbsp;&nbsp;&nbsp;os_MemoryPoolFree
<LI><a href="#[58]">&gt;&gt;</a>&nbsp;&nbsp;&nbsp;__asm___13_rtx_mempool_c_a47f08a9__os_exc_link_put
</UL>

<P><STRONG><a name="[e1]"></a>__asm___14_rtx_msgqueue_c_0d3a3b3e__os_exc_wr8</STRONG> (Thumb, 16 bytes, Stack size 0 bytes, rtx_msgqueue.o(.emb_text), UNUSED)

<P><STRONG><a name="[e2]"></a>__asm___14_rtx_msgqueue_c_0d3a3b3e__os_exc_set32</STRONG> (Thumb, 20 bytes, Stack size 0 bytes, rtx_msgqueue.o(.emb_text), UNUSED)

<P><STRONG><a name="[e3]"></a>__asm___14_rtx_msgqueue_c_0d3a3b3e__os_exc_clr32</STRONG> (Thumb, 22 bytes, Stack size 0 bytes, rtx_msgqueue.o(.emb_text), UNUSED)

<P><STRONG><a name="[e4]"></a>__asm___14_rtx_msgqueue_c_0d3a3b3e__os_exc_chk32_all</STRONG> (Thumb, 38 bytes, Stack size 0 bytes, rtx_msgqueue.o(.emb_text), UNUSED)

<P><STRONG><a name="[e5]"></a>__asm___14_rtx_msgqueue_c_0d3a3b3e__os_exc_chk32_any</STRONG> (Thumb, 34 bytes, Stack size 0 bytes, rtx_msgqueue.o(.emb_text), UNUSED)

<P><STRONG><a name="[83]"></a>__asm___14_rtx_msgqueue_c_0d3a3b3e__os_exc_inc32</STRONG> (Thumb, 18 bytes, Stack size 0 bytes, rtx_msgqueue.o(.emb_text))
<BR><BR>[Called By]<UL><LI><a href="#[82]">&gt;&gt;</a>&nbsp;&nbsp;&nbsp;os_MessageQueuePut
</UL>

<P><STRONG><a name="[e6]"></a>__asm___14_rtx_msgqueue_c_0d3a3b3e__os_exc_inc32_lt</STRONG> (Thumb, 30 bytes, Stack size 0 bytes, rtx_msgqueue.o(.emb_text), UNUSED)

<P><STRONG><a name="[e7]"></a>__asm___14_rtx_msgqueue_c_0d3a3b3e__os_exc_inc16_lt</STRONG> (Thumb, 30 bytes, Stack size 0 bytes, rtx_msgqueue.o(.emb_text), UNUSED)

<P><STRONG><a name="[e8]"></a>__asm___14_rtx_msgqueue_c_0d3a3b3e__os_exc_inc16_lim</STRONG> (Thumb, 26 bytes, Stack size 0 bytes, rtx_msgqueue.o(.emb_text), UNUSED)

<P><STRONG><a name="[e9]"></a>__asm___14_rtx_msgqueue_c_0d3a3b3e__os_exc_dec32_nz</STRONG> (Thumb, 26 bytes, Stack size 0 bytes, rtx_msgqueue.o(.emb_text), UNUSED)

<P><STRONG><a name="[ea]"></a>__asm___14_rtx_msgqueue_c_0d3a3b3e__os_exc_dec16_nz</STRONG> (Thumb, 26 bytes, Stack size 0 bytes, rtx_msgqueue.o(.emb_text), UNUSED)

<P><STRONG><a name="[eb]"></a>__asm___14_rtx_msgqueue_c_0d3a3b3e__os_exc_link_get</STRONG> (Thumb, 26 bytes, Stack size 0 bytes, rtx_msgqueue.o(.emb_text), UNUSED)

<P><STRONG><a name="[59]"></a>__asm___14_rtx_msgqueue_c_0d3a3b3e__os_exc_link_put</STRONG> (Thumb, 28 bytes, Stack size 0 bytes, rtx_msgqueue.o(.emb_text), UNUSED)
<BR><BR>[Calls]<UL><LI><a href="#[59]">&gt;&gt;</a>&nbsp;&nbsp;&nbsp;__asm___14_rtx_msgqueue_c_0d3a3b3e__os_exc_link_put
</UL>
<BR>[Called By]<UL><LI><a href="#[59]">&gt;&gt;</a>&nbsp;&nbsp;&nbsp;__asm___14_rtx_msgqueue_c_0d3a3b3e__os_exc_link_put
</UL>

<P><STRONG><a name="[ec]"></a>__asm___12_rtx_system_c_c4d38ac2__os_exc_wr8</STRONG> (Thumb, 16 bytes, Stack size 0 bytes, rtx_system.o(.emb_text), UNUSED)

<P><STRONG><a name="[ed]"></a>__asm___12_rtx_system_c_c4d38ac2__os_exc_set32</STRONG> (Thumb, 20 bytes, Stack size 0 bytes, rtx_system.o(.emb_text), UNUSED)

<P><STRONG><a name="[ee]"></a>__asm___12_rtx_system_c_c4d38ac2__os_exc_clr32</STRONG> (Thumb, 22 bytes, Stack size 0 bytes, rtx_system.o(.emb_text), UNUSED)

<P><STRONG><a name="[ef]"></a>__asm___12_rtx_system_c_c4d38ac2__os_exc_chk32_all</STRONG> (Thumb, 38 bytes, Stack size 0 bytes, rtx_system.o(.emb_text), UNUSED)

<P><STRONG><a name="[f0]"></a>__asm___12_rtx_system_c_c4d38ac2__os_exc_chk32_any</STRONG> (Thumb, 34 bytes, Stack size 0 bytes, rtx_system.o(.emb_text), UNUSED)

<P><STRONG><a name="[f1]"></a>__asm___12_rtx_system_c_c4d38ac2__os_exc_inc32</STRONG> (Thumb, 18 bytes, Stack size 0 bytes, rtx_system.o(.emb_text), UNUSED)

<P><STRONG><a name="[f2]"></a>__asm___12_rtx_system_c_c4d38ac2__os_exc_inc32_lt</STRONG> (Thumb, 30 bytes, Stack size 0 bytes, rtx_system.o(.emb_text), UNUSED)

<P><STRONG><a name="[a4]"></a>__asm___12_rtx_system_c_c4d38ac2__os_exc_inc16_lt</STRONG> (Thumb, 30 bytes, Stack size 0 bytes, rtx_system.o(.emb_text))
<BR><BR>[Called By]<UL><LI><a href="#[89]">&gt;&gt;</a>&nbsp;&nbsp;&nbsp;os_isr_queue_put
</UL>

<P><STRONG><a name="[a3]"></a>__asm___12_rtx_system_c_c4d38ac2__os_exc_inc16_lim</STRONG> (Thumb, 26 bytes, Stack size 0 bytes, rtx_system.o(.emb_text))
<BR><BR>[Called By]<UL><LI><a href="#[89]">&gt;&gt;</a>&nbsp;&nbsp;&nbsp;os_isr_queue_put
<LI><a href="#[87]">&gt;&gt;</a>&nbsp;&nbsp;&nbsp;os_isr_queue_get
</UL>

<P><STRONG><a name="[f3]"></a>__asm___12_rtx_system_c_c4d38ac2__os_exc_dec32_nz</STRONG> (Thumb, 26 bytes, Stack size 0 bytes, rtx_system.o(.emb_text), UNUSED)

<P><STRONG><a name="[a2]"></a>__asm___12_rtx_system_c_c4d38ac2__os_exc_dec16_nz</STRONG> (Thumb, 26 bytes, Stack size 0 bytes, rtx_system.o(.emb_text))
<BR><BR>[Called By]<UL><LI><a href="#[87]">&gt;&gt;</a>&nbsp;&nbsp;&nbsp;os_isr_queue_get
</UL>

<P><STRONG><a name="[f4]"></a>__asm___12_rtx_system_c_c4d38ac2__os_exc_link_get</STRONG> (Thumb, 26 bytes, Stack size 0 bytes, rtx_system.o(.emb_text), UNUSED)

<P><STRONG><a name="[5a]"></a>__asm___12_rtx_system_c_c4d38ac2__os_exc_link_put</STRONG> (Thumb, 28 bytes, Stack size 0 bytes, rtx_system.o(.emb_text), UNUSED)
<BR><BR>[Calls]<UL><LI><a href="#[5a]">&gt;&gt;</a>&nbsp;&nbsp;&nbsp;__asm___12_rtx_system_c_c4d38ac2__os_exc_link_put
</UL>
<BR>[Called By]<UL><LI><a href="#[5a]">&gt;&gt;</a>&nbsp;&nbsp;&nbsp;__asm___12_rtx_system_c_c4d38ac2__os_exc_link_put
</UL>

<P><STRONG><a name="[f5]"></a>__asm___12_rtx_thread_c_cb19cc8a__os_exc_wr8</STRONG> (Thumb, 16 bytes, Stack size 0 bytes, rtx_thread.o(.emb_text), UNUSED)

<P><STRONG><a name="[94]"></a>__asm___12_rtx_thread_c_cb19cc8a__os_exc_set32</STRONG> (Thumb, 20 bytes, Stack size 0 bytes, rtx_thread.o(.emb_text))
<BR><BR>[Called By]<UL><LI><a href="#[7a]">&gt;&gt;</a>&nbsp;&nbsp;&nbsp;os_ThreadFlagsSet
</UL>

<P><STRONG><a name="[f6]"></a>__asm___12_rtx_thread_c_cb19cc8a__os_exc_clr32</STRONG> (Thumb, 22 bytes, Stack size 0 bytes, rtx_thread.o(.emb_text), UNUSED)

<P><STRONG><a name="[92]"></a>__asm___12_rtx_thread_c_cb19cc8a__os_exc_chk32_all</STRONG> (Thumb, 38 bytes, Stack size 0 bytes, rtx_thread.o(.emb_text))
<BR><BR>[Called By]<UL><LI><a href="#[91]">&gt;&gt;</a>&nbsp;&nbsp;&nbsp;os_ThreadFlagsCheck
</UL>

<P><STRONG><a name="[93]"></a>__asm___12_rtx_thread_c_cb19cc8a__os_exc_chk32_any</STRONG> (Thumb, 34 bytes, Stack size 0 bytes, rtx_thread.o(.emb_text))
<BR><BR>[Called By]<UL><LI><a href="#[91]">&gt;&gt;</a>&nbsp;&nbsp;&nbsp;os_ThreadFlagsCheck
</UL>

<P><STRONG><a name="[f7]"></a>__asm___12_rtx_thread_c_cb19cc8a__os_exc_inc32</STRONG> (Thumb, 18 bytes, Stack size 0 bytes, rtx_thread.o(.emb_text), UNUSED)

<P><STRONG><a name="[f8]"></a>__asm___12_rtx_thread_c_cb19cc8a__os_exc_inc32_lt</STRONG> (Thumb, 30 bytes, Stack size 0 bytes, rtx_thread.o(.emb_text), UNUSED)

<P><STRONG><a name="[f9]"></a>__asm___12_rtx_thread_c_cb19cc8a__os_exc_inc16_lt</STRONG> (Thumb, 30 bytes, Stack size 0 bytes, rtx_thread.o(.emb_text), UNUSED)

<P><STRONG><a name="[fa]"></a>__asm___12_rtx_thread_c_cb19cc8a__os_exc_inc16_lim</STRONG> (Thumb, 26 bytes, Stack size 0 bytes, rtx_thread.o(.emb_text), UNUSED)

<P><STRONG><a name="[fb]"></a>__asm___12_rtx_thread_c_cb19cc8a__os_exc_dec32_nz</STRONG> (Thumb, 26 bytes, Stack size 0 bytes, rtx_thread.o(.emb_text), UNUSED)

<P><STRONG><a name="[fc]"></a>__asm___12_rtx_thread_c_cb19cc8a__os_exc_dec16_nz</STRONG> (Thumb, 26 bytes, Stack size 0 bytes, rtx_thread.o(.emb_text), UNUSED)

<P><STRONG><a name="[fd]"></a>__asm___12_rtx_thread_c_cb19cc8a__os_exc_link_get</STRONG> (Thumb, 26 bytes, Stack size 0 bytes, rtx_thread.o(.emb_text), UNUSED)

<P><STRONG><a name="[5b]"></a>__asm___12_rtx_thread_c_cb19cc8a__os_exc_link_put</STRONG> (Thumb, 28 bytes, Stack size 0 bytes, rtx_thread.o(.emb_text), UNUSED)
<BR><BR>[Calls]<UL><LI><a href="#[5b]">&gt;&gt;</a>&nbsp;&nbsp;&nbsp;__asm___12_rtx_thread_c_cb19cc8a__os_exc_link_put
</UL>
<BR>[Called By]<UL><LI><a href="#[5b]">&gt;&gt;</a>&nbsp;&nbsp;&nbsp;__asm___12_rtx_thread_c_cb19cc8a__os_exc_link_put
</UL>

<P><STRONG><a name="[65]"></a>__aeabi_uldivmod</STRONG> (Thumb, 0 bytes, Stack size 48 bytes, lludivv7m.o(.text))
<BR><BR>[Stack]<UL><LI>Max Depth = 48<LI>Call Chain = __aeabi_uldivmod
</UL>
<BR>[Called By]<UL><LI><a href="#[64]">&gt;&gt;</a>&nbsp;&nbsp;&nbsp;SystemCoreClockUpdate
</UL>

<P><STRONG><a name="[fe]"></a>_ll_udiv</STRONG> (Thumb, 238 bytes, Stack size 48 bytes, lludivv7m.o(.text), UNUSED)

<P><STRONG><a name="[a5]"></a>__aeabi_memclr4</STRONG> (Thumb, 0 bytes, Stack size 4 bytes, rt_memclr_w.o(.text))
<BR><BR>[Stack]<UL><LI>Max Depth = 4<LI>Call Chain = __aeabi_memclr4
</UL>
<BR>[Called By]<UL><LI><a href="#[38]">&gt;&gt;</a>&nbsp;&nbsp;&nbsp;os_svcKernelInitialize
</UL>

<P><STRONG><a name="[ff]"></a>__aeabi_memclr8</STRONG> (Thumb, 0 bytes, Stack size 4 bytes, rt_memclr_w.o(.text), UNUSED)

<P><STRONG><a name="[100]"></a>__rt_memclr_w</STRONG> (Thumb, 78 bytes, Stack size 4 bytes, rt_memclr_w.o(.text), UNUSED)

<P><STRONG><a name="[101]"></a>_memset_w</STRONG> (Thumb, 0 bytes, Stack size unknown bytes, rt_memclr_w.o(.text), UNUSED)

<P><STRONG><a name="[57]"></a>__aeabi_memcpy4</STRONG> (Thumb, 0 bytes, Stack size 8 bytes, rt_memcpy_w.o(.text), UNUSED)
<BR><BR>[Called By]<UL><LI><a href="#[56]">&gt;&gt;</a>&nbsp;&nbsp;&nbsp;__rt_memcpy
</UL>

<P><STRONG><a name="[102]"></a>__aeabi_memcpy8</STRONG> (Thumb, 0 bytes, Stack size 8 bytes, rt_memcpy_w.o(.text), UNUSED)

<P><STRONG><a name="[103]"></a>__rt_memcpy_w</STRONG> (Thumb, 100 bytes, Stack size 8 bytes, rt_memcpy_w.o(.text), UNUSED)

<P><STRONG><a name="[104]"></a>_memcpy_lastbytes_aligned</STRONG> (Thumb, 0 bytes, Stack size unknown bytes, rt_memcpy_w.o(.text), UNUSED)

<P><STRONG><a name="[48]"></a>__user_setup_stackheap</STRONG> (Thumb, 74 bytes, Stack size 8 bytes, sys_stackheap_outer.o(.text))
<BR><BR>[Stack]<UL><LI>Max Depth = 8 + Unknown Stack Size
<LI>Call Chain = __user_setup_stackheap
</UL>
<BR>[Calls]<UL><LI><a href="#[5d]">&gt;&gt;</a>&nbsp;&nbsp;&nbsp;__user_initial_stackheap
<LI><a href="#[5c]">&gt;&gt;</a>&nbsp;&nbsp;&nbsp;__user_perproc_libspace
</UL>
<BR>[Called By]<UL><LI><a href="#[47]">&gt;&gt;</a>&nbsp;&nbsp;&nbsp;__rt_entry_sh
</UL>

<P><STRONG><a name="[4f]"></a>exit</STRONG> (Thumb, 18 bytes, Stack size 8 bytes, exit.o(.text))
<BR><BR>[Stack]<UL><LI>Max Depth = 8 + Unknown Stack Size
<LI>Call Chain = exit
</UL>
<BR>[Calls]<UL><LI><a href="#[5e]">&gt;&gt;</a>&nbsp;&nbsp;&nbsp;__rt_exit
</UL>
<BR>[Called By]<UL><LI><a href="#[4d]">&gt;&gt;</a>&nbsp;&nbsp;&nbsp;__rt_entry_main
</UL>

<P><STRONG><a name="[105]"></a>__user_libspace</STRONG> (Thumb, 8 bytes, Stack size 0 bytes, libspace.o(.text), UNUSED)

<P><STRONG><a name="[5c]"></a>__user_perproc_libspace</STRONG> (Thumb, 0 bytes, Stack size 0 bytes, libspace.o(.text))
<BR><BR>[Called By]<UL><LI><a href="#[48]">&gt;&gt;</a>&nbsp;&nbsp;&nbsp;__user_setup_stackheap
</UL>

<P><STRONG><a name="[53]"></a>_sys_exit</STRONG> (Thumb, 8 bytes, Stack size 0 bytes, sys_exit.o(.text))
<BR><BR>[Called By]<UL><LI><a href="#[52]">&gt;&gt;</a>&nbsp;&nbsp;&nbsp;__rt_exit_exit
</UL>

<P><STRONG><a name="[5f]"></a>Init_Thread1</STRONG> (Thumb, 32 bytes, Stack size 8 bytes, thread1.o(i.Init_Thread1))
<BR><BR>[Stack]<UL><LI>Max Depth = 116<LI>Call Chain = Init_Thread1 &rArr; osThreadNew &rArr; os_svcThreadNew &rArr; os_ThreadDispatch &rArr; os_ThreadReadyPut &rArr; os_ThreadListPut
</UL>
<BR>[Calls]<UL><LI><a href="#[60]">&gt;&gt;</a>&nbsp;&nbsp;&nbsp;osThreadNew
</UL>
<BR>[Called By]<UL><LI><a href="#[4e]">&gt;&gt;</a>&nbsp;&nbsp;&nbsp;main
</UL>

<P><STRONG><a name="[61]"></a>Init_Thread2</STRONG> (Thumb, 32 bytes, Stack size 8 bytes, thread2.o(i.Init_Thread2))
<BR><BR>[Stack]<UL><LI>Max Depth = 116<LI>Call Chain = Init_Thread2 &rArr; osThreadNew &rArr; os_svcThreadNew &rArr; os_ThreadDispatch &rArr; os_ThreadReadyPut &rArr; os_ThreadListPut
</UL>
<BR>[Calls]<UL><LI><a href="#[60]">&gt;&gt;</a>&nbsp;&nbsp;&nbsp;osThreadNew
</UL>
<BR>[Called By]<UL><LI><a href="#[4e]">&gt;&gt;</a>&nbsp;&nbsp;&nbsp;main
</UL>

<P><STRONG><a name="[62]"></a>Init_Thread3</STRONG> (Thumb, 32 bytes, Stack size 8 bytes, thread3.o(i.Init_Thread3))
<BR><BR>[Stack]<UL><LI>Max Depth = 116<LI>Call Chain = Init_Thread3 &rArr; osThreadNew &rArr; os_svcThreadNew &rArr; os_ThreadDispatch &rArr; os_ThreadReadyPut &rArr; os_ThreadListPut
</UL>
<BR>[Calls]<UL><LI><a href="#[60]">&gt;&gt;</a>&nbsp;&nbsp;&nbsp;osThreadNew
</UL>
<BR>[Called By]<UL><LI><a href="#[4e]">&gt;&gt;</a>&nbsp;&nbsp;&nbsp;main
</UL>

<P><STRONG><a name="[63]"></a>Init_Thread4</STRONG> (Thumb, 32 bytes, Stack size 8 bytes, thread4.o(i.Init_Thread4))
<BR><BR>[Stack]<UL><LI>Max Depth = 116<LI>Call Chain = Init_Thread4 &rArr; osThreadNew &rArr; os_svcThreadNew &rArr; os_ThreadDispatch &rArr; os_ThreadReadyPut &rArr; os_ThreadListPut
</UL>
<BR>[Calls]<UL><LI><a href="#[60]">&gt;&gt;</a>&nbsp;&nbsp;&nbsp;osThreadNew
</UL>
<BR>[Called By]<UL><LI><a href="#[4e]">&gt;&gt;</a>&nbsp;&nbsp;&nbsp;main
</UL>

<P><STRONG><a name="[64]"></a>SystemCoreClockUpdate</STRONG> (Thumb, 408 bytes, Stack size 32 bytes, system_lpc17xx.o(i.SystemCoreClockUpdate))
<BR><BR>[Stack]<UL><LI>Max Depth = 80<LI>Call Chain = SystemCoreClockUpdate &rArr; __aeabi_uldivmod
</UL>
<BR>[Calls]<UL><LI><a href="#[65]">&gt;&gt;</a>&nbsp;&nbsp;&nbsp;__aeabi_uldivmod
</UL>
<BR>[Called By]<UL><LI><a href="#[4e]">&gt;&gt;</a>&nbsp;&nbsp;&nbsp;main
</UL>

<P><STRONG><a name="[31]"></a>SystemInit</STRONG> (Thumb, 302 bytes, Stack size 0 bytes, system_lpc17xx.o(i.SystemInit))
<BR>[Address Reference Count : 1]<UL><LI> startup_lpc17xx.o(.text)
</UL>
<P><STRONG><a name="[33]"></a>Thread1</STRONG> (Thumb, 108 bytes, Stack size 0 bytes, thread1.o(i.Thread1))
<BR><BR>[Stack]<UL><LI>Max Depth = 64<LI>Call Chain = Thread1 &rArr; osThreadFlagsSet &rArr; os_PostProcess &rArr; os_isr_queue_put
</UL>
<BR>[Calls]<UL><LI><a href="#[66]">&gt;&gt;</a>&nbsp;&nbsp;&nbsp;osThreadFlagsWait
<LI><a href="#[69]">&gt;&gt;</a>&nbsp;&nbsp;&nbsp;osThreadFlagsSet
<LI><a href="#[68]">&gt;&gt;</a>&nbsp;&nbsp;&nbsp;osDelay
<LI><a href="#[67]">&gt;&gt;</a>&nbsp;&nbsp;&nbsp;delay
</UL>
<BR>[Address Reference Count : 1]<UL><LI> thread1.o(i.Init_Thread1)
</UL>
<P><STRONG><a name="[34]"></a>Thread2</STRONG> (Thumb, 110 bytes, Stack size 0 bytes, thread2.o(i.Thread2))
<BR><BR>[Stack]<UL><LI>Max Depth = 64<LI>Call Chain = Thread2 &rArr; osThreadFlagsSet &rArr; os_PostProcess &rArr; os_isr_queue_put
</UL>
<BR>[Calls]<UL><LI><a href="#[66]">&gt;&gt;</a>&nbsp;&nbsp;&nbsp;osThreadFlagsWait
<LI><a href="#[69]">&gt;&gt;</a>&nbsp;&nbsp;&nbsp;osThreadFlagsSet
<LI><a href="#[68]">&gt;&gt;</a>&nbsp;&nbsp;&nbsp;osDelay
<LI><a href="#[67]">&gt;&gt;</a>&nbsp;&nbsp;&nbsp;delay
</UL>
<BR>[Address Reference Count : 1]<UL><LI> thread2.o(i.Init_Thread2)
</UL>
<P><STRONG><a name="[35]"></a>Thread3</STRONG> (Thumb, 112 bytes, Stack size 0 bytes, thread3.o(i.Thread3))
<BR><BR>[Stack]<UL><LI>Max Depth = 64<LI>Call Chain = Thread3 &rArr; osThreadFlagsSet &rArr; os_PostProcess &rArr; os_isr_queue_put
</UL>
<BR>[Calls]<UL><LI><a href="#[66]">&gt;&gt;</a>&nbsp;&nbsp;&nbsp;osThreadFlagsWait
<LI><a href="#[69]">&gt;&gt;</a>&nbsp;&nbsp;&nbsp;osThreadFlagsSet
<LI><a href="#[68]">&gt;&gt;</a>&nbsp;&nbsp;&nbsp;osDelay
<LI><a href="#[67]">&gt;&gt;</a>&nbsp;&nbsp;&nbsp;delay
</UL>
<BR>[Address Reference Count : 1]<UL><LI> thread3.o(i.Init_Thread3)
</UL>
<P><STRONG><a name="[36]"></a>Thread4</STRONG> (Thumb, 46 bytes, Stack size 0 bytes, thread4.o(i.Thread4))
<BR><BR>[Stack]<UL><LI>Max Depth = 64<LI>Call Chain = Thread4 &rArr; osThreadFlagsSet &rArr; os_PostProcess &rArr; os_isr_queue_put
</UL>
<BR>[Calls]<UL><LI><a href="#[6a]">&gt;&gt;</a>&nbsp;&nbsp;&nbsp;osThreadTerminate
<LI><a href="#[69]">&gt;&gt;</a>&nbsp;&nbsp;&nbsp;osThreadFlagsSet
<LI><a href="#[67]">&gt;&gt;</a>&nbsp;&nbsp;&nbsp;delay
</UL>
<BR>[Address Reference Count : 1]<UL><LI> thread4.o(i.Init_Thread4)
</UL>
<P><STRONG><a name="[4a]"></a>_platform_post_stackheap_init</STRONG> (Thumb, 8 bytes, Stack size 8 bytes, rtx_config.o(i._platform_post_stackheap_init))
<BR><BR>[Stack]<UL><LI>Max Depth = 116<LI>Call Chain = _platform_post_stackheap_init &rArr; osKernelInitialize &rArr; os_svcKernelInitialize &rArr; os_svcThreadNew &rArr; os_ThreadDispatch &rArr; os_ThreadReadyPut &rArr; os_ThreadListPut
</UL>
<BR>[Calls]<UL><LI><a href="#[6b]">&gt;&gt;</a>&nbsp;&nbsp;&nbsp;osKernelInitialize
</UL>
<BR>[Called By]<UL><LI><a href="#[49]">&gt;&gt;</a>&nbsp;&nbsp;&nbsp;__rt_entry_postsh_1
</UL>

<P><STRONG><a name="[67]"></a>delay</STRONG> (Thumb, 26 bytes, Stack size 0 bytes, main.o(i.delay))
<BR><BR>[Called By]<UL><LI><a href="#[36]">&gt;&gt;</a>&nbsp;&nbsp;&nbsp;Thread4
<LI><a href="#[35]">&gt;&gt;</a>&nbsp;&nbsp;&nbsp;Thread3
<LI><a href="#[34]">&gt;&gt;</a>&nbsp;&nbsp;&nbsp;Thread2
<LI><a href="#[33]">&gt;&gt;</a>&nbsp;&nbsp;&nbsp;Thread1
</UL>

<P><STRONG><a name="[4e]"></a>main</STRONG> (Thumb, 104 bytes, Stack size 0 bytes, main.o(i.main))
<BR><BR>[Stack]<UL><LI>Max Depth = 116<LI>Call Chain = main &rArr; Init_Thread4 &rArr; osThreadNew &rArr; os_svcThreadNew &rArr; os_ThreadDispatch &rArr; os_ThreadReadyPut &rArr; os_ThreadListPut
</UL>
<BR>[Calls]<UL><LI><a href="#[6c]">&gt;&gt;</a>&nbsp;&nbsp;&nbsp;osKernelStart
<LI><a href="#[6b]">&gt;&gt;</a>&nbsp;&nbsp;&nbsp;osKernelInitialize
<LI><a href="#[64]">&gt;&gt;</a>&nbsp;&nbsp;&nbsp;SystemCoreClockUpdate
<LI><a href="#[63]">&gt;&gt;</a>&nbsp;&nbsp;&nbsp;Init_Thread4
<LI><a href="#[62]">&gt;&gt;</a>&nbsp;&nbsp;&nbsp;Init_Thread3
<LI><a href="#[61]">&gt;&gt;</a>&nbsp;&nbsp;&nbsp;Init_Thread2
<LI><a href="#[5f]">&gt;&gt;</a>&nbsp;&nbsp;&nbsp;Init_Thread1
</UL>
<BR>[Called By]<UL><LI><a href="#[4d]">&gt;&gt;</a>&nbsp;&nbsp;&nbsp;__rt_entry_main
</UL>

<P><STRONG><a name="[68]"></a>osDelay</STRONG> (Thumb, 48 bytes, Stack size 8 bytes, rtx_delay.o(i.osDelay))
<BR><BR>[Stack]<UL><LI>Max Depth = 8<LI>Call Chain = osDelay
</UL>
<BR>[Called By]<UL><LI><a href="#[35]">&gt;&gt;</a>&nbsp;&nbsp;&nbsp;Thread3
<LI><a href="#[34]">&gt;&gt;</a>&nbsp;&nbsp;&nbsp;Thread2
<LI><a href="#[33]">&gt;&gt;</a>&nbsp;&nbsp;&nbsp;Thread1
</UL>

<P><STRONG><a name="[6b]"></a>osKernelInitialize</STRONG> (Thumb, 54 bytes, Stack size 8 bytes, rtx_kernel.o(i.osKernelInitialize))
<BR><BR>[Stack]<UL><LI>Max Depth = 108<LI>Call Chain = osKernelInitialize &rArr; os_svcKernelInitialize &rArr; os_svcThreadNew &rArr; os_ThreadDispatch &rArr; os_ThreadReadyPut &rArr; os_ThreadListPut
</UL>
<BR>[Calls]<UL><LI><a href="#[38]">&gt;&gt;</a>&nbsp;&nbsp;&nbsp;os_svcKernelInitialize
<LI><a href="#[6e]">&gt;&gt;</a>&nbsp;&nbsp;&nbsp;__get_PRIMASK
<LI><a href="#[6d]">&gt;&gt;</a>&nbsp;&nbsp;&nbsp;__get_IPSR
<LI><a href="#[70]">&gt;&gt;</a>&nbsp;&nbsp;&nbsp;__get_CONTROL
<LI><a href="#[6f]">&gt;&gt;</a>&nbsp;&nbsp;&nbsp;__get_BASEPRI
</UL>
<BR>[Called By]<UL><LI><a href="#[4e]">&gt;&gt;</a>&nbsp;&nbsp;&nbsp;main
<LI><a href="#[4a]">&gt;&gt;</a>&nbsp;&nbsp;&nbsp;_platform_post_stackheap_init
</UL>

<P><STRONG><a name="[6c]"></a>osKernelStart</STRONG> (Thumb, 148 bytes, Stack size 40 bytes, rtx_kernel.o(i.osKernelStart))
<BR><BR>[Stack]<UL><LI>Max Depth = 40<LI>Call Chain = osKernelStart
</UL>
<BR>[Calls]<UL><LI><a href="#[71]">&gt;&gt;</a>&nbsp;&nbsp;&nbsp;__set_CONTROL
<LI><a href="#[6e]">&gt;&gt;</a>&nbsp;&nbsp;&nbsp;__get_PRIMASK
<LI><a href="#[6d]">&gt;&gt;</a>&nbsp;&nbsp;&nbsp;__get_IPSR
<LI><a href="#[70]">&gt;&gt;</a>&nbsp;&nbsp;&nbsp;__get_CONTROL
<LI><a href="#[6f]">&gt;&gt;</a>&nbsp;&nbsp;&nbsp;__get_BASEPRI
</UL>
<BR>[Called By]<UL><LI><a href="#[4e]">&gt;&gt;</a>&nbsp;&nbsp;&nbsp;main
</UL>

<P><STRONG><a name="[72]"></a>osMessageQueuePut</STRONG> (Thumb, 66 bytes, Stack size 24 bytes, rtx_msgqueue.o(i.osMessageQueuePut))
<BR><BR>[Stack]<UL><LI>Max Depth = 88<LI>Call Chain = osMessageQueuePut &rArr; os_isrMessageQueuePut &rArr; os_PostProcess &rArr; os_isr_queue_put
</UL>
<BR>[Calls]<UL><LI><a href="#[76]">&gt;&gt;</a>&nbsp;&nbsp;&nbsp;os_isrMessageQueuePut
<LI><a href="#[74]">&gt;&gt;</a>&nbsp;&nbsp;&nbsp;__get_PRIMASK
<LI><a href="#[73]">&gt;&gt;</a>&nbsp;&nbsp;&nbsp;__get_IPSR
<LI><a href="#[75]">&gt;&gt;</a>&nbsp;&nbsp;&nbsp;__get_BASEPRI
</UL>
<BR>[Called By]<UL><LI><a href="#[9e]">&gt;&gt;</a>&nbsp;&nbsp;&nbsp;os_TimerTick
</UL>

<P><STRONG><a name="[41]"></a>osThreadExit</STRONG> (Thumb, 14 bytes, Stack size 0 bytes, rtx_thread.o(i.osThreadExit))
<BR>[Address Reference Count : 1]<UL><LI> rtx_thread.o(i.os_svcThreadNew)
</UL>
<P><STRONG><a name="[69]"></a>osThreadFlagsSet</STRONG> (Thumb, 112 bytes, Stack size 32 bytes, rtx_thread.o(i.osThreadFlagsSet))
<BR><BR>[Stack]<UL><LI>Max Depth = 64<LI>Call Chain = osThreadFlagsSet &rArr; os_PostProcess &rArr; os_isr_queue_put
</UL>
<BR>[Calls]<UL><LI><a href="#[7b]">&gt;&gt;</a>&nbsp;&nbsp;&nbsp;os_PostProcess
<LI><a href="#[7a]">&gt;&gt;</a>&nbsp;&nbsp;&nbsp;os_ThreadFlagsSet
<LI><a href="#[78]">&gt;&gt;</a>&nbsp;&nbsp;&nbsp;__get_PRIMASK
<LI><a href="#[77]">&gt;&gt;</a>&nbsp;&nbsp;&nbsp;__get_IPSR
<LI><a href="#[79]">&gt;&gt;</a>&nbsp;&nbsp;&nbsp;__get_BASEPRI
</UL>
<BR>[Called By]<UL><LI><a href="#[36]">&gt;&gt;</a>&nbsp;&nbsp;&nbsp;Thread4
<LI><a href="#[35]">&gt;&gt;</a>&nbsp;&nbsp;&nbsp;Thread3
<LI><a href="#[34]">&gt;&gt;</a>&nbsp;&nbsp;&nbsp;Thread2
<LI><a href="#[33]">&gt;&gt;</a>&nbsp;&nbsp;&nbsp;Thread1
</UL>

<P><STRONG><a name="[66]"></a>osThreadFlagsWait</STRONG> (Thumb, 50 bytes, Stack size 16 bytes, rtx_thread.o(i.osThreadFlagsWait))
<BR><BR>[Stack]<UL><LI>Max Depth = 16<LI>Call Chain = osThreadFlagsWait
</UL>
<BR>[Calls]<UL><LI><a href="#[78]">&gt;&gt;</a>&nbsp;&nbsp;&nbsp;__get_PRIMASK
<LI><a href="#[77]">&gt;&gt;</a>&nbsp;&nbsp;&nbsp;__get_IPSR
<LI><a href="#[79]">&gt;&gt;</a>&nbsp;&nbsp;&nbsp;__get_BASEPRI
</UL>
<BR>[Called By]<UL><LI><a href="#[35]">&gt;&gt;</a>&nbsp;&nbsp;&nbsp;Thread3
<LI><a href="#[34]">&gt;&gt;</a>&nbsp;&nbsp;&nbsp;Thread2
<LI><a href="#[33]">&gt;&gt;</a>&nbsp;&nbsp;&nbsp;Thread1
</UL>

<P><STRONG><a name="[60]"></a>osThreadNew</STRONG> (Thumb, 80 bytes, Stack size 16 bytes, rtx_thread.o(i.osThreadNew))
<BR><BR>[Stack]<UL><LI>Max Depth = 108<LI>Call Chain = osThreadNew &rArr; os_svcThreadNew &rArr; os_ThreadDispatch &rArr; os_ThreadReadyPut &rArr; os_ThreadListPut
</UL>
<BR>[Calls]<UL><LI><a href="#[3e]">&gt;&gt;</a>&nbsp;&nbsp;&nbsp;os_svcThreadNew
<LI><a href="#[7c]">&gt;&gt;</a>&nbsp;&nbsp;&nbsp;os_KernelGetState
<LI><a href="#[78]">&gt;&gt;</a>&nbsp;&nbsp;&nbsp;__get_PRIMASK
<LI><a href="#[77]">&gt;&gt;</a>&nbsp;&nbsp;&nbsp;__get_IPSR
<LI><a href="#[79]">&gt;&gt;</a>&nbsp;&nbsp;&nbsp;__get_BASEPRI
</UL>
<BR>[Called By]<UL><LI><a href="#[63]">&gt;&gt;</a>&nbsp;&nbsp;&nbsp;Init_Thread4
<LI><a href="#[62]">&gt;&gt;</a>&nbsp;&nbsp;&nbsp;Init_Thread3
<LI><a href="#[61]">&gt;&gt;</a>&nbsp;&nbsp;&nbsp;Init_Thread2
<LI><a href="#[5f]">&gt;&gt;</a>&nbsp;&nbsp;&nbsp;Init_Thread1
</UL>

<P><STRONG><a name="[6a]"></a>osThreadTerminate</STRONG> (Thumb, 42 bytes, Stack size 8 bytes, rtx_thread.o(i.osThreadTerminate))
<BR><BR>[Stack]<UL><LI>Max Depth = 8<LI>Call Chain = osThreadTerminate
</UL>
<BR>[Calls]<UL><LI><a href="#[78]">&gt;&gt;</a>&nbsp;&nbsp;&nbsp;__get_PRIMASK
<LI><a href="#[77]">&gt;&gt;</a>&nbsp;&nbsp;&nbsp;__get_IPSR
<LI><a href="#[79]">&gt;&gt;</a>&nbsp;&nbsp;&nbsp;__get_BASEPRI
</UL>
<BR>[Called By]<UL><LI><a href="#[36]">&gt;&gt;</a>&nbsp;&nbsp;&nbsp;Thread4
</UL>

<P><STRONG><a name="[8a]"></a>os_Error</STRONG> (Thumb, 32 bytes, Stack size 0 bytes, rtx_config.o(i.os_Error))
<BR><BR>[Called By]<UL><LI><a href="#[9e]">&gt;&gt;</a>&nbsp;&nbsp;&nbsp;os_TimerTick
<LI><a href="#[7b]">&gt;&gt;</a>&nbsp;&nbsp;&nbsp;os_PostProcess
<LI><a href="#[98]">&gt;&gt;</a>&nbsp;&nbsp;&nbsp;os_ThreadStackCheck
</UL>

<P><STRONG><a name="[40]"></a>os_IdleThread</STRONG> (Thumb, 4 bytes, Stack size 0 bytes, rtx_config.o(i.os_IdleThread))
<BR>[Address Reference Count : 1]<UL><LI> rtx_kernel.o(i.os_svcKernelInitialize)
</UL>
<P><STRONG><a name="[ac]"></a>os_MemoryAlloc</STRONG> (Thumb, 116 bytes, Stack size 20 bytes, rtx_memory.o(i.os_MemoryAlloc))
<BR><BR>[Stack]<UL><LI>Max Depth = 20<LI>Call Chain = os_MemoryAlloc
</UL>
<BR>[Called By]<UL><LI><a href="#[3e]">&gt;&gt;</a>&nbsp;&nbsp;&nbsp;os_svcThreadNew
</UL>

<P><STRONG><a name="[96]"></a>os_MemoryFree</STRONG> (Thumb, 68 bytes, Stack size 16 bytes, rtx_memory.o(i.os_MemoryFree))
<BR><BR>[Stack]<UL><LI>Max Depth = 16<LI>Call Chain = os_MemoryFree
</UL>
<BR>[Called By]<UL><LI><a href="#[3e]">&gt;&gt;</a>&nbsp;&nbsp;&nbsp;os_svcThreadNew
<LI><a href="#[95]">&gt;&gt;</a>&nbsp;&nbsp;&nbsp;os_ThreadFree
</UL>

<P><STRONG><a name="[a6]"></a>os_MemoryInit</STRONG> (Thumb, 56 bytes, Stack size 12 bytes, rtx_memory.o(i.os_MemoryInit))
<BR><BR>[Stack]<UL><LI>Max Depth = 12<LI>Call Chain = os_MemoryInit
</UL>
<BR>[Called By]<UL><LI><a href="#[38]">&gt;&gt;</a>&nbsp;&nbsp;&nbsp;os_svcKernelInitialize
</UL>

<P><STRONG><a name="[7d]"></a>os_MemoryPoolAlloc</STRONG> (Thumb, 42 bytes, Stack size 16 bytes, rtx_mempool.o(i.os_MemoryPoolAlloc))
<BR><BR>[Stack]<UL><LI>Max Depth = 16<LI>Call Chain = os_MemoryPoolAlloc
</UL>
<BR>[Calls]<UL><LI><a href="#[7f]">&gt;&gt;</a>&nbsp;&nbsp;&nbsp;__asm___13_rtx_mempool_c_a47f08a9__os_exc_link_get
<LI><a href="#[7e]">&gt;&gt;</a>&nbsp;&nbsp;&nbsp;__asm___13_rtx_mempool_c_a47f08a9__os_exc_inc32_lt
</UL>
<BR>[Called By]<UL><LI><a href="#[3e]">&gt;&gt;</a>&nbsp;&nbsp;&nbsp;os_svcThreadNew
<LI><a href="#[3a]">&gt;&gt;</a>&nbsp;&nbsp;&nbsp;os_svcMessageQueuePut
<LI><a href="#[76]">&gt;&gt;</a>&nbsp;&nbsp;&nbsp;os_isrMessageQueuePut
</UL>

<P><STRONG><a name="[80]"></a>os_MemoryPoolFree</STRONG> (Thumb, 62 bytes, Stack size 16 bytes, rtx_mempool.o(i.os_MemoryPoolFree))
<BR><BR>[Stack]<UL><LI>Max Depth = 16<LI>Call Chain = os_MemoryPoolFree
</UL>
<BR>[Calls]<UL><LI><a href="#[58]">&gt;&gt;</a>&nbsp;&nbsp;&nbsp;__asm___13_rtx_mempool_c_a47f08a9__os_exc_link_put
<LI><a href="#[81]">&gt;&gt;</a>&nbsp;&nbsp;&nbsp;__asm___13_rtx_mempool_c_a47f08a9__os_exc_dec32_nz
</UL>
<BR>[Called By]<UL><LI><a href="#[3e]">&gt;&gt;</a>&nbsp;&nbsp;&nbsp;os_svcThreadNew
<LI><a href="#[95]">&gt;&gt;</a>&nbsp;&nbsp;&nbsp;os_ThreadFree
</UL>

<P><STRONG><a name="[a7]"></a>os_MemoryPoolInit</STRONG> (Thumb, 54 bytes, Stack size 12 bytes, rtx_mempool.o(i.os_MemoryPoolInit))
<BR><BR>[Stack]<UL><LI>Max Depth = 12<LI>Call Chain = os_MemoryPoolInit
</UL>
<BR>[Called By]<UL><LI><a href="#[38]">&gt;&gt;</a>&nbsp;&nbsp;&nbsp;os_svcKernelInitialize
</UL>

<P><STRONG><a name="[84]"></a>os_MutexOwnerRelease</STRONG> (Thumb, 68 bytes, Stack size 16 bytes, rtx_mutex.o(i.os_MutexOwnerRelease))
<BR><BR>[Stack]<UL><LI>Max Depth = 76<LI>Call Chain = os_MutexOwnerRelease &rArr; os_ThreadWaitExit &rArr; os_ThreadDispatch &rArr; os_ThreadReadyPut &rArr; os_ThreadListPut
</UL>
<BR>[Calls]<UL><LI><a href="#[86]">&gt;&gt;</a>&nbsp;&nbsp;&nbsp;os_ThreadWaitExit
<LI><a href="#[85]">&gt;&gt;</a>&nbsp;&nbsp;&nbsp;os_ThreadListGet
</UL>
<BR>[Called By]<UL><LI><a href="#[3f]">&gt;&gt;</a>&nbsp;&nbsp;&nbsp;os_svcThreadTerminate
<LI><a href="#[3b]">&gt;&gt;</a>&nbsp;&nbsp;&nbsp;os_svcThreadExit
</UL>

<P><STRONG><a name="[54]"></a>os_PendSV_Handler</STRONG> (Thumb, 96 bytes, Stack size 8 bytes, rtx_system.o(i.os_PendSV_Handler))
<BR><BR>[Stack]<UL><LI>Max Depth = 44<LI>Call Chain = os_PendSV_Handler &rArr; os_ThreadDispatch &rArr; os_ThreadReadyPut &rArr; os_ThreadListPut
</UL>
<BR>[Calls]<UL><LI><a href="#[88]">&gt;&gt;</a>&nbsp;&nbsp;&nbsp;os_ThreadDispatch
<LI><a href="#[87]">&gt;&gt;</a>&nbsp;&nbsp;&nbsp;os_isr_queue_get
</UL>
<BR>[Called By]<UL><LI><a href="#[c]">&gt;&gt;</a>&nbsp;&nbsp;&nbsp;PendSV_Handler
</UL>

<P><STRONG><a name="[7b]"></a>os_PostProcess</STRONG> (Thumb, 50 bytes, Stack size 8 bytes, rtx_system.o(i.os_PostProcess))
<BR><BR>[Stack]<UL><LI>Max Depth = 32<LI>Call Chain = os_PostProcess &rArr; os_isr_queue_put
</UL>
<BR>[Calls]<UL><LI><a href="#[8a]">&gt;&gt;</a>&nbsp;&nbsp;&nbsp;os_Error
<LI><a href="#[89]">&gt;&gt;</a>&nbsp;&nbsp;&nbsp;os_isr_queue_put
</UL>
<BR>[Called By]<UL><LI><a href="#[69]">&gt;&gt;</a>&nbsp;&nbsp;&nbsp;osThreadFlagsSet
<LI><a href="#[76]">&gt;&gt;</a>&nbsp;&nbsp;&nbsp;os_isrMessageQueuePut
</UL>

<P><STRONG><a name="[9d]"></a>os_SysTimerAckIRQ</STRONG> (Thumb, 10 bytes, Stack size 0 bytes, rtx_system.o(i.os_SysTimerAckIRQ))
<BR><BR>[Called By]<UL><LI><a href="#[55]">&gt;&gt;</a>&nbsp;&nbsp;&nbsp;os_Tick_Handler
</UL>

<P><STRONG><a name="[aa]"></a>os_SysTimerEnable</STRONG> (Thumb, 14 bytes, Stack size 0 bytes, rtx_system.o(i.os_SysTimerEnable))
<BR><BR>[Called By]<UL><LI><a href="#[39]">&gt;&gt;</a>&nbsp;&nbsp;&nbsp;os_svcKernelStart
</UL>

<P><STRONG><a name="[a8]"></a>os_SysTimerSetup</STRONG> (Thumb, 36 bytes, Stack size 0 bytes, rtx_system.o(i.os_SysTimerSetup))
<BR><BR>[Called By]<UL><LI><a href="#[39]">&gt;&gt;</a>&nbsp;&nbsp;&nbsp;os_svcKernelStart
</UL>

<P><STRONG><a name="[8f]"></a>os_ThreadBlock</STRONG> (Thumb, 42 bytes, Stack size 8 bytes, rtx_thread.o(i.os_ThreadBlock))
<BR><BR>[Stack]<UL><LI>Max Depth = 8<LI>Call Chain = os_ThreadBlock
</UL>
<BR>[Called By]<UL><LI><a href="#[88]">&gt;&gt;</a>&nbsp;&nbsp;&nbsp;os_ThreadDispatch
</UL>

<P><STRONG><a name="[9a]"></a>os_ThreadDelayInsert</STRONG> (Thumb, 100 bytes, Stack size 8 bytes, rtx_thread.o(i.os_ThreadDelayInsert))
<BR><BR>[Stack]<UL><LI>Max Depth = 8<LI>Call Chain = os_ThreadDelayInsert
</UL>
<BR>[Called By]<UL><LI><a href="#[99]">&gt;&gt;</a>&nbsp;&nbsp;&nbsp;os_ThreadWaitEnter
</UL>

<P><STRONG><a name="[9c]"></a>os_ThreadDelayRemove</STRONG> (Thumb, 116 bytes, Stack size 0 bytes, rtx_thread.o(i.os_ThreadDelayRemove))
<BR><BR>[Called By]<UL><LI><a href="#[86]">&gt;&gt;</a>&nbsp;&nbsp;&nbsp;os_ThreadWaitExit
<LI><a href="#[3f]">&gt;&gt;</a>&nbsp;&nbsp;&nbsp;os_svcThreadTerminate
</UL>

<P><STRONG><a name="[8b]"></a>os_ThreadDelayTick</STRONG> (Thumb, 58 bytes, Stack size 8 bytes, rtx_thread.o(i.os_ThreadDelayTick))
<BR><BR>[Stack]<UL><LI>Max Depth = 28<LI>Call Chain = os_ThreadDelayTick &rArr; os_ThreadReadyPut &rArr; os_ThreadListPut
</UL>
<BR>[Calls]<UL><LI><a href="#[8c]">&gt;&gt;</a>&nbsp;&nbsp;&nbsp;os_ThreadListRemove
<LI><a href="#[8d]">&gt;&gt;</a>&nbsp;&nbsp;&nbsp;os_ThreadReadyPut
</UL>
<BR>[Called By]<UL><LI><a href="#[55]">&gt;&gt;</a>&nbsp;&nbsp;&nbsp;os_Tick_Handler
</UL>

<P><STRONG><a name="[88]"></a>os_ThreadDispatch</STRONG> (Thumb, 102 bytes, Stack size 16 bytes, rtx_thread.o(i.os_ThreadDispatch))
<BR><BR>[Stack]<UL><LI>Max Depth = 36<LI>Call Chain = os_ThreadDispatch &rArr; os_ThreadReadyPut &rArr; os_ThreadListPut
</UL>
<BR>[Calls]<UL><LI><a href="#[90]">&gt;&gt;</a>&nbsp;&nbsp;&nbsp;os_ThreadSwitch
<LI><a href="#[8c]">&gt;&gt;</a>&nbsp;&nbsp;&nbsp;os_ThreadListRemove
<LI><a href="#[8e]">&gt;&gt;</a>&nbsp;&nbsp;&nbsp;os_ThreadGetRunning
<LI><a href="#[7c]">&gt;&gt;</a>&nbsp;&nbsp;&nbsp;os_KernelGetState
<LI><a href="#[8d]">&gt;&gt;</a>&nbsp;&nbsp;&nbsp;os_ThreadReadyPut
<LI><a href="#[8f]">&gt;&gt;</a>&nbsp;&nbsp;&nbsp;os_ThreadBlock
</UL>
<BR>[Called By]<UL><LI><a href="#[3e]">&gt;&gt;</a>&nbsp;&nbsp;&nbsp;os_svcThreadNew
<LI><a href="#[86]">&gt;&gt;</a>&nbsp;&nbsp;&nbsp;os_ThreadWaitExit
<LI><a href="#[55]">&gt;&gt;</a>&nbsp;&nbsp;&nbsp;os_Tick_Handler
<LI><a href="#[54]">&gt;&gt;</a>&nbsp;&nbsp;&nbsp;os_PendSV_Handler
<LI><a href="#[3f]">&gt;&gt;</a>&nbsp;&nbsp;&nbsp;os_svcThreadTerminate
</UL>

<P><STRONG><a name="[85]"></a>os_ThreadListGet</STRONG> (Thumb, 24 bytes, Stack size 0 bytes, rtx_thread.o(i.os_ThreadListGet))
<BR><BR>[Called By]<UL><LI><a href="#[39]">&gt;&gt;</a>&nbsp;&nbsp;&nbsp;os_svcKernelStart
<LI><a href="#[99]">&gt;&gt;</a>&nbsp;&nbsp;&nbsp;os_ThreadWaitEnter
<LI><a href="#[84]">&gt;&gt;</a>&nbsp;&nbsp;&nbsp;os_MutexOwnerRelease
<LI><a href="#[3a]">&gt;&gt;</a>&nbsp;&nbsp;&nbsp;os_svcMessageQueuePut
<LI><a href="#[3f]">&gt;&gt;</a>&nbsp;&nbsp;&nbsp;os_svcThreadTerminate
<LI><a href="#[3b]">&gt;&gt;</a>&nbsp;&nbsp;&nbsp;os_svcThreadExit
</UL>

<P><STRONG><a name="[97]"></a>os_ThreadListPut</STRONG> (Thumb, 46 bytes, Stack size 12 bytes, rtx_thread.o(i.os_ThreadListPut))
<BR><BR>[Stack]<UL><LI>Max Depth = 12<LI>Call Chain = os_ThreadListPut
</UL>
<BR>[Called By]<UL><LI><a href="#[8d]">&gt;&gt;</a>&nbsp;&nbsp;&nbsp;os_ThreadReadyPut
<LI><a href="#[3a]">&gt;&gt;</a>&nbsp;&nbsp;&nbsp;os_svcMessageQueuePut
</UL>

<P><STRONG><a name="[8c]"></a>os_ThreadListRemove</STRONG> (Thumb, 26 bytes, Stack size 0 bytes, rtx_thread.o(i.os_ThreadListRemove))
<BR><BR>[Called By]<UL><LI><a href="#[8b]">&gt;&gt;</a>&nbsp;&nbsp;&nbsp;os_ThreadDelayTick
<LI><a href="#[88]">&gt;&gt;</a>&nbsp;&nbsp;&nbsp;os_ThreadDispatch
<LI><a href="#[99]">&gt;&gt;</a>&nbsp;&nbsp;&nbsp;os_ThreadWaitEnter
<LI><a href="#[55]">&gt;&gt;</a>&nbsp;&nbsp;&nbsp;os_Tick_Handler
<LI><a href="#[3f]">&gt;&gt;</a>&nbsp;&nbsp;&nbsp;os_svcThreadTerminate
</UL>

<P><STRONG><a name="[42]"></a>os_ThreadPostProcess</STRONG> (Thumb, 54 bytes, Stack size 16 bytes, rtx_thread.o(i.os_ThreadPostProcess))
<BR><BR>[Stack]<UL><LI>Max Depth = 76<LI>Call Chain = os_ThreadPostProcess &rArr; os_ThreadWaitExit &rArr; os_ThreadDispatch &rArr; os_ThreadReadyPut &rArr; os_ThreadListPut
</UL>
<BR>[Calls]<UL><LI><a href="#[86]">&gt;&gt;</a>&nbsp;&nbsp;&nbsp;os_ThreadWaitExit
<LI><a href="#[91]">&gt;&gt;</a>&nbsp;&nbsp;&nbsp;os_ThreadFlagsCheck
</UL>
<BR>[Address Reference Count : 1]<UL><LI> rtx_thread.o(i.os_svcThreadNew)
</UL>
<P><STRONG><a name="[8d]"></a>os_ThreadReadyPut</STRONG> (Thumb, 18 bytes, Stack size 8 bytes, rtx_thread.o(i.os_ThreadReadyPut))
<BR><BR>[Stack]<UL><LI>Max Depth = 20<LI>Call Chain = os_ThreadReadyPut &rArr; os_ThreadListPut
</UL>
<BR>[Calls]<UL><LI><a href="#[97]">&gt;&gt;</a>&nbsp;&nbsp;&nbsp;os_ThreadListPut
</UL>
<BR>[Called By]<UL><LI><a href="#[8b]">&gt;&gt;</a>&nbsp;&nbsp;&nbsp;os_ThreadDelayTick
<LI><a href="#[86]">&gt;&gt;</a>&nbsp;&nbsp;&nbsp;os_ThreadWaitExit
<LI><a href="#[88]">&gt;&gt;</a>&nbsp;&nbsp;&nbsp;os_ThreadDispatch
<LI><a href="#[55]">&gt;&gt;</a>&nbsp;&nbsp;&nbsp;os_Tick_Handler
</UL>

<P><STRONG><a name="[9b]"></a>os_ThreadRegPtr</STRONG> (Thumb, 8 bytes, Stack size 0 bytes, rtx_thread.o(i.os_ThreadRegPtr))
<BR><BR>[Called By]<UL><LI><a href="#[86]">&gt;&gt;</a>&nbsp;&nbsp;&nbsp;os_ThreadWaitExit
<LI><a href="#[3a]">&gt;&gt;</a>&nbsp;&nbsp;&nbsp;os_svcMessageQueuePut
</UL>

<P><STRONG><a name="[98]"></a>os_ThreadStackCheck</STRONG> (Thumb, 38 bytes, Stack size 8 bytes, rtx_thread.o(i.os_ThreadStackCheck))
<BR><BR>[Stack]<UL><LI>Max Depth = 8<LI>Call Chain = os_ThreadStackCheck
</UL>
<BR>[Calls]<UL><LI><a href="#[8e]">&gt;&gt;</a>&nbsp;&nbsp;&nbsp;os_ThreadGetRunning
<LI><a href="#[8a]">&gt;&gt;</a>&nbsp;&nbsp;&nbsp;os_Error
</UL>
<BR>[Called By]<UL><LI><a href="#[90]">&gt;&gt;</a>&nbsp;&nbsp;&nbsp;os_ThreadSwitch
</UL>

<P><STRONG><a name="[90]"></a>os_ThreadSwitch</STRONG> (Thumb, 18 bytes, Stack size 8 bytes, rtx_thread.o(i.os_ThreadSwitch))
<BR><BR>[Stack]<UL><LI>Max Depth = 16<LI>Call Chain = os_ThreadSwitch &rArr; os_ThreadStackCheck
</UL>
<BR>[Calls]<UL><LI><a href="#[98]">&gt;&gt;</a>&nbsp;&nbsp;&nbsp;os_ThreadStackCheck
</UL>
<BR>[Called By]<UL><LI><a href="#[39]">&gt;&gt;</a>&nbsp;&nbsp;&nbsp;os_svcKernelStart
<LI><a href="#[88]">&gt;&gt;</a>&nbsp;&nbsp;&nbsp;os_ThreadDispatch
<LI><a href="#[99]">&gt;&gt;</a>&nbsp;&nbsp;&nbsp;os_ThreadWaitEnter
<LI><a href="#[55]">&gt;&gt;</a>&nbsp;&nbsp;&nbsp;os_Tick_Handler
<LI><a href="#[3f]">&gt;&gt;</a>&nbsp;&nbsp;&nbsp;os_svcThreadTerminate
<LI><a href="#[3b]">&gt;&gt;</a>&nbsp;&nbsp;&nbsp;os_svcThreadExit
</UL>

<P><STRONG><a name="[99]"></a>os_ThreadWaitEnter</STRONG> (Thumb, 76 bytes, Stack size 16 bytes, rtx_thread.o(i.os_ThreadWaitEnter))
<BR><BR>[Stack]<UL><LI>Max Depth = 32<LI>Call Chain = os_ThreadWaitEnter &rArr; os_ThreadSwitch &rArr; os_ThreadStackCheck
</UL>
<BR>[Calls]<UL><LI><a href="#[90]">&gt;&gt;</a>&nbsp;&nbsp;&nbsp;os_ThreadSwitch
<LI><a href="#[8c]">&gt;&gt;</a>&nbsp;&nbsp;&nbsp;os_ThreadListRemove
<LI><a href="#[85]">&gt;&gt;</a>&nbsp;&nbsp;&nbsp;os_ThreadListGet
<LI><a href="#[8e]">&gt;&gt;</a>&nbsp;&nbsp;&nbsp;os_ThreadGetRunning
<LI><a href="#[7c]">&gt;&gt;</a>&nbsp;&nbsp;&nbsp;os_KernelGetState
<LI><a href="#[9a]">&gt;&gt;</a>&nbsp;&nbsp;&nbsp;os_ThreadDelayInsert
</UL>
<BR>[Called By]<UL><LI><a href="#[37]">&gt;&gt;</a>&nbsp;&nbsp;&nbsp;os_svcDelay
<LI><a href="#[3a]">&gt;&gt;</a>&nbsp;&nbsp;&nbsp;os_svcMessageQueuePut
<LI><a href="#[3d]">&gt;&gt;</a>&nbsp;&nbsp;&nbsp;os_svcThreadFlagsWait
</UL>

<P><STRONG><a name="[86]"></a>os_ThreadWaitExit</STRONG> (Thumb, 46 bytes, Stack size 24 bytes, rtx_thread.o(i.os_ThreadWaitExit))
<BR><BR>[Stack]<UL><LI>Max Depth = 60<LI>Call Chain = os_ThreadWaitExit &rArr; os_ThreadDispatch &rArr; os_ThreadReadyPut &rArr; os_ThreadListPut
</UL>
<BR>[Calls]<UL><LI><a href="#[88]">&gt;&gt;</a>&nbsp;&nbsp;&nbsp;os_ThreadDispatch
<LI><a href="#[8d]">&gt;&gt;</a>&nbsp;&nbsp;&nbsp;os_ThreadReadyPut
<LI><a href="#[9b]">&gt;&gt;</a>&nbsp;&nbsp;&nbsp;os_ThreadRegPtr
<LI><a href="#[9c]">&gt;&gt;</a>&nbsp;&nbsp;&nbsp;os_ThreadDelayRemove
</UL>
<BR>[Called By]<UL><LI><a href="#[84]">&gt;&gt;</a>&nbsp;&nbsp;&nbsp;os_MutexOwnerRelease
<LI><a href="#[3a]">&gt;&gt;</a>&nbsp;&nbsp;&nbsp;os_svcMessageQueuePut
<LI><a href="#[3f]">&gt;&gt;</a>&nbsp;&nbsp;&nbsp;os_svcThreadTerminate
<LI><a href="#[3c]">&gt;&gt;</a>&nbsp;&nbsp;&nbsp;os_svcThreadFlagsSet
<LI><a href="#[3b]">&gt;&gt;</a>&nbsp;&nbsp;&nbsp;os_svcThreadExit
<LI><a href="#[42]">&gt;&gt;</a>&nbsp;&nbsp;&nbsp;os_ThreadPostProcess
</UL>

<P><STRONG><a name="[55]"></a>os_Tick_Handler</STRONG> (Thumb, 148 bytes, Stack size 8 bytes, rtx_system.o(i.os_Tick_Handler))
<BR><BR>[Stack]<UL><LI>Max Depth = 112<LI>Call Chain = os_Tick_Handler &rArr; os_TimerTick &rArr; osMessageQueuePut &rArr; os_isrMessageQueuePut &rArr; os_PostProcess &rArr; os_isr_queue_put
</UL>
<BR>[Calls]<UL><LI><a href="#[9e]">&gt;&gt;</a>&nbsp;&nbsp;&nbsp;os_TimerTick
<LI><a href="#[90]">&gt;&gt;</a>&nbsp;&nbsp;&nbsp;os_ThreadSwitch
<LI><a href="#[8b]">&gt;&gt;</a>&nbsp;&nbsp;&nbsp;os_ThreadDelayTick
<LI><a href="#[8c]">&gt;&gt;</a>&nbsp;&nbsp;&nbsp;os_ThreadListRemove
<LI><a href="#[88]">&gt;&gt;</a>&nbsp;&nbsp;&nbsp;os_ThreadDispatch
<LI><a href="#[9d]">&gt;&gt;</a>&nbsp;&nbsp;&nbsp;os_SysTimerAckIRQ
<LI><a href="#[8d]">&gt;&gt;</a>&nbsp;&nbsp;&nbsp;os_ThreadReadyPut
</UL>
<BR>[Called By]<UL><LI><a href="#[d]">&gt;&gt;</a>&nbsp;&nbsp;&nbsp;SysTick_Handler
</UL>

<P><STRONG><a name="[9e]"></a>os_TimerTick</STRONG> (Thumb, 88 bytes, Stack size 16 bytes, rtx_timer.o(i.os_TimerTick))
<BR><BR>[Stack]<UL><LI>Max Depth = 104<LI>Call Chain = os_TimerTick &rArr; osMessageQueuePut &rArr; os_isrMessageQueuePut &rArr; os_PostProcess &rArr; os_isr_queue_put
</UL>
<BR>[Calls]<UL><LI><a href="#[8a]">&gt;&gt;</a>&nbsp;&nbsp;&nbsp;os_Error
<LI><a href="#[72]">&gt;&gt;</a>&nbsp;&nbsp;&nbsp;osMessageQueuePut
<LI><a href="#[9f]">&gt;&gt;</a>&nbsp;&nbsp;&nbsp;os_TimerUnlink
<LI><a href="#[a0]">&gt;&gt;</a>&nbsp;&nbsp;&nbsp;os_TimerInsert
</UL>
<BR>[Called By]<UL><LI><a href="#[55]">&gt;&gt;</a>&nbsp;&nbsp;&nbsp;os_Tick_Handler
</UL>

<P><STRONG><a name="[37]"></a>os_svcDelay</STRONG> (Thumb, 22 bytes, Stack size 8 bytes, rtx_delay.o(i.os_svcDelay))
<BR><BR>[Stack]<UL><LI>Max Depth = 40<LI>Call Chain = os_svcDelay &rArr; os_ThreadWaitEnter &rArr; os_ThreadSwitch &rArr; os_ThreadStackCheck
</UL>
<BR>[Calls]<UL><LI><a href="#[99]">&gt;&gt;</a>&nbsp;&nbsp;&nbsp;os_ThreadWaitEnter
</UL>
<BR>[Address Reference Count : 1]<UL><LI> rtx_delay.o(i.osDelay)
</UL>
<P><STRONG><a name="[38]"></a>os_svcKernelInitialize</STRONG> (Thumb, 660 bytes, Stack size 8 bytes, rtx_kernel.o(i.os_svcKernelInitialize))
<BR><BR>[Stack]<UL><LI>Max Depth = 100<LI>Call Chain = os_svcKernelInitialize &rArr; os_svcThreadNew &rArr; os_ThreadDispatch &rArr; os_ThreadReadyPut &rArr; os_ThreadListPut
</UL>
<BR>[Calls]<UL><LI><a href="#[3e]">&gt;&gt;</a>&nbsp;&nbsp;&nbsp;os_svcThreadNew
<LI><a href="#[a7]">&gt;&gt;</a>&nbsp;&nbsp;&nbsp;os_MemoryPoolInit
<LI><a href="#[a6]">&gt;&gt;</a>&nbsp;&nbsp;&nbsp;os_MemoryInit
<LI><a href="#[a5]">&gt;&gt;</a>&nbsp;&nbsp;&nbsp;__aeabi_memclr4
</UL>
<BR>[Called By]<UL><LI><a href="#[6b]">&gt;&gt;</a>&nbsp;&nbsp;&nbsp;osKernelInitialize
</UL>
<BR>[Address Reference Count : 1]<UL><LI> rtx_kernel.o(i.osKernelInitialize)
</UL>
<P><STRONG><a name="[39]"></a>os_svcKernelStart</STRONG> (Thumb, 140 bytes, Stack size 8 bytes, rtx_kernel.o(i.os_svcKernelStart))
<BR><BR>[Stack]<UL><LI>Max Depth = 24<LI>Call Chain = os_svcKernelStart &rArr; os_ThreadSwitch &rArr; os_ThreadStackCheck
</UL>
<BR>[Calls]<UL><LI><a href="#[90]">&gt;&gt;</a>&nbsp;&nbsp;&nbsp;os_ThreadSwitch
<LI><a href="#[a8]">&gt;&gt;</a>&nbsp;&nbsp;&nbsp;os_SysTimerSetup
<LI><a href="#[aa]">&gt;&gt;</a>&nbsp;&nbsp;&nbsp;os_SysTimerEnable
<LI><a href="#[a9]">&gt;&gt;</a>&nbsp;&nbsp;&nbsp;os_ExtTick_EnableIRQ
<LI><a href="#[71]">&gt;&gt;</a>&nbsp;&nbsp;&nbsp;__set_CONTROL
<LI><a href="#[85]">&gt;&gt;</a>&nbsp;&nbsp;&nbsp;os_ThreadListGet
</UL>
<BR>[Address Reference Count : 1]<UL><LI> rtx_kernel.o(i.osKernelStart)
</UL>
<P><STRONG><a name="[3a]"></a>os_svcMessageQueuePut</STRONG> (Thumb, 220 bytes, Stack size 40 bytes, rtx_msgqueue.o(i.os_svcMessageQueuePut))
<BR><BR>[Stack]<UL><LI>Max Depth = 100<LI>Call Chain = os_svcMessageQueuePut &rArr; os_ThreadWaitExit &rArr; os_ThreadDispatch &rArr; os_ThreadReadyPut &rArr; os_ThreadListPut
</UL>
<BR>[Calls]<UL><LI><a href="#[86]">&gt;&gt;</a>&nbsp;&nbsp;&nbsp;os_ThreadWaitExit
<LI><a href="#[97]">&gt;&gt;</a>&nbsp;&nbsp;&nbsp;os_ThreadListPut
<LI><a href="#[85]">&gt;&gt;</a>&nbsp;&nbsp;&nbsp;os_ThreadListGet
<LI><a href="#[7d]">&gt;&gt;</a>&nbsp;&nbsp;&nbsp;os_MemoryPoolAlloc
<LI><a href="#[99]">&gt;&gt;</a>&nbsp;&nbsp;&nbsp;os_ThreadWaitEnter
<LI><a href="#[9b]">&gt;&gt;</a>&nbsp;&nbsp;&nbsp;os_ThreadRegPtr
<LI><a href="#[82]">&gt;&gt;</a>&nbsp;&nbsp;&nbsp;os_MessageQueuePut
<LI><a href="#[a1]">&gt;&gt;</a>&nbsp;&nbsp;&nbsp;__aeabi_memcpy
</UL>
<BR>[Address Reference Count : 1]<UL><LI> rtx_msgqueue.o(i.osMessageQueuePut)
</UL>
<P><STRONG><a name="[3b]"></a>os_svcThreadExit</STRONG> (Thumb, 118 bytes, Stack size 16 bytes, rtx_thread.o(i.os_svcThreadExit))
<BR><BR>[Stack]<UL><LI>Max Depth = 92<LI>Call Chain = os_svcThreadExit &rArr; os_MutexOwnerRelease &rArr; os_ThreadWaitExit &rArr; os_ThreadDispatch &rArr; os_ThreadReadyPut &rArr; os_ThreadListPut
</UL>
<BR>[Calls]<UL><LI><a href="#[90]">&gt;&gt;</a>&nbsp;&nbsp;&nbsp;os_ThreadSwitch
<LI><a href="#[86]">&gt;&gt;</a>&nbsp;&nbsp;&nbsp;os_ThreadWaitExit
<LI><a href="#[85]">&gt;&gt;</a>&nbsp;&nbsp;&nbsp;os_ThreadListGet
<LI><a href="#[ab]">&gt;&gt;</a>&nbsp;&nbsp;&nbsp;os_ThreadSetRunning
<LI><a href="#[8e]">&gt;&gt;</a>&nbsp;&nbsp;&nbsp;os_ThreadGetRunning
<LI><a href="#[95]">&gt;&gt;</a>&nbsp;&nbsp;&nbsp;os_ThreadFree
<LI><a href="#[7c]">&gt;&gt;</a>&nbsp;&nbsp;&nbsp;os_KernelGetState
<LI><a href="#[84]">&gt;&gt;</a>&nbsp;&nbsp;&nbsp;os_MutexOwnerRelease
</UL>
<BR>[Address Reference Count : 1]<UL><LI> rtx_thread.o(i.osThreadExit)
</UL>
<P><STRONG><a name="[3c]"></a>os_svcThreadFlagsSet</STRONG> (Thumb, 122 bytes, Stack size 24 bytes, rtx_thread.o(i.os_svcThreadFlagsSet))
<BR><BR>[Stack]<UL><LI>Max Depth = 84<LI>Call Chain = os_svcThreadFlagsSet &rArr; os_ThreadWaitExit &rArr; os_ThreadDispatch &rArr; os_ThreadReadyPut &rArr; os_ThreadListPut
</UL>
<BR>[Calls]<UL><LI><a href="#[86]">&gt;&gt;</a>&nbsp;&nbsp;&nbsp;os_ThreadWaitExit
<LI><a href="#[7a]">&gt;&gt;</a>&nbsp;&nbsp;&nbsp;os_ThreadFlagsSet
<LI><a href="#[91]">&gt;&gt;</a>&nbsp;&nbsp;&nbsp;os_ThreadFlagsCheck
</UL>
<BR>[Address Reference Count : 1]<UL><LI> rtx_thread.o(i.osThreadFlagsSet)
</UL>
<P><STRONG><a name="[3d]"></a>os_svcThreadFlagsWait</STRONG> (Thumb, 88 bytes, Stack size 24 bytes, rtx_thread.o(i.os_svcThreadFlagsWait))
<BR><BR>[Stack]<UL><LI>Max Depth = 56<LI>Call Chain = os_svcThreadFlagsWait &rArr; os_ThreadWaitEnter &rArr; os_ThreadSwitch &rArr; os_ThreadStackCheck
</UL>
<BR>[Calls]<UL><LI><a href="#[99]">&gt;&gt;</a>&nbsp;&nbsp;&nbsp;os_ThreadWaitEnter
<LI><a href="#[8e]">&gt;&gt;</a>&nbsp;&nbsp;&nbsp;os_ThreadGetRunning
<LI><a href="#[91]">&gt;&gt;</a>&nbsp;&nbsp;&nbsp;os_ThreadFlagsCheck
</UL>
<BR>[Address Reference Count : 1]<UL><LI> rtx_thread.o(i.osThreadFlagsWait)
</UL>
<P><STRONG><a name="[3e]"></a>os_svcThreadNew</STRONG> (Thumb, 492 bytes, Stack size 56 bytes, rtx_thread.o(i.os_svcThreadNew))
<BR><BR>[Stack]<UL><LI>Max Depth = 92<LI>Call Chain = os_svcThreadNew &rArr; os_ThreadDispatch &rArr; os_ThreadReadyPut &rArr; os_ThreadListPut
</UL>
<BR>[Calls]<UL><LI><a href="#[88]">&gt;&gt;</a>&nbsp;&nbsp;&nbsp;os_ThreadDispatch
<LI><a href="#[80]">&gt;&gt;</a>&nbsp;&nbsp;&nbsp;os_MemoryPoolFree
<LI><a href="#[7d]">&gt;&gt;</a>&nbsp;&nbsp;&nbsp;os_MemoryPoolAlloc
<LI><a href="#[96]">&gt;&gt;</a>&nbsp;&nbsp;&nbsp;os_MemoryFree
<LI><a href="#[ac]">&gt;&gt;</a>&nbsp;&nbsp;&nbsp;os_MemoryAlloc
</UL>
<BR>[Called By]<UL><LI><a href="#[38]">&gt;&gt;</a>&nbsp;&nbsp;&nbsp;os_svcKernelInitialize
<LI><a href="#[60]">&gt;&gt;</a>&nbsp;&nbsp;&nbsp;osThreadNew
</UL>
<BR>[Address Reference Count : 1]<UL><LI> rtx_thread.o(i.osThreadNew)
</UL>
<P><STRONG><a name="[3f]"></a>os_svcThreadTerminate</STRONG> (Thumb, 200 bytes, Stack size 16 bytes, rtx_thread.o(i.os_svcThreadTerminate))
<BR><BR>[Stack]<UL><LI>Max Depth = 92<LI>Call Chain = os_svcThreadTerminate &rArr; os_MutexOwnerRelease &rArr; os_ThreadWaitExit &rArr; os_ThreadDispatch &rArr; os_ThreadReadyPut &rArr; os_ThreadListPut
</UL>
<BR>[Calls]<UL><LI><a href="#[90]">&gt;&gt;</a>&nbsp;&nbsp;&nbsp;os_ThreadSwitch
<LI><a href="#[86]">&gt;&gt;</a>&nbsp;&nbsp;&nbsp;os_ThreadWaitExit
<LI><a href="#[8c]">&gt;&gt;</a>&nbsp;&nbsp;&nbsp;os_ThreadListRemove
<LI><a href="#[85]">&gt;&gt;</a>&nbsp;&nbsp;&nbsp;os_ThreadListGet
<LI><a href="#[88]">&gt;&gt;</a>&nbsp;&nbsp;&nbsp;os_ThreadDispatch
<LI><a href="#[ab]">&gt;&gt;</a>&nbsp;&nbsp;&nbsp;os_ThreadSetRunning
<LI><a href="#[95]">&gt;&gt;</a>&nbsp;&nbsp;&nbsp;os_ThreadFree
<LI><a href="#[7c]">&gt;&gt;</a>&nbsp;&nbsp;&nbsp;os_KernelGetState
<LI><a href="#[84]">&gt;&gt;</a>&nbsp;&nbsp;&nbsp;os_MutexOwnerRelease
<LI><a href="#[9c]">&gt;&gt;</a>&nbsp;&nbsp;&nbsp;os_ThreadDelayRemove
</UL>
<BR>[Address Reference Count : 1]<UL><LI> rtx_thread.o(i.osThreadTerminate)
</UL><P>
<H3>
Local Symbols
</H3>
<P><STRONG><a name="[6f]"></a>__get_BASEPRI</STRONG> (Thumb, 6 bytes, Stack size 0 bytes, rtx_kernel.o(i.__get_BASEPRI))
<BR><BR>[Called By]<UL><LI><a href="#[6c]">&gt;&gt;</a>&nbsp;&nbsp;&nbsp;osKernelStart
<LI><a href="#[6b]">&gt;&gt;</a>&nbsp;&nbsp;&nbsp;osKernelInitialize
</UL>

<P><STRONG><a name="[70]"></a>__get_CONTROL</STRONG> (Thumb, 6 bytes, Stack size 0 bytes, rtx_kernel.o(i.__get_CONTROL))
<BR><BR>[Called By]<UL><LI><a href="#[6c]">&gt;&gt;</a>&nbsp;&nbsp;&nbsp;osKernelStart
<LI><a href="#[6b]">&gt;&gt;</a>&nbsp;&nbsp;&nbsp;osKernelInitialize
</UL>

<P><STRONG><a name="[6d]"></a>__get_IPSR</STRONG> (Thumb, 6 bytes, Stack size 0 bytes, rtx_kernel.o(i.__get_IPSR))
<BR><BR>[Called By]<UL><LI><a href="#[6c]">&gt;&gt;</a>&nbsp;&nbsp;&nbsp;osKernelStart
<LI><a href="#[6b]">&gt;&gt;</a>&nbsp;&nbsp;&nbsp;osKernelInitialize
</UL>

<P><STRONG><a name="[6e]"></a>__get_PRIMASK</STRONG> (Thumb, 6 bytes, Stack size 0 bytes, rtx_kernel.o(i.__get_PRIMASK))
<BR><BR>[Called By]<UL><LI><a href="#[6c]">&gt;&gt;</a>&nbsp;&nbsp;&nbsp;osKernelStart
<LI><a href="#[6b]">&gt;&gt;</a>&nbsp;&nbsp;&nbsp;osKernelInitialize
</UL>

<P><STRONG><a name="[71]"></a>__set_CONTROL</STRONG> (Thumb, 6 bytes, Stack size 0 bytes, rtx_kernel.o(i.__set_CONTROL))
<BR><BR>[Called By]<UL><LI><a href="#[39]">&gt;&gt;</a>&nbsp;&nbsp;&nbsp;os_svcKernelStart
<LI><a href="#[6c]">&gt;&gt;</a>&nbsp;&nbsp;&nbsp;osKernelStart
</UL>

<P><STRONG><a name="[a9]"></a>os_ExtTick_EnableIRQ</STRONG> (Thumb, 22 bytes, Stack size 0 bytes, rtx_kernel.o(i.os_ExtTick_EnableIRQ))
<BR><BR>[Called By]<UL><LI><a href="#[39]">&gt;&gt;</a>&nbsp;&nbsp;&nbsp;os_svcKernelStart
</UL>

<P><STRONG><a name="[75]"></a>__get_BASEPRI</STRONG> (Thumb, 6 bytes, Stack size 0 bytes, rtx_msgqueue.o(i.__get_BASEPRI))
<BR><BR>[Called By]<UL><LI><a href="#[72]">&gt;&gt;</a>&nbsp;&nbsp;&nbsp;osMessageQueuePut
</UL>

<P><STRONG><a name="[73]"></a>__get_IPSR</STRONG> (Thumb, 6 bytes, Stack size 0 bytes, rtx_msgqueue.o(i.__get_IPSR))
<BR><BR>[Called By]<UL><LI><a href="#[72]">&gt;&gt;</a>&nbsp;&nbsp;&nbsp;osMessageQueuePut
</UL>

<P><STRONG><a name="[74]"></a>__get_PRIMASK</STRONG> (Thumb, 6 bytes, Stack size 0 bytes, rtx_msgqueue.o(i.__get_PRIMASK))
<BR><BR>[Called By]<UL><LI><a href="#[72]">&gt;&gt;</a>&nbsp;&nbsp;&nbsp;osMessageQueuePut
</UL>

<P><STRONG><a name="[82]"></a>os_MessageQueuePut</STRONG> (Thumb, 76 bytes, Stack size 24 bytes, rtx_msgqueue.o(i.os_MessageQueuePut))
<BR><BR>[Stack]<UL><LI>Max Depth = 24<LI>Call Chain = os_MessageQueuePut
</UL>
<BR>[Calls]<UL><LI><a href="#[83]">&gt;&gt;</a>&nbsp;&nbsp;&nbsp;__asm___14_rtx_msgqueue_c_0d3a3b3e__os_exc_inc32
</UL>
<BR>[Called By]<UL><LI><a href="#[3a]">&gt;&gt;</a>&nbsp;&nbsp;&nbsp;os_svcMessageQueuePut
</UL>

<P><STRONG><a name="[76]"></a>os_isrMessageQueuePut</STRONG> (Thumb, 126 bytes, Stack size 32 bytes, rtx_msgqueue.o(i.os_isrMessageQueuePut))
<BR><BR>[Stack]<UL><LI>Max Depth = 64<LI>Call Chain = os_isrMessageQueuePut &rArr; os_PostProcess &rArr; os_isr_queue_put
</UL>
<BR>[Calls]<UL><LI><a href="#[7b]">&gt;&gt;</a>&nbsp;&nbsp;&nbsp;os_PostProcess
<LI><a href="#[7d]">&gt;&gt;</a>&nbsp;&nbsp;&nbsp;os_MemoryPoolAlloc
<LI><a href="#[a1]">&gt;&gt;</a>&nbsp;&nbsp;&nbsp;__aeabi_memcpy
</UL>
<BR>[Called By]<UL><LI><a href="#[72]">&gt;&gt;</a>&nbsp;&nbsp;&nbsp;osMessageQueuePut
</UL>

<P><STRONG><a name="[87]"></a>os_isr_queue_get</STRONG> (Thumb, 44 bytes, Stack size 16 bytes, rtx_system.o(i.os_isr_queue_get))
<BR><BR>[Stack]<UL><LI>Max Depth = 16<LI>Call Chain = os_isr_queue_get
</UL>
<BR>[Calls]<UL><LI><a href="#[a2]">&gt;&gt;</a>&nbsp;&nbsp;&nbsp;__asm___12_rtx_system_c_c4d38ac2__os_exc_dec16_nz
<LI><a href="#[a3]">&gt;&gt;</a>&nbsp;&nbsp;&nbsp;__asm___12_rtx_system_c_c4d38ac2__os_exc_inc16_lim
</UL>
<BR>[Called By]<UL><LI><a href="#[54]">&gt;&gt;</a>&nbsp;&nbsp;&nbsp;os_PendSV_Handler
</UL>

<P><STRONG><a name="[89]"></a>os_isr_queue_put</STRONG> (Thumb, 56 bytes, Stack size 24 bytes, rtx_system.o(i.os_isr_queue_put))
<BR><BR>[Stack]<UL><LI>Max Depth = 24<LI>Call Chain = os_isr_queue_put
</UL>
<BR>[Calls]<UL><LI><a href="#[a3]">&gt;&gt;</a>&nbsp;&nbsp;&nbsp;__asm___12_rtx_system_c_c4d38ac2__os_exc_inc16_lim
<LI><a href="#[a4]">&gt;&gt;</a>&nbsp;&nbsp;&nbsp;__asm___12_rtx_system_c_c4d38ac2__os_exc_inc16_lt
</UL>
<BR>[Called By]<UL><LI><a href="#[7b]">&gt;&gt;</a>&nbsp;&nbsp;&nbsp;os_PostProcess
</UL>

<P><STRONG><a name="[79]"></a>__get_BASEPRI</STRONG> (Thumb, 6 bytes, Stack size 0 bytes, rtx_thread.o(i.__get_BASEPRI))
<BR><BR>[Called By]<UL><LI><a href="#[6a]">&gt;&gt;</a>&nbsp;&nbsp;&nbsp;osThreadTerminate
<LI><a href="#[60]">&gt;&gt;</a>&nbsp;&nbsp;&nbsp;osThreadNew
<LI><a href="#[66]">&gt;&gt;</a>&nbsp;&nbsp;&nbsp;osThreadFlagsWait
<LI><a href="#[69]">&gt;&gt;</a>&nbsp;&nbsp;&nbsp;osThreadFlagsSet
</UL>

<P><STRONG><a name="[77]"></a>__get_IPSR</STRONG> (Thumb, 6 bytes, Stack size 0 bytes, rtx_thread.o(i.__get_IPSR))
<BR><BR>[Called By]<UL><LI><a href="#[6a]">&gt;&gt;</a>&nbsp;&nbsp;&nbsp;osThreadTerminate
<LI><a href="#[60]">&gt;&gt;</a>&nbsp;&nbsp;&nbsp;osThreadNew
<LI><a href="#[66]">&gt;&gt;</a>&nbsp;&nbsp;&nbsp;osThreadFlagsWait
<LI><a href="#[69]">&gt;&gt;</a>&nbsp;&nbsp;&nbsp;osThreadFlagsSet
</UL>

<P><STRONG><a name="[78]"></a>__get_PRIMASK</STRONG> (Thumb, 6 bytes, Stack size 0 bytes, rtx_thread.o(i.__get_PRIMASK))
<BR><BR>[Called By]<UL><LI><a href="#[6a]">&gt;&gt;</a>&nbsp;&nbsp;&nbsp;osThreadTerminate
<LI><a href="#[60]">&gt;&gt;</a>&nbsp;&nbsp;&nbsp;osThreadNew
<LI><a href="#[66]">&gt;&gt;</a>&nbsp;&nbsp;&nbsp;osThreadFlagsWait
<LI><a href="#[69]">&gt;&gt;</a>&nbsp;&nbsp;&nbsp;osThreadFlagsSet
</UL>

<P><STRONG><a name="[7c]"></a>os_KernelGetState</STRONG> (Thumb, 6 bytes, Stack size 0 bytes, rtx_thread.o(i.os_KernelGetState))
<BR><BR>[Called By]<UL><LI><a href="#[88]">&gt;&gt;</a>&nbsp;&nbsp;&nbsp;os_ThreadDispatch
<LI><a href="#[99]">&gt;&gt;</a>&nbsp;&nbsp;&nbsp;os_ThreadWaitEnter
<LI><a href="#[60]">&gt;&gt;</a>&nbsp;&nbsp;&nbsp;osThreadNew
<LI><a href="#[3f]">&gt;&gt;</a>&nbsp;&nbsp;&nbsp;os_svcThreadTerminate
<LI><a href="#[3b]">&gt;&gt;</a>&nbsp;&nbsp;&nbsp;os_svcThreadExit
</UL>

<P><STRONG><a name="[91]"></a>os_ThreadFlagsCheck</STRONG> (Thumb, 86 bytes, Stack size 24 bytes, rtx_thread.o(i.os_ThreadFlagsCheck))
<BR><BR>[Stack]<UL><LI>Max Depth = 24<LI>Call Chain = os_ThreadFlagsCheck
</UL>
<BR>[Calls]<UL><LI><a href="#[93]">&gt;&gt;</a>&nbsp;&nbsp;&nbsp;__asm___12_rtx_thread_c_cb19cc8a__os_exc_chk32_any
<LI><a href="#[92]">&gt;&gt;</a>&nbsp;&nbsp;&nbsp;__asm___12_rtx_thread_c_cb19cc8a__os_exc_chk32_all
</UL>
<BR>[Called By]<UL><LI><a href="#[3d]">&gt;&gt;</a>&nbsp;&nbsp;&nbsp;os_svcThreadFlagsWait
<LI><a href="#[3c]">&gt;&gt;</a>&nbsp;&nbsp;&nbsp;os_svcThreadFlagsSet
<LI><a href="#[42]">&gt;&gt;</a>&nbsp;&nbsp;&nbsp;os_ThreadPostProcess
</UL>

<P><STRONG><a name="[7a]"></a>os_ThreadFlagsSet</STRONG> (Thumb, 22 bytes, Stack size 16 bytes, rtx_thread.o(i.os_ThreadFlagsSet))
<BR><BR>[Stack]<UL><LI>Max Depth = 16<LI>Call Chain = os_ThreadFlagsSet
</UL>
<BR>[Calls]<UL><LI><a href="#[94]">&gt;&gt;</a>&nbsp;&nbsp;&nbsp;__asm___12_rtx_thread_c_cb19cc8a__os_exc_set32
</UL>
<BR>[Called By]<UL><LI><a href="#[69]">&gt;&gt;</a>&nbsp;&nbsp;&nbsp;osThreadFlagsSet
<LI><a href="#[3c]">&gt;&gt;</a>&nbsp;&nbsp;&nbsp;os_svcThreadFlagsSet
</UL>

<P><STRONG><a name="[95]"></a>os_ThreadFree</STRONG> (Thumb, 92 bytes, Stack size 8 bytes, rtx_thread.o(i.os_ThreadFree))
<BR><BR>[Stack]<UL><LI>Max Depth = 24<LI>Call Chain = os_ThreadFree &rArr; os_MemoryPoolFree
</UL>
<BR>[Calls]<UL><LI><a href="#[80]">&gt;&gt;</a>&nbsp;&nbsp;&nbsp;os_MemoryPoolFree
<LI><a href="#[96]">&gt;&gt;</a>&nbsp;&nbsp;&nbsp;os_MemoryFree
</UL>
<BR>[Called By]<UL><LI><a href="#[3f]">&gt;&gt;</a>&nbsp;&nbsp;&nbsp;os_svcThreadTerminate
<LI><a href="#[3b]">&gt;&gt;</a>&nbsp;&nbsp;&nbsp;os_svcThreadExit
</UL>

<P><STRONG><a name="[8e]"></a>os_ThreadGetRunning</STRONG> (Thumb, 6 bytes, Stack size 0 bytes, rtx_thread.o(i.os_ThreadGetRunning))
<BR><BR>[Called By]<UL><LI><a href="#[88]">&gt;&gt;</a>&nbsp;&nbsp;&nbsp;os_ThreadDispatch
<LI><a href="#[99]">&gt;&gt;</a>&nbsp;&nbsp;&nbsp;os_ThreadWaitEnter
<LI><a href="#[98]">&gt;&gt;</a>&nbsp;&nbsp;&nbsp;os_ThreadStackCheck
<LI><a href="#[3d]">&gt;&gt;</a>&nbsp;&nbsp;&nbsp;os_svcThreadFlagsWait
<LI><a href="#[3b]">&gt;&gt;</a>&nbsp;&nbsp;&nbsp;os_svcThreadExit
</UL>

<P><STRONG><a name="[ab]"></a>os_ThreadSetRunning</STRONG> (Thumb, 6 bytes, Stack size 0 bytes, rtx_thread.o(i.os_ThreadSetRunning))
<BR><BR>[Called By]<UL><LI><a href="#[3f]">&gt;&gt;</a>&nbsp;&nbsp;&nbsp;os_svcThreadTerminate
<LI><a href="#[3b]">&gt;&gt;</a>&nbsp;&nbsp;&nbsp;os_svcThreadExit
</UL>

<P><STRONG><a name="[a0]"></a>os_TimerInsert</STRONG> (Thumb, 58 bytes, Stack size 12 bytes, rtx_timer.o(i.os_TimerInsert))
<BR><BR>[Stack]<UL><LI>Max Depth = 12<LI>Call Chain = os_TimerInsert
</UL>
<BR>[Called By]<UL><LI><a href="#[9e]">&gt;&gt;</a>&nbsp;&nbsp;&nbsp;os_TimerTick
</UL>

<P><STRONG><a name="[9f]"></a>os_TimerUnlink</STRONG> (Thumb, 18 bytes, Stack size 0 bytes, rtx_timer.o(i.os_TimerUnlink))
<BR><BR>[Called By]<UL><LI><a href="#[9e]">&gt;&gt;</a>&nbsp;&nbsp;&nbsp;os_TimerTick
</UL>
<P>
<H3>
Undefined Global Symbols
</H3><HR></body></html>
