<html>
<body>
<pre>
<h1>µVision Build Log</h1>
<h2>Tool Versions:</h2>
IDE-Version: µVision V5.24.2.0
Copyright (C) 2017 ARM Ltd and ARM Germany GmbH. All rights reserved.
License Information: A L, S, LIC=2TTHL-00H4N-BWD2G-V1PID-UZXP3-FVWM1
 
Tool Versions:
Toolchain:       MDK-ARM Professional  Version: 5.24.1
Toolchain Path:  C:\Keil_v5\ARM\ARMCC\Bin
C Compiler:      Armcc.exe V5.06 update 5 (build 528)
Assembler:       Armasm.exe V5.06 update 5 (build 528)
Linker/Locator:  ArmLink.exe V5.06 update 5 (build 528)
Library Manager: ArmAr.exe V5.06 update 5 (build 528)
Hex Converter:   FromElf.exe V5.06 update 5 (build 528)
CPU DLL:         SARMCM3.DLL V5.24.1
Dialog DLL:      DARMP1.DLL V1.27.0.0
Target DLL:      UL2CM3.DLL V1.160.3.0
Dialog DLL:      TARMP1.DLL V1.26.0.0
 
<h2>Project:</h2>
C:\Users\Aleksandar\Documents\Keil Projects\lpc1768\uart_v0_3\das_v0_1.uvprojx
Project File Date:  12/14/2018

<h2>Output:</h2>
*** Using Compiler 'V5.06 update 5 (build 528)', folder: 'C:\Keil_v5\ARM\ARMCC\Bin'
Rebuild target 'Target 1'
compiling main.c...
.\Drivers\Led4.h(24): warning:  #1-D: last line of file ends without a newline
  #endif
main.c: 1 warning, 0 errors
compiling Led4.c...
Drivers\led4.h(24): warning:  #1-D: last line of file ends without a newline
  #endif
Drivers\Led4.c(48): warning:  #1-D: last line of file ends without a newline
  	
Drivers\Led4.c: 2 warnings, 0 errors
compiling gpio_driver.c...
assembling startup_LPC17xx.s...
compiling system_LPC17xx.c...
compiling lpc1768_uart.c...
Drivers\Led4.h(24): warning:  #1-D: last line of file ends without a newline
  #endif
Drivers\lpc1768_uart.c(223): warning:  #63-D: shift count is too large
  		| (1<<
BIT_DLAB); // Word Length, Stop Bit and Parity Settings, leave divisor latch
Drivers\lpc1768_uart.c(40): warning:  #177-D: function "UART_Power_Disable"  was declared but never referenced
  static void UART_Power_Disable(UART_Init_s *init_handle)
Drivers\lpc1768_uart.c: 3 warnings, 0 errors
linking...
Program Size: Code=3096 RO-data=236 RW-data=16 ZI-data=656  
After Build - User command #2: fromelf --bin -o E:\das_v0_1.bin .\Objects\das_v0_1.axf
".\Objects\das_v0_1.axf" - 0 Error(s), 6 Warning(s).

<h2>Software Packages used:</h2>

Package Vendor: ARM
                http://www.keil.com/pack/ARM.CMSIS.5.4.0.pack
                ARM.CMSIS.5.4.0
                CMSIS (Cortex Microcontroller Software Interface Standard)
   * Component: CORE Version: 5.1.2

Package Vendor: Keil
                http://www.keil.com/pack/Keil.LPC1700_DFP.2.5.0.pack
                Keil.LPC1700_DFP.2.5.0
                NXP LPC1700 Series Device Support, Drivers and Examples for MCB1700 and LPC1788-32
   * Component: Startup Version: 1.0.0

<h2>Collection of Component include folders:</h2>
  .\RTE\Device\LPC1768
  .\RTE\_Target_1
  C:\Keil_v5\ARM\PACK\ARM\CMSIS\5.4.0\CMSIS\Core\Include
  C:\Keil_v5\ARM\PACK\Keil\LPC1700_DFP\2.5.0\Device\Include

<h2>Collection of Component Files used:</h2>

   * Component: Keil::Device:Startup:1.0.0
      Include file:  Device\Include\LPC17xx.h
      Source file:   Device\Source\ARM\startup_LPC17xx.s
      Source file:   Device\Source\system_LPC17xx.c
      Include file:  RTE_Driver\Config\RTE_Device.h

   * Component: ARM::CMSIS:CORE:5.1.2
Build Time Elapsed:  00:00:01
</pre>
</body>
</html>
